data/sales_data.csv
Retailer,Category,Segment,Sub-Segment,Brand,KNAC-14,Units,Volume,Value,Date,year,SKU,pred_flag,R2,MAPE,Unit Price,Vol Price
Walmart,Chocolate,TABLET,FILLED,Milka,7622210038690,4285,428.5,6909.383711999999,2020-08-31,2020,Chocolate Milka Blanco 22x100 grs,0,68.80701754385964,15.596491228070178,1.612458275845974,16.12458275845974
Walmart,Chocolate,TABLET,FILLED,Milka,7622210038690,5245,524.5,8470.287671999999,2020-09-07,2020,Chocolate Milka Blanco 22x100 grs,0,68.80701754385964,15.596491228070178,1.6149261529075307,16.149261529075307
Walmart,Chocolate,TABLET,FILLED,Milka,7622210038690,3910,391.0,6326.424132,2020-09-14,2020,Chocolate Milka Blanco 22x100 grs,0,68.80701754385964,15.596491228070178,1.6180112869565217,16.180112869565217
Walmart,Chocolate,TABLET,FILLED,Milka,7622210038690,5311,531.1,8508.282468,2020-09-21,2020,Chocolate Milka Blanco 22x100 grs,0,68.80701754385964,15.596491228070178,1.6020113854264733,16.020113854264732
Walmart,Chocolate,TABLET,FILLED,Milka,7622210038690,3918,391.8,6196.8002879999995,2020-09-28,2020,Chocolate Milka Blanco 22x100 grs,0,68.80701754385964,15.596491228070178,1.581623350689127,15.816233506891269
Walmart,Chocolate,TABLET,FILLED,Milka,7622210038690,2204,220.4,3524.5453319999997,2020-10-05,2020,Chocolate Milka Blanco 22x100 grs,0,68.80701754385964,15.596491228070178,1.599158499092559,15.991584990925588
Walmart,Chocolate,TABLET,FILLED,Milka,7622210038690,1717,171.7,2211.2123039999997,2020-10-12,2020,Chocolate Milka Blanco 22x100 grs,0,68.80701754385964,15.596491228070178,1.2878347722772274,12.878347722772276
Walmart,Chocolate,TABLET,FILLED,Milka,7622210038690,3429,342.9,4288.302564,2020-10-19,2020,Chocolate Milka Blanco 22x100 grs,0,68.80701754385964,15.596491228070178,1.2505985896762903,12.505985896762905
Walmart,Chocolate,TABLET,FILLED,Milka,7622210038690,6918,691.8,8696.454312,2020-10-26,2020,Chocolate Milka Blanco 22x100 grs,0,68.80701754385964,15.596491228070178,1.25707636773634,12.5707636773634
Walmart,Chocolate,TABLET,FILLED,Milka,7622210038690,8823,882.3,11831.672579999999,2020-11-02,2020,Chocolate Milka Blanco 22x100 grs,0,68.80701754385964,15.596491228070178,1.341003352601156,13.41003352601156
Walmart,Chocolate,TABLET,FILLED,Milka,7622210038690,6475,647.5,8239.575707999998,2020-11-09,2020,Chocolate Milka Blanco 22x100 grs,0,68.80701754385964,15.596491228070178,1.2725213448648647,12.725213448648645
Walmart,Chocolate,TABLET,FILLED,Milka,7622210038690,7788,778.8,9689.448384,2020-11-16,2020,Chocolate Milka Blanco 22x100 grs,0,68.80701754385964,15.596491228070178,1.2441510508474576,12.441510508474575
Walmart,Chocolate,TABLET,FILLED,Milka,7622210038690,6600,660.0,8065.058399999999,2020-11-23,2020,Chocolate Milka Blanco 22x100 grs,0,68.80701754385964,15.596491228070178,1.2219785454545453,12.219785454545454
Walmart,Chocolate,TABLET,FILLED,Milka,7622210038690,5291,529.1,6536.714267999999,2020-11-30,2020,Chocolate Milka Blanco 22x100 grs,0,68.80701754385964,15.596491228070178,1.235440232092232,12.354402320922318
Walmart,Chocolate,TABLET,FILLED,Milka,7622210038690,3545,354.5,4425.98604,2020-12-07,2020,Chocolate Milka Blanco 22x100 grs,0,68.80701754385964,15.596491228070178,1.2485151029619181,12.485151029619182
Walmart,Chocolate,TABLET,FILLED,Milka,7622210038690,2678,267.8,3357.3351,2020-12-14,2020,Chocolate Milka Blanco 22x100 grs,0,68.80701754385964,15.596491228070178,1.253672554144884,12.536725541448842
Walmart,Chocolate,TABLET,FILLED,Milka,7622210038690,5111,511.1,6293.134596,2020-12-21,2020,Chocolate Milka Blanco 22x100 grs,0,68.80701754385964,15.596491228070178,1.23129223165721,12.312922316572099
Walmart,Chocolate,TABLET,FILLED,Milka,7622210038690,6306,630.6,7836.228539999999,2020-12-28,2020,Chocolate Milka Blanco 22x100 grs,0,68.80701754385964,15.596491228070178,1.2426623120837297,12.426623120837297
Walmart,Chocolate,TABLET,FILLED,Milka,7622210038690,4616,461.6,7106.833271999999,2021-01-04,2021,Chocolate Milka Blanco 22x100 grs,1,68.80701754385964,15.596491228070178,1.5396085944540725,15.396085944540724
Walmart,Chocolate,TABLET,FILLED,Milka,7622210038690,4182,418.2,6758.454107999999,2021-01-11,2021,Chocolate Milka Blanco 22x100 grs,1,68.80701754385964,15.596491228070178,1.6160818048780485,16.160818048780484
Walmart,Chocolate,TABLET,FILLED,Milka,7622210038690,4144,414.4,6800.205971999999,2021-01-18,2021,Chocolate Milka Blanco 22x100 grs,1,68.80701754385964,15.596491228070178,1.6409763445945944,16.409763445945945
Walmart,Chocolate,TABLET,FILLED,Milka,7622210038690,9191,919.1,12247.557588,2021-01-25,2021,Chocolate Milka Blanco 22x100 grs,1,68.80701754385964,15.596491228070178,1.332559850723534,13.325598507235338
Walmart,Chocolate,TABLET,FILLED,Milka,7622210038690,11200,1120.0,13878.299315999999,2021-02-01,2021,Chocolate Milka Blanco 22x100 grs,1,68.80701754385964,15.596491228070178,1.2391338674999999,12.391338674999998
Walmart,Chocolate,TABLET,FILLED,Milka,7622210038690,12235,1223.5,15133.331387999999,2021-02-08,2021,Chocolate Milka Blanco 22x100 grs,1,68.80701754385964,15.596491228070178,1.2368885482631793,12.368885482631793
Walmart,Chocolate,TABLET,FILLED,Milka,7622210038690,7500,750.0,9293.656764,2021-02-15,2021,Chocolate Milka Blanco 22x100 grs,1,68.80701754385964,15.596491228070178,1.2391542352,12.391542351999998
Walmart,Chocolate,TABLET,FILLED,Milka,7622210038690,8027,802.7,9861.706596,2021-02-22,2021,Chocolate Milka Blanco 22x100 grs,1,68.80701754385964,15.596491228070178,1.228566911174785,12.28566911174785
Walmart,Chocolate,TABLET,FILLED,Milka,7622210038690,7804,780.4,9580.934663999999,2021-03-01,2021,Chocolate Milka Blanco 22x100 grs,1,68.80701754385964,15.596491228070178,1.2276953695540747,12.276953695540747
Walmart,Chocolate,TABLET,FILLED,Milka,7622210038690,3201,320.1,3929.744616,2021-03-08,2021,Chocolate Milka Blanco 22x100 grs,1,68.80701754385964,15.596491228070178,1.2276615482661668,12.276615482661667
Walmart,Chocolate,TABLET,FILLED,Milka,76222108233700,4688,468.8,6839.593067999999,2019-01-07,2019,Chocolate Milka Oreo 22x100 grs,0,71.0,14.5,1.4589575656996585,14.589575656996585
Walmart,Chocolate,TABLET,FILLED,Milka,76222108233700,4419,441.9,6457.538807999999,2019-01-14,2019,Chocolate Milka Oreo 22x100 grs,0,71.0,14.5,1.4613122443991853,14.613122443991852
Walmart,Chocolate,TABLET,FILLED,Milka,76222108233700,3859,385.9,5644.644096,2019-01-21,2019,Chocolate Milka Oreo 22x100 grs,0,71.0,14.5,1.462721973568282,14.62721973568282
Walmart,Chocolate,TABLET,FILLED,Milka,76222108233700,4350,435.0,6364.376088,2019-01-28,2019,Chocolate Milka Oreo 22x100 grs,0,71.0,14.5,1.4630749627586206,14.630749627586207
Walmart,Chocolate,TABLET,FILLED,Milka,76222108233700,4442,444.2,6454.325808,2019-02-04,2019,Chocolate Milka Oreo 22x100 grs,0,71.0,14.5,1.453022469158037,14.530224691580369
Walmart,Chocolate,TABLET,FILLED,Milka,76222108233700,5185,518.5,7539.4544399999995,2019-02-11,2019,Chocolate Milka Oreo 22x100 grs,0,71.0,14.5,1.4540895737704918,14.540895737704917
Walmart,Chocolate,TABLET,FILLED,Milka,76222108233700,6769,676.9,8431.703112,2019-02-18,2019,Chocolate Milka Oreo 22x100 grs,0,71.0,14.5,1.245634970010341,12.456349700103411
Walmart,Chocolate,TABLET,FILLED,Milka,76222108233700,8690,869.0,10420.070303999999,2019-02-25,2019,Chocolate Milka Oreo 22x100 grs,0,71.0,14.5,1.1990874918296892,11.990874918296893
Walmart,Chocolate,TABLET,FILLED,Milka,76222108233700,9122,912.2,10929.763487999999,2019-03-04,2019,Chocolate Milka Oreo 22x100 grs,0,71.0,14.5,1.1981762210041655,11.981762210041655
Walmart,Chocolate,TABLET,FILLED,Milka,76222108233700,8402,840.2,10071.839652,2019-03-11,2019,Chocolate Milka Oreo 22x100 grs,0,71.0,14.5,1.1987431149726255,11.987431149726255
Walmart,Chocolate,TABLET,FILLED,Milka,76222108233700,7960,796.0,9540.269508,2019-03-18,2019,Chocolate Milka Oreo 22x100 grs,0,71.0,14.5,1.1985263201005025,11.985263201005024
Walmart,Chocolate,TABLET,FILLED,Milka,76222108233700,5151,515.1,6909.096684,2019-03-25,2019,Chocolate Milka Oreo 22x100 grs,0,71.0,14.5,1.3413117227722773,13.413117227722772
Walmart,Chocolate,TABLET,FILLED,Milka,76222108233700,4803,480.3,7025.241636,2019-04-01,2019,Chocolate Milka Oreo 22x100 grs,0,71.0,14.5,1.4626778338538413,14.626778338538413
Walmart,Chocolate,TABLET,FILLED,Milka,76222108233700,4065,406.5,5945.470859999999,2019-04-08,2019,Chocolate Milka Oreo 22x100 grs,0,71.0,14.5,1.4626004575645755,14.626004575645755
Walmart,Chocolate,TABLET,FILLED,Milka,76222108233700,4402,440.2,6440.5484639999995,2019-04-15,2019,Chocolate Milka Oreo 22x100 grs,0,71.0,14.5,1.463095970922308,14.63095970922308
Walmart,Chocolate,TABLET,FILLED,Milka,76222108233700,6249,624.9,8019.466643999999,2019-04-22,2019,Chocolate Milka Oreo 22x100 grs,0,71.0,14.5,1.283319994239078,12.833199942390781
Walmart,Chocolate,TABLET,FILLED,Milka,76222108233700,7960,796.0,10229.39946,2019-04-29,2019,Chocolate Milka Oreo 22x100 grs,0,71.0,14.5,1.285100434673367,12.851004346733669
Walmart,Chocolate,TABLET,FILLED,Milka,76222108233700,8486,848.6,10815.053676,2019-05-06,2019,Chocolate Milka Oreo 22x100 grs,0,71.0,14.5,1.2744583638934714,12.744583638934715
Walmart,Chocolate,TABLET,FILLED,Milka,76222108233700,8055,805.5,10341.703092,2019-05-13,2019,Chocolate Milka Oreo 22x100 grs,0,71.0,14.5,1.2838861690875232,12.838861690875232
Walmart,Chocolate,TABLET,FILLED,Milka,76222108233700,6852,685.2,9409.526112,2019-05-20,2019,Chocolate Milka Oreo 22x100 grs,0,71.0,14.5,1.3732524973730298,13.732524973730296
Walmart,Chocolate,TABLET,FILLED,Milka,76222108233700,6331,633.1,9263.790143999999,2019-05-27,2019,Chocolate Milka Oreo 22x100 grs,0,71.0,14.5,1.463242796398673,14.632427963986729
Walmart,Chocolate,TABLET,FILLED,Milka,76222108233700,5729,572.9,8381.870196,2019-06-03,2019,Chocolate Milka Oreo 22x100 grs,0,71.0,14.5,1.4630599050445103,14.630599050445104
Walmart,Chocolate,TABLET,FILLED,Milka,76222108233700,6166,616.6,9022.085436,2019-06-10,2019,Chocolate Milka Oreo 22x100 grs,0,71.0,14.5,1.4631990651962374,14.631990651962372
Walmart,Chocolate,TABLET,FILLED,Milka,76222108233700,10246,1024.6,12668.42346,2019-06-17,2019,Chocolate Milka Oreo 22x100 grs,0,71.0,14.5,1.236426260003904,12.36426260003904
Walmart,Chocolate,TABLET,FILLED,Milka,76222108233700,14968,1496.8,17585.847132,2019-06-24,2019,Chocolate Milka Oreo 22x100 grs,0,71.0,14.5,1.17489625414217,11.7489625414217
Walmart,Chocolate,TABLET,FILLED,Milka,76222108233700,13433,1343.3,15780.783731999998,2019-07-01,2019,Chocolate Milka Oreo 22x100 grs,0,71.0,14.5,1.1747773194372066,11.747773194372067
Walmart,Chocolate,TABLET,FILLED,Milka,76222108233700,9284,928.4,10902.163104,2019-07-08,2019,Chocolate Milka Oreo 22x100 grs,0,71.0,14.5,1.1742958965962946,11.742958965962947
Walmart,Chocolate,TABLET,FILLED,Milka,76222108233700,14646,1464.6,16914.561468,2019-07-15,2019,Chocolate Milka Oreo 22x100 grs,0,71.0,14.5,1.1548929037279803,11.548929037279803
Walmart,Chocolate,TABLET,FILLED,Milka,76222108233700,17244,1724.4,19977.714288,2019-07-22,2019,Chocolate Milka Oreo 22x100 grs,0,71.0,14.5,1.158531331941545,11.585313319415448
Walmart,Chocolate,TABLET,FILLED,Milka,76222108233700,17782,1778.2,20774.524007999997,2019-07-29,2019,Chocolate Milka Oreo 22x100 grs,0,71.0,14.5,1.1682895066921604,11.682895066921605
Walmart,Chocolate,TABLET,FILLED,Milka,76222108233700,18857,1885.7,21898.982615999998,2019-08-05,2019,Chocolate Milka Oreo 22x100 grs,0,71.0,14.5,1.1613184820491063,11.613184820491062
Walmart,Chocolate,TABLET,FILLED,Milka,76222108233700,11448,1144.8,13654.31466,2019-08-12,2019,Chocolate Milka Oreo 22x100 grs,0,71.0,14.5,1.1927249004192872,11.927249004192873
Walmart,Chocolate,TABLET,FILLED,Milka,76222108233700,8127,812.7,10643.408076,2019-08-19,2019,Chocolate Milka Oreo 22x100 grs,0,71.0,14.5,1.3096355452196382,13.09635545219638
Walmart,Chocolate,TABLET,FILLED,Milka,76222108233700,6586,658.6,9444.277919999999,2019-08-26,2019,Chocolate Milka Oreo 22x100 grs,0,71.0,14.5,1.433993003340419,14.339930033404189
Walmart,Chocolate,TABLET,FILLED,Milka,76222108233700,6667,666.7,9499.431563999999,2019-09-02,2019,Chocolate Milka Oreo 22x100 grs,0,71.0,14.5,1.4248434924253786,14.248434924253784
Walmart,Chocolate,TABLET,FILLED,Milka,76222108233700,7051,705.1,10173.409007999999,2019-09-09,2019,Chocolate Milka Oreo 22x100 grs,0,71.0,14.5,1.4428320816905402,14.428320816905401
Walmart,Chocolate,TABLET,FILLED,Milka,76222108233700,5757,575.7,8343.823992,2019-09-16,2019,Chocolate Milka Oreo 22x100 grs,0,71.0,14.5,1.4493354163626888,14.493354163626888
Walmart,Chocolate,TABLET,FILLED,Milka,76222108233700,6153,615.3,9205.620563999999,2019-09-23,2019,Chocolate Milka Oreo 22x100 grs,0,71.0,14.5,1.4961190580204777,14.961190580204777
Walmart,Chocolate,TABLET,FILLED,Milka,76222108233700,6500,650.0,9715.7907,2019-09-30,2019,Chocolate Milka Oreo 22x100 grs,0,71.0,14.5,1.4947370307692307,14.947370307692307
Walmart,Chocolate,TABLET,FILLED,Milka,76222108233700,5218,521.8,7882.53144,2019-10-07,2019,Chocolate Milka Oreo 22x100 grs,0,71.0,14.5,1.5106422844001532,15.106422844001534
Walmart,Chocolate,TABLET,FILLED,Milka,76222108233700,5149,514.9,7713.486228,2019-10-14,2019,Chocolate Milka Oreo 22x100 grs,0,71.0,14.5,1.4980552006214798,14.980552006214799
Walmart,Chocolate,TABLET,FILLED,Milka,76222108233700,3394,339.4,5120.319623999999,2019-10-21,2019,Chocolate Milka Oreo 22x100 grs,0,71.0,14.5,1.5086386635238653,15.086386635238654
Walmart,Chocolate,TABLET,FILLED,Milka,76222108233700,4563,456.3,6868.9041959999995,2019-10-28,2019,Chocolate Milka Oreo 22x100 grs,0,71.0,14.5,1.505348278763971,15.053482787639709
Walmart,Chocolate,TABLET,FILLED,Milka,76222108233700,2899,289.9,4313.7166799999995,2019-11-04,2019,Chocolate Milka Oreo 22x100 grs,0,71.0,14.5,1.4880016143497756,14.880016143497757
Walmart,Chocolate,TABLET,FILLED,Milka,76222108233700,2148,214.8,3213.259896,2019-11-11,2019,Chocolate Milka Oreo 22x100 grs,0,71.0,14.5,1.4959310502793297,14.959310502793295
Walmart,Chocolate,TABLET,FILLED,Milka,76222108233700,2441,244.1,3659.3342519999997,2019-11-18,2019,Chocolate Milka Oreo 22x100 grs,0,71.0,14.5,1.4991127619827938,14.991127619827939
Walmart,Chocolate,TABLET,FILLED,Milka,76222108233700,3827,382.7,5618.563104,2019-11-25,2019,Chocolate Milka Oreo 22x100 grs,0,71.0,14.5,1.4681377329500913,14.681377329500915
Walmart,Chocolate,TABLET,FILLED,Milka,76222108233700,4437,443.7,6692.183484,2019-12-02,2019,Chocolate Milka Oreo 22x100 grs,0,71.0,14.5,1.5082676321839081,15.082676321839081
Walmart,Chocolate,TABLET,FILLED,Milka,76222108233700,4250,425.0,6410.746103999999,2019-12-09,2019,Chocolate Milka Oreo 22x100 grs,0,71.0,14.5,1.5084108479999998,15.084108479999998
Walmart,Chocolate,TABLET,FILLED,Milka,76222108233700,4526,452.6,6840.345623999999,2019-12-16,2019,Chocolate Milka Oreo 22x100 grs,0,71.0,14.5,1.5113445921343347,15.113445921343345
Walmart,Chocolate,TABLET,FILLED,Milka,76222108233700,4600,460.0,6949.848948,2019-12-23,2019,Chocolate Milka Oreo 22x100 grs,0,71.0,14.5,1.510836727826087,15.10836727826087
Walmart,Chocolate,TABLET,FILLED,Milka,76222108233700,4376,437.6,6614.256095999999,2019-12-30,2019,Chocolate Milka Oreo 22x100 grs,0,71.0,14.5,1.5114844826325409,15.114844826325408
Walmart,Chocolate,TABLET,FILLED,Milka,76222108233700,4453,445.3,6730.655232,2020-01-06,2020,Chocolate Milka Oreo 22x100 grs,0,71.0,14.5,1.5114878131596676,15.114878131596676
Walmart,Chocolate,TABLET,FILLED,Milka,76222108233700,4137,413.7,6451.087103999999,2020-01-13,2020,Chocolate Milka Oreo 22x100 grs,0,71.0,14.5,1.5593635736040607,15.593635736040607
Walmart,Chocolate,TABLET,FILLED,Milka,76222108233700,6168,616.8,8331.036252,2020-01-20,2020,Chocolate Milka Oreo 22x100 grs,0,71.0,14.5,1.3506868112840467,13.506868112840468
Walmart,Chocolate,TABLET,FILLED,Milka,76222108233700,6829,682.9,8606.436048,2020-01-27,2020,Chocolate Milka Oreo 22x100 grs,0,71.0,14.5,1.2602776465075414,12.602776465075413
Walmart,Chocolate,TABLET,FILLED,Milka,76222108233700,7000,700.0,8820.684599999999,2020-02-03,2020,Chocolate Milka Oreo 22x100 grs,0,71.0,14.5,1.2600977999999998,12.600977999999998
Walmart,Chocolate,TABLET,FILLED,Milka,76222108233700,8528,852.8,10750.255319999998,2020-02-10,2020,Chocolate Milka Oreo 22x100 grs,0,71.0,14.5,1.2605834099437145,12.605834099437146
Walmart,Chocolate,TABLET,FILLED,Milka,76222108233700,8722,872.2,10806.538512,2020-02-17,2020,Chocolate Milka Oreo 22x100 grs,0,71.0,14.5,1.2389977656500801,12.3899776565008
Walmart,Chocolate,TABLET,FILLED,Milka,76222108233700,10138,1013.8,12597.056303999998,2020-02-24,2020,Chocolate Milka Oreo 22x100 grs,0,71.0,14.5,1.2425583255079895,12.425583255079896
Walmart,Chocolate,TABLET,FILLED,Milka,76222108233700,7897,789.7,9850.628171999999,2020-03-02,2020,Chocolate Milka Oreo 22x100 grs,0,71.0,14.5,1.2473886503735594,12.473886503735594
Walmart,Chocolate,TABLET,FILLED,Milka,76222108233700,8689,868.9,10830.843072,2020-03-09,2020,Chocolate Milka Oreo 22x100 grs,0,71.0,14.5,1.2465005261825295,12.465005261825297
Walmart,Chocolate,TABLET,FILLED,Milka,76222108233700,8336,833.6,10272.740688,2020-03-16,2020,Chocolate Milka Oreo 22x100 grs,0,71.0,14.5,1.2323345355086373,12.323345355086373
Walmart,Chocolate,TABLET,FILLED,Milka,76222108233700,6655,665.5,9480.773315999999,2020-03-23,2020,Chocolate Milka Oreo 22x100 grs,0,71.0,14.5,1.424609063260706,14.24609063260706
Walmart,Chocolate,TABLET,FILLED,Milka,76222108233700,6870,687.0,10704.068088,2020-03-30,2020,Chocolate Milka Oreo 22x100 grs,0,71.0,14.5,1.5580885135371179,15.58088513537118
Walmart,Chocolate,TABLET,FILLED,Milka,76222108233700,6207,620.7,9630.729023999998,2020-04-06,2020,Chocolate Milka Oreo 22x100 grs,0,71.0,14.5,1.5515915940067664,15.515915940067663
Walmart,Chocolate,TABLET,FILLED,Milka,76222108233700,5256,525.6,8131.496099999999,2020-04-13,2020,Chocolate Milka Oreo 22x100 grs,0,71.0,14.5,1.5470882990867578,15.470882990867578
Walmart,Chocolate,TABLET,FILLED,Milka,76222108233700,9572,957.2,12599.682395999998,2020-04-20,2020,Chocolate Milka Oreo 22x100 grs,0,71.0,14.5,1.316306142498955,13.16306142498955
