data/sales_data.csv
Retailer,Category,Segment,Sub-Segment,Brand,KNAC-14,Units,Volume,Value,Date,year,SKU,pred_flag,R2,MAPE,Unit Price,Vol Price
Walmart,Chocolate,TABLET,FILLED,Milka,76222108233700,9083,908.3,11238.052979999999,2020-04-27,2020,Chocolate Milka Oreo 22x100 grs,0,71.0,14.5,1.2372622459539797,12.372622459539798
Walmart,Chocolate,TABLET,FILLED,Milka,76222108233700,13346,1334.6,16552.824792,2020-05-04,2020,Chocolate Milka Oreo 22x100 grs,0,71.0,14.5,1.24028358998951,12.4028358998951
Walmart,Chocolate,TABLET,FILLED,Milka,76222108233700,12382,1238.2,15368.684352,2020-05-11,2020,Chocolate Milka Oreo 22x100 grs,0,71.0,14.5,1.241211787433371,12.41211787433371
Walmart,Chocolate,TABLET,FILLED,Milka,76222108233700,13687,1368.7,16955.986319999996,2020-05-18,2020,Chocolate Milka Oreo 22x100 grs,0,71.0,14.5,1.2388387754803827,12.388387754803825
Walmart,Chocolate,TABLET,FILLED,Milka,76222108233700,15684,1568.4,19401.374915999997,2020-05-25,2020,Chocolate Milka Oreo 22x100 grs,0,71.0,14.5,1.2370170183626623,12.370170183626623
Walmart,Chocolate,TABLET,FILLED,Milka,76222108233700,15817,1581.7,19612.044899999997,2020-06-01,2020,Chocolate Milka Oreo 22x100 grs,0,71.0,14.5,1.2399345577543148,12.399345577543148
Walmart,Chocolate,TABLET,FILLED,Milka,76222108233700,15152,1515.2,18828.849732,2020-06-08,2020,Chocolate Milka Oreo 22x100 grs,0,71.0,14.5,1.2426643170538543,12.426643170538542
Walmart,Chocolate,TABLET,FILLED,Milka,76222108233700,17204,1720.3999999999999,21313.618284,2020-06-15,2020,Chocolate Milka Oreo 22x100 grs,0,71.0,14.5,1.238875743083004,12.38875743083004
Walmart,Chocolate,TABLET,FILLED,Milka,76222108233700,15657,1565.7,19266.063348,2020-06-22,2020,Chocolate Milka Oreo 22x100 grs,0,71.0,14.5,1.230507973941368,12.30507973941368
Walmart,Chocolate,TABLET,FILLED,Milka,76222108233700,15137,1513.7,18632.3298,2020-06-29,2020,Chocolate Milka Oreo 22x100 grs,0,71.0,14.5,1.2309129814362159,12.309129814362159
Walmart,Chocolate,TABLET,FILLED,Milka,76222108233700,15401,1540.1,19077.188927999996,2020-07-06,2020,Chocolate Milka Oreo 22x100 grs,0,71.0,14.5,1.238698066878774,12.38698066878774
Walmart,Chocolate,TABLET,FILLED,Milka,76222108233700,15039,1503.9,18750.823812,2020-07-13,2020,Chocolate Milka Oreo 22x100 grs,0,71.0,14.5,1.2468132064631956,12.468132064631956
Walmart,Chocolate,TABLET,FILLED,Milka,76222108233700,16090,1609.0,19641.438851999996,2020-07-20,2020,Chocolate Milka Oreo 22x100 grs,0,71.0,14.5,1.2207233593536355,12.207233593536355
Walmart,Chocolate,TABLET,FILLED,Milka,76222108233700,16265,1626.5,19421.024196,2020-07-27,2020,Chocolate Milka Oreo 22x100 grs,0,71.0,14.5,1.1940377618198585,11.940377618198585
Walmart,Chocolate,TABLET,FILLED,Milka,76222108233700,12536,1253.6,15110.139239999999,2020-08-03,2020,Chocolate Milka Oreo 22x100 grs,0,71.0,14.5,1.205339760689215,12.053397606892151
Walmart,Chocolate,TABLET,FILLED,Milka,76222108233700,12470,1247.0,14996.816015999999,2020-08-10,2020,Chocolate Milka Oreo 22x100 grs,0,71.0,14.5,1.2026315971130712,12.026315971130712
Walmart,Chocolate,TABLET,FILLED,Milka,76222108233700,8033,803.3,11520.945491999999,2020-08-17,2020,Chocolate Milka Oreo 22x100 grs,0,71.0,14.5,1.4342021028258434,14.342021028258433
Walmart,Chocolate,TABLET,FILLED,Milka,76222108233700,10422,1042.2,16579.714031999996,2020-08-24,2020,Chocolate Milka Oreo 22x100 grs,0,71.0,14.5,1.5908380379965454,15.908380379965454
Walmart,Chocolate,TABLET,FILLED,Milka,76222108233700,5866,586.6,9237.669167999999,2020-08-31,2020,Chocolate Milka Oreo 22x100 grs,0,71.0,14.5,1.5747816515513124,15.747816515513124
Walmart,Chocolate,TABLET,FILLED,Milka,76222108233700,3042,304.2,4913.413847999999,2020-09-07,2020,Chocolate Milka Oreo 22x100 grs,0,71.0,14.5,1.6151919289940826,16.151919289940828
Walmart,Chocolate,TABLET,FILLED,Milka,76222108233700,3004,300.4,4850.656104,2020-09-14,2020,Chocolate Milka Oreo 22x100 grs,0,71.0,14.5,1.6147323914780292,16.147323914780294
Walmart,Chocolate,TABLET,FILLED,Milka,76222108233700,8031,803.1,12972.267587999999,2020-09-21,2020,Chocolate Milka Oreo 22x100 grs,0,71.0,14.5,1.6152742607396338,16.152742607396338
Walmart,Chocolate,TABLET,FILLED,Milka,76222108233700,9425,942.5,15080.2869,2020-09-28,2020,Chocolate Milka Oreo 22x100 grs,0,71.0,14.5,1.6000304403183023,16.000304403183023
Walmart,Chocolate,TABLET,FILLED,Milka,76222108233700,8349,834.9,13330.270043999997,2020-10-05,2020,Chocolate Milka Oreo 22x100 grs,0,71.0,14.5,1.596630739489759,15.966307394897589
Walmart,Chocolate,TABLET,FILLED,Milka,76222108233700,12103,1210.3,15385.956011999999,2020-10-12,2020,Chocolate Milka Oreo 22x100 grs,0,71.0,14.5,1.2712514262579524,12.712514262579525
Walmart,Chocolate,TABLET,FILLED,Milka,76222108233700,13605,1360.5,16968.06006,2020-10-19,2020,Chocolate Milka Oreo 22x100 grs,0,71.0,14.5,1.247192948180816,12.471929481808159
Walmart,Chocolate,TABLET,FILLED,Milka,76222108233700,15736,1573.6,19745.121647999997,2020-10-26,2020,Chocolate Milka Oreo 22x100 grs,0,71.0,14.5,1.2547738718861208,12.547738718861208
Walmart,Chocolate,TABLET,FILLED,Milka,76222108233700,16921,1692.1,21934.171391999997,2020-11-02,2020,Chocolate Milka Oreo 22x100 grs,0,71.0,14.5,1.296269215294604,12.962692152946042
Walmart,Chocolate,TABLET,FILLED,Milka,76222108233700,13425,1342.5,16995.074964,2020-11-09,2020,Chocolate Milka Oreo 22x100 grs,0,71.0,14.5,1.2659273716201116,12.659273716201117
Walmart,Chocolate,TABLET,FILLED,Milka,76222108233700,15497,1549.7,19160.18286,2020-11-16,2020,Chocolate Milka Oreo 22x100 grs,0,71.0,14.5,1.236380129057237,12.363801290572368
Walmart,Chocolate,TABLET,FILLED,Milka,76222108233700,15235,1523.5,18490.839276,2020-11-23,2020,Chocolate Milka Oreo 22x100 grs,0,71.0,14.5,1.2137078618969477,12.137078618969477
Walmart,Chocolate,TABLET,FILLED,Milka,76222108233700,17217,1721.7,20977.822655999997,2020-11-30,2020,Chocolate Milka Oreo 22x100 grs,0,71.0,14.5,1.2184365833768946,12.184365833768947
Walmart,Chocolate,TABLET,FILLED,Milka,76222108233700,16419,1641.9,20005.193292,2020-12-07,2020,Chocolate Milka Oreo 22x100 grs,0,71.0,14.5,1.218417278275169,12.18417278275169
Walmart,Chocolate,TABLET,FILLED,Milka,76222108233700,19293,1929.3,23609.203967999998,2020-12-14,2020,Chocolate Milka Oreo 22x100 grs,0,71.0,14.5,1.223718652775618,12.23718652775618
Walmart,Chocolate,TABLET,FILLED,Milka,76222108233700,16080,1608.0,19569.883199999997,2020-12-21,2020,Chocolate Milka Oreo 22x100 grs,0,71.0,14.5,1.2170325373134325,12.170325373134327
Walmart,Chocolate,TABLET,FILLED,Milka,76222108233700,12688,1268.8,15696.107615999998,2020-12-28,2020,Chocolate Milka Oreo 22x100 grs,0,71.0,14.5,1.2370828827238334,12.370828827238334
Walmart,Chocolate,TABLET,FILLED,Milka,76222108233700,8784,878.4,13512.568523999998,2021-01-04,2021,Chocolate Milka Oreo 22x100 grs,1,71.0,14.5,1.538316088797814,15.383160887978141
Walmart,Chocolate,TABLET,FILLED,Milka,76222108233700,7977,797.7,12841.865484,2021-01-11,2021,Chocolate Milka Oreo 22x100 grs,1,71.0,14.5,1.6098615374200826,16.098615374200826
Walmart,Chocolate,TABLET,FILLED,Milka,76222108233700,7786,778.6,12682.110839999998,2021-01-18,2021,Chocolate Milka Oreo 22x100 grs,1,71.0,14.5,1.62883519650655,16.288351965065498
Walmart,Chocolate,TABLET,FILLED,Milka,76222108233700,17089,1708.9,22565.445923999996,2021-01-25,2021,Chocolate Milka Oreo 22x100 grs,1,71.0,14.5,1.320466143367078,13.204661433670779
Walmart,Chocolate,TABLET,FILLED,Milka,76222108233700,21610,2161.0,26574.051839999996,2021-02-01,2021,Chocolate Milka Oreo 22x100 grs,1,71.0,14.5,1.229710867191115,12.29710867191115
Walmart,Chocolate,TABLET,FILLED,Milka,76222108233700,23669,2366.9,29176.286244,2021-02-08,2021,Chocolate Milka Oreo 22x100 grs,1,71.0,14.5,1.2326792954497443,12.326792954497442
Walmart,Chocolate,TABLET,FILLED,Milka,76222108233700,15844,1584.4,19631.811276,2021-02-15,2021,Chocolate Milka Oreo 22x100 grs,1,71.0,14.5,1.2390691287553648,12.390691287553647
Walmart,Chocolate,TABLET,FILLED,Milka,76222108233700,16443,1644.3,20225.450868,2021-02-22,2021,Chocolate Milka Oreo 22x100 grs,1,71.0,14.5,1.230034109833972,12.30034109833972
Walmart,Chocolate,TABLET,FILLED,Milka,76222108233700,15513,1551.3,19114.585391999997,2021-03-01,2021,Chocolate Milka Oreo 22x100 grs,1,71.0,14.5,1.2321656283117384,12.321656283117385
Walmart,Chocolate,TABLET,FILLED,Milka,76222108233700,6111,611.1,7531.283423999998,2021-03-08,2021,Chocolate Milka Oreo 22x100 grs,1,71.0,14.5,1.232414240549828,12.324142405498279
Walmart,Biscuits,SALADAS,GALLETAS SALADAS,Club Social,76222106253500,29444,6889.896,31553.107991999997,2019-01-07,2019,Club Social Regular Pe 24x234 grs,0,69.24561403508773,15.377192982456137,1.0716311639722862,4.579620358855925
Walmart,Biscuits,SALADAS,GALLETAS SALADAS,Club Social,76222106253500,29630,6933.42,31817.100924,2019-01-14,2019,Club Social Regular Pe 24x234 grs,0,69.24561403508773,15.377192982456137,1.073813733513331,4.588947579116799
Walmart,Biscuits,SALADAS,GALLETAS SALADAS,Club Social,76222106253500,24751,5791.734,29608.489007999997,2019-01-21,2019,Club Social Regular Pe 24x234 grs,0,69.24561403508773,15.377192982456137,1.1962542526766593,5.112197661011365
Walmart,Biscuits,SALADAS,GALLETAS SALADAS,Club Social,76222106253500,29203,6833.5019999999995,37751.991731999995,2019-01-28,2019,Club Social Regular Pe 24x234 grs,0,69.24561403508773,15.377192982456137,1.2927436130534533,5.5245453549292876
Walmart,Biscuits,SALADAS,GALLETAS SALADAS,Club Social,76222106253500,23518,5503.2119999999995,30406.53252,2019-02-04,2019,Club Social Regular Pe 24x234 grs,0,69.24561403508773,15.377192982456137,1.2929046908750745,5.525233721688353
Walmart,Biscuits,SALADAS,GALLETAS SALADAS,Club Social,76222106253500,20536,4805.424,26553.138779999997,2019-02-11,2019,Club Social Regular Pe 24x234 grs,0,69.24561403508773,15.377192982456137,1.2930044205298012,5.525659916794022
Walmart,Biscuits,SALADAS,GALLETAS SALADAS,Club Social,76222106253500,19885,4653.09,25724.677439999996,2019-02-18,2019,Club Social Regular Pe 24x234 grs,0,69.24561403508773,15.377192982456137,1.293672488810661,5.52851490944727
Walmart,Biscuits,SALADAS,GALLETAS SALADAS,Club Social,76222106253500,30835,7215.389999999999,39882.242148,2019-02-25,2019,Club Social Regular Pe 24x234 grs,0,69.24561403508773,15.377192982456137,1.2934082097616344,5.527385511801857
Walmart,Biscuits,SALADAS,GALLETAS SALADAS,Club Social,76222106253500,23760,5559.84,30711.193463999996,2019-03-04,2019,Club Social Regular Pe 24x234 grs,0,69.24561403508773,15.377192982456137,1.2925586474747472,5.5237549037382365
Walmart,Biscuits,SALADAS,GALLETAS SALADAS,Club Social,76222106253500,24206,5664.204,31307.699052,2019-03-11,2019,Club Social Regular Pe 24x234 grs,0,69.24561403508773,15.377192982456137,1.293385898207056,5.527290163278018
Walmart,Biscuits,SALADAS,GALLETAS SALADAS,Club Social,76222106253500,24227,5669.1179999999995,31380.501347999998,2019-03-18,2019,Club Social Regular Pe 24x234 grs,0,69.24561403508773,15.377192982456137,1.295269796012713,5.535341008601338
Walmart,Biscuits,SALADAS,GALLETAS SALADAS,Club Social,76222106253500,28711,6718.374,37273.18618799999,2019-03-25,2019,Club Social Regular Pe 24x234 grs,0,69.24561403508773,15.377192982456137,1.298219713280624,5.547947492652239
Walmart,Biscuits,SALADAS,GALLETAS SALADAS,Club Social,76222106253500,25155,5886.2699999999995,32638.088111999998,2019-04-01,2019,Club Social Regular Pe 24x234 grs,0,69.24561403508773,15.377192982456137,1.2974791537268933,5.544782708234587
Walmart,Biscuits,SALADAS,GALLETAS SALADAS,Club Social,76222106253500,23441,5485.1939999999995,30456.254051999997,2019-04-08,2019,Club Social Regular Pe 24x234 grs,0,69.24561403508773,15.377192982456137,1.2992728148116546,5.5524479265455335
Walmart,Biscuits,SALADAS,GALLETAS SALADAS,Club Social,76222106253500,22042,5157.8279999999995,28979.012328,2019-04-15,2019,Club Social Regular Pe 24x234 grs,0,69.24561403508773,15.377192982456137,1.3147179170674168,5.618452637040243
Walmart,Biscuits,SALADAS,GALLETAS SALADAS,Club Social,76222106253500,29052,6798.168,34958.233968,2019-04-22,2019,Club Social Regular Pe 24x234 grs,0,69.24561403508773,15.377192982456137,1.2032987046674928,5.142302156698688
Walmart,Biscuits,SALADAS,GALLETAS SALADAS,Club Social,76222106253500,40383,9449.622,46351.279211999994,2019-04-29,2019,Club Social Regular Pe 24x234 grs,0,69.24561403508773,15.377192982456137,1.1477918731149244,4.905093474850105
Walmart,Biscuits,SALADAS,GALLETAS SALADAS,Club Social,76222106253500,33068,7737.912,38153.109791999996,2019-05-06,2019,Club Social Regular Pe 24x234 grs,0,69.24561403508773,15.377192982456137,1.1537773615580016,4.9306724852906045
Walmart,Biscuits,SALADAS,GALLETAS SALADAS,Club Social,76222106253500,31533,7378.722,36444.864792,2019-05-13,2019,Club Social Regular Pe 24x234 grs,0,69.24561403508773,15.377192982456137,1.15576902901722,4.939183884688974
Walmart,Biscuits,SALADAS,GALLETAS SALADAS,Club Social,76222106253500,30203,7067.5019999999995,34643.150052,2019-05-20,2019,Club Social Regular Pe 24x234 grs,0,69.24561403508773,15.377192982456137,1.1470102324934608,4.901753130313936
Walmart,Biscuits,SALADAS,GALLETAS SALADAS,Club Social,76222106253500,35564,8321.976,40157.337779999994,2019-05-27,2019,Club Social Regular Pe 24x234 grs,0,69.24561403508773,15.377192982456137,1.1291569502868066,4.825457052507721
Walmart,Biscuits,SALADAS,GALLETAS SALADAS,Club Social,76222106253500,34255,8015.67,38633.564675999995,2019-06-03,2019,Club Social Regular Pe 24x234 grs,0,69.24561403508773,15.377192982456137,1.1278226441687342,4.819754889609976
Walmart,Biscuits,SALADAS,GALLETAS SALADAS,Club Social,76222106253500,30044,7030.296,34141.202339999996,2019-06-10,2019,Club Social Regular Pe 24x234 grs,0,69.24561403508773,15.377192982456137,1.1363733970177072,4.85629656845174
Walmart,Biscuits,SALADAS,GALLETAS SALADAS,Club Social,76222106253500,24577,5751.018,30544.523015999996,2019-06-17,2019,Club Social Regular Pe 24x234 grs,0,69.24561403508773,15.377192982456137,1.2428092532042152,5.311150654718868
Walmart,Biscuits,SALADAS,GALLETAS SALADAS,Club Social,76222106253500,27739,6490.9259999999995,36567.755615999995,2019-06-24,2019,Club Social Regular Pe 24x234 grs,0,69.24561403508773,15.377192982456137,1.3182795203864592,5.633673164044699
Walmart,Biscuits,SALADAS,GALLETAS SALADAS,Club Social,76222106253500,25459,5957.406,33549.427716,2019-07-01,2019,Club Social Regular Pe 24x234 grs,0,69.24561403508773,15.377192982456137,1.3177826197415452,5.63154965701515
Walmart,Biscuits,SALADAS,GALLETAS SALADAS,Club Social,76222106253500,15055,3522.87,19835.661131999997,2019-07-08,2019,Club Social Regular Pe 24x234 grs,0,69.24561403508773,15.377192982456137,1.317546405313849,5.630540193648928
Walmart,Biscuits,SALADAS,GALLETAS SALADAS,Club Social,76222106253500,18721,4380.714,24683.161355999997,2019-07-15,2019,Club Social Regular Pe 24x234 grs,0,69.24561403508773,15.377192982456137,1.3184745128999518,5.634506465384409
Walmart,Biscuits,SALADAS,GALLETAS SALADAS,Club Social,76222106253500,22150,5183.099999999999,29201.132015999996,2019-07-22,2019,Club Social Regular Pe 24x234 grs,0,69.24561403508773,15.377192982456137,1.318335531196388,5.633912526480292
Walmart,Biscuits,SALADAS,GALLETAS SALADAS,Club Social,76222106253500,31535,7379.19,41573.74099199999,2019-07-29,2019,Club Social Regular Pe 24x234 grs,0,69.24561403508773,15.377192982456137,1.3183364830188677,5.633916594097725
Walmart,Biscuits,SALADAS,GALLETAS SALADAS,Club Social,76222106253500,24794,5801.796,32671.317671999994,2019-08-05,2019,Club Social Regular Pe 24x234 grs,0,69.24561403508773,15.377192982456137,1.3177106425748162,5.631242062285539
Walmart,Biscuits,SALADAS,GALLETAS SALADAS,Club Social,76222106253500,22995,5380.83,30311.730455999998,2019-08-12,2019,Club Social Regular Pe 24x234 grs,0,69.24561403508773,15.377192982456137,1.3181878867579908,5.633281567341841
Walmart,Biscuits,SALADAS,GALLETAS SALADAS,Club Social,76222106253500,26546,6211.764,32773.048392,2019-08-19,2019,Club Social Regular Pe 24x234 grs,0,69.24561403508773,15.377192982456137,1.2345757700595192,5.2759648293141845
Walmart,Biscuits,SALADAS,GALLETAS SALADAS,Club Social,76222106253500,34750,8131.5,40395.339684,2019-08-26,2019,Club Social Regular Pe 24x234 grs,0,69.24561403508773,15.377192982456137,1.1624558182446043,4.967759907028223
Walmart,Biscuits,SALADAS,GALLETAS SALADAS,Club Social,76222106253500,34169,7995.546,39398.932691999995,2019-09-02,2019,Club Social Regular Pe 24x234 grs,0,69.24561403508773,15.377192982456137,1.1530607478123445,4.927610033386087
Walmart,Biscuits,SALADAS,GALLETAS SALADAS,Club Social,76222106253500,33749,7897.266,39023.360124,2019-09-09,2019,Club Social Regular Pe 24x234 grs,0,69.24561403508773,15.377192982456137,1.1562819675842246,4.941375929847115
Walmart,Biscuits,SALADAS,GALLETAS SALADAS,Club Social,76222106253500,29183,6828.822,33967.416167999996,2019-09-16,2019,Club Social Regular Pe 24x234 grs,0,69.24561403508773,15.377192982456137,1.1639453163828255,4.974125283687289
Walmart,Biscuits,SALADAS,GALLETAS SALADAS,Club Social,76222106253500,53401,12495.834,55381.761287999994,2019-09-23,2019,Club Social Regular Pe 24x234 grs,0,69.24561403508773,15.377192982456137,1.0370922134042433,4.432018006001039
Walmart,Biscuits,SALADAS,GALLETAS SALADAS,Club Social,76222106253500,61415,14371.11,62555.259311999995,2019-09-30,2019,Club Social Regular Pe 24x234 grs,0,69.24561403508773,15.377192982456137,1.0185664627859643,4.35284813156395
Walmart,Biscuits,SALADAS,GALLETAS SALADAS,Club Social,76222106253500,43033,10069.722,43827.73189199999,2019-10-07,2019,Club Social Regular Pe 24x234 grs,0,69.24561403508773,15.377192982456137,1.0184679639346546,4.352427196301942
Walmart,Biscuits,SALADAS,GALLETAS SALADAS,Club Social,76222106253500,23621,5527.314,29654.027928,2019-10-14,2019,Club Social Regular Pe 24x234 grs,0,69.24561403508773,15.377192982456137,1.2554095054400745,5.364997886496044
