data/sales_data.csv
Retailer,Category,Segment,Sub-Segment,Brand,KNAC-14,Units,Volume,Value,Date,year,SKU,pred_flag,R2,MAPE,Unit Price,Vol Price
Walmart,Biscuits,SALADAS,GALLETAS SALADAS,Club Social,76222106253500,17958,4202.172,23679.225947999996,2019-10-21,2019,Club Social Regular Pe 24x234 grs,0,69.24561403508773,15.377192982456137,1.3185892609421983,5.634996841633327
Walmart,Biscuits,SALADAS,GALLETAS SALADAS,Club Social,76222106253500,25650,6002.1,33811.838423999994,2019-10-28,2019,Club Social Regular Pe 24x234 grs,0,69.24561403508773,15.377192982456137,1.3182003284210524,5.633334736842104
Walmart,Biscuits,SALADAS,GALLETAS SALADAS,Club Social,76222106253500,26015,6087.51,34290.306959999994,2019-11-04,2019,Club Social Regular Pe 24x234 grs,0,69.24561403508773,15.377192982456137,1.3180975191235824,5.63289538087001
Walmart,Biscuits,SALADAS,GALLETAS SALADAS,Club Social,76222106253500,23919,5597.046,31525.356239999997,2019-11-11,2019,Club Social Regular Pe 24x234 grs,0,69.24561403508773,15.377192982456137,1.318004776119403,5.6324990432453115
Walmart,Biscuits,SALADAS,GALLETAS SALADAS,Club Social,76222106253500,30531,7144.254,36597.725051999994,2019-11-18,2019,Club Social Regular Pe 24x234 grs,0,69.24561403508773,15.377192982456137,1.1987070535521271,5.122679716034732
Walmart,Biscuits,SALADAS,GALLETAS SALADAS,Club Social,76222106253500,39207,9174.438,44164.0416,2019-11-25,2019,Club Social Regular Pe 24x234 grs,0,69.24561403508773,15.377192982456137,1.1264325656132832,4.813814382962749
Walmart,Biscuits,SALADAS,GALLETAS SALADAS,Club Social,76222106253500,39202,9173.268,44169.34804799999,2019-12-02,2019,Club Social Regular Pe 24x234 grs,0,69.24561403508773,15.377192982456137,1.1267115975715523,4.8150068272288555
Walmart,Biscuits,SALADAS,GALLETAS SALADAS,Club Social,76222106253500,33188,7765.992,37486.08242399999,2019-12-09,2019,Club Social Regular Pe 24x234 grs,0,69.24561403508773,15.377192982456137,1.1295071237796792,4.826953520425979
Walmart,Biscuits,SALADAS,GALLETAS SALADAS,Club Social,76222106253500,36471,8534.214,41120.89363199999,2019-12-16,2019,Club Social Regular Pe 24x234 grs,0,69.24561403508773,15.377192982456137,1.127495643991116,4.818357452953487
Walmart,Biscuits,SALADAS,GALLETAS SALADAS,Club Social,76222106253500,36780,8606.52,41778.334835999995,2019-12-23,2019,Club Social Regular Pe 24x234 grs,0,69.24561403508773,15.377192982456137,1.1358981738988578,4.854265700422469
Walmart,Biscuits,SALADAS,GALLETAS SALADAS,Club Social,76222106253500,35915,8404.11,43324.903104,2019-12-30,2019,Club Social Regular Pe 24x234 grs,0,69.24561403508773,15.377192982456137,1.2063177809828762,5.155204192234513
Walmart,Biscuits,SALADAS,GALLETAS SALADAS,Club Social,76222106253500,26360,6168.24,34687.096752,2020-01-06,2020,Club Social Regular Pe 24x234 grs,0,69.24561403508773,15.377192982456137,1.3158989663125948,5.62349985603673
Walmart,Biscuits,SALADAS,GALLETAS SALADAS,Club Social,76222106253500,24017,5619.978,31634.728187999994,2020-01-13,2020,Club Social Regular Pe 24x234 grs,0,69.24561403508773,15.377192982456137,1.3171806715243366,5.628977228736481
Walmart,Biscuits,SALADAS,GALLETAS SALADAS,Club Social,76222106253500,31321,7329.114,36616.01773199999,2020-01-20,2020,Club Social Regular Pe 24x234 grs,0,69.24561403508773,15.377192982456137,1.1690564711216114,4.995967825306032
Walmart,Biscuits,SALADAS,GALLETAS SALADAS,Club Social,76222106253500,43027,10068.318,46301.49342,2020-01-27,2020,Club Social Regular Pe 24x234 grs,0,69.24561403508773,15.377192982456137,1.0761032240221255,4.59873172659028
Walmart,Biscuits,SALADAS,GALLETAS SALADAS,Club Social,76222106253500,42265,9890.01,45618.696648,2020-02-03,2020,Club Social Regular Pe 24x234 grs,0,69.24561403508773,15.377192982456137,1.0793492641192475,4.612603692817297
Walmart,Biscuits,SALADAS,GALLETAS SALADAS,Club Social,76222106253500,37405,8752.77,40771.859015999995,2020-02-10,2020,Club Social Regular Pe 24x234 grs,0,69.24561403508773,15.377192982456137,1.0900109347948135,4.658166388012023
Walmart,Biscuits,SALADAS,GALLETAS SALADAS,Club Social,76222106253500,25186,5893.524,31347.057587999996,2020-02-17,2020,Club Social Regular Pe 24x234 grs,0,69.24561403508773,15.377192982456137,1.244622313507504,5.318898775673094
Walmart,Biscuits,SALADAS,GALLETAS SALADAS,Club Social,76222106253500,34279,8021.286,45189.107124,2020-02-24,2020,Club Social Regular Pe 24x234 grs,0,69.24561403508773,15.377192982456137,1.3182737863998366,5.633648659828362
Walmart,Biscuits,SALADAS,GALLETAS SALADAS,Club Social,76222106253500,31067,7269.678,43357.011684,2020-03-02,2020,Club Social Regular Pe 24x234 grs,0,69.24561403508773,15.377192982456137,1.3955969898606237,5.964089700259076
Walmart,Biscuits,SALADAS,GALLETAS SALADAS,Club Social,76222106253500,32590,7626.0599999999995,45340.75072799999,2020-03-09,2020,Club Social Regular Pe 24x234 grs,0,69.24561403508773,15.377192982456137,1.39124733746548,5.945501442160171
Walmart,Biscuits,SALADAS,GALLETAS SALADAS,Club Social,76222106253500,29519,6907.446,41052.825156,2020-03-16,2020,Club Social Regular Pe 24x234 grs,0,69.24561403508773,15.377192982456137,1.3907254702395067,5.943271240339772
Walmart,Biscuits,SALADAS,GALLETAS SALADAS,Club Social,76222106253500,21914,5127.876,30494.377367999998,2020-03-23,2020,Club Social Regular Pe 24x234 grs,0,69.24561403508773,15.377192982456137,1.3915477488363601,5.946785251437436
Walmart,Biscuits,SALADAS,GALLETAS SALADAS,Club Social,76222106253500,29648,6937.632,41259.893724,2020-03-30,2020,Club Social Regular Pe 24x234 grs,0,69.24561403508773,15.377192982456137,1.3916585848623855,5.947258909668314
Walmart,Biscuits,SALADAS,GALLETAS SALADAS,Club Social,76222106253500,25484,5963.256,35454.09126,2020-04-06,2020,Club Social Regular Pe 24x234 grs,0,69.24561403508773,15.377192982456137,1.3912294482812746,5.94542499265502
Walmart,Biscuits,SALADAS,GALLETAS SALADAS,Club Social,76222106253500,27055,6330.87,37647.25507199999,2020-04-13,2020,Club Social Regular Pe 24x234 grs,0,69.24561403508773,15.377192982456137,1.3915082266494176,5.946616353202639
Walmart,Biscuits,SALADAS,GALLETAS SALADAS,Club Social,76222106253500,35454,8296.236,44527.606115999995,2020-04-20,2020,Club Social Regular Pe 24x234 grs,0,69.24561403508773,15.377192982456137,1.2559261611101709,5.367205816710131
Walmart,Biscuits,SALADAS,GALLETAS SALADAS,Club Social,76222106253500,43217,10112.778,50938.317947999996,2020-04-27,2020,Club Social Regular Pe 24x234 grs,0,69.24561403508773,15.377192982456137,1.1786639042043638,5.0370252316425805
Walmart,Biscuits,SALADAS,GALLETAS SALADAS,Club Social,76222106253500,46403,10858.302,54766.957308,2020-05-04,2020,Club Social Regular Pe 24x234 grs,0,69.24561403508773,15.377192982456137,1.1802460467642177,5.0437865246334095
Walmart,Biscuits,SALADAS,GALLETAS SALADAS,Club Social,76222106253500,41253,9653.202,48719.338751999996,2020-05-11,2020,Club Social Regular Pe 24x234 grs,0,69.24561403508773,15.377192982456137,1.1809889887280924,5.046961490290993
Walmart,Biscuits,SALADAS,GALLETAS SALADAS,Club Social,76222106253500,29190,6830.46,38450.122368,2020-05-18,2020,Club Social Regular Pe 24x234 grs,0,69.24561403508773,15.377192982456137,1.3172361208633092,5.629214191723544
Walmart,Biscuits,SALADAS,GALLETAS SALADAS,Club Social,76222106253500,30787,7204.158,42805.46524799999,2020-05-25,2020,Club Social Regular Pe 24x234 grs,0,69.24561403508773,15.377192982456137,1.3903746791827718,5.9417721332597075
Walmart,Biscuits,SALADAS,GALLETAS SALADAS,Club Social,76222106253500,29277,6850.818,40720.22539199999,2020-06-01,2020,Club Social Regular Pe 24x234 grs,0,69.24561403508773,15.377192982456137,1.3908605865355055,5.943848660408142
Walmart,Biscuits,SALADAS,GALLETAS SALADAS,Club Social,76222106253500,26250,6142.5,36513.46305599999,2020-06-08,2020,Club Social Regular Pe 24x234 grs,0,69.24561403508773,15.377192982456137,1.3909890687999997,5.944397729914529
Walmart,Biscuits,SALADAS,GALLETAS SALADAS,Club Social,76222106253500,29201,6833.034,36153.76127999999,2020-06-15,2020,Club Social Regular Pe 24x234 grs,0,69.24561403508773,15.377192982456137,1.2381001089003798,5.29102610641188
Walmart,Biscuits,SALADAS,GALLETAS SALADAS,Club Social,76222106253500,33975,7950.15,38408.984544,2020-06-22,2020,Club Social Regular Pe 24x234 grs,0,69.24561403508773,15.377192982456137,1.1305072713465782,4.831227655327258
Walmart,Biscuits,SALADAS,GALLETAS SALADAS,Club Social,76222106253500,37400,8751.6,42685.346172,2020-06-29,2020,Club Social Regular Pe 24x234 grs,0,69.24561403508773,15.377192982456137,1.1413194163636362,4.877433403263403
Walmart,Biscuits,SALADAS,GALLETAS SALADAS,Club Social,76222106253500,33751,7897.734,38742.82952399999,2020-07-06,2020,Club Social Regular Pe 24x234 grs,0,69.24561403508773,15.377192982456137,1.1479016776984383,4.905562725207002
Walmart,Biscuits,SALADAS,GALLETAS SALADAS,Club Social,76222106253500,31993,7486.362,36833.649216,2020-07-13,2020,Club Social Regular Pe 24x234 grs,0,69.24561403508773,15.377192982456137,1.1513033856156034,4.920099938528219
Walmart,Biscuits,SALADAS,GALLETAS SALADAS,Club Social,76222106253500,32763,7666.542,37664.603844,2020-07-20,2020,Club Social Regular Pe 24x234 grs,0,69.24561403508773,15.377192982456137,1.1496079066019596,4.9128543017177755
Walmart,Biscuits,SALADAS,GALLETAS SALADAS,Club Social,76222106253500,43172,10102.248,48513.643919999995,2020-07-27,2020,Club Social Regular Pe 24x234 grs,0,69.24561403508773,15.377192982456137,1.1237293597702214,4.802262221240262
Walmart,Biscuits,SALADAS,GALLETAS SALADAS,Club Social,76222106253500,41725,9763.65,46659.98567999999,2020-08-03,2020,Club Social Regular Pe 24x234 grs,0,69.24561403508773,15.377192982456137,1.118274072618334,4.7789490282834794
Walmart,Biscuits,SALADAS,GALLETAS SALADAS,Club Social,76222106253500,40173,9400.482,45228.1158,2020-08-10,2020,Club Social Regular Pe 24x234 grs,0,69.24561403508773,15.377192982456137,1.1258336644014637,4.811254976074631
Walmart,Biscuits,SALADAS,GALLETAS SALADAS,Club Social,76222106253500,31323,7329.582,40051.087439999996,2020-08-17,2020,Club Social Regular Pe 24x234 grs,0,69.24561403508773,15.377192982456137,1.2786478766401683,5.464307165128925
Walmart,Biscuits,SALADAS,GALLETAS SALADAS,Club Social,76222106253500,34436,8058.024,47902.402799999996,2020-08-24,2020,Club Social Regular Pe 24x234 grs,0,69.24561403508773,15.377192982456137,1.391055953072366,5.944683560138316
Walmart,Biscuits,SALADAS,GALLETAS SALADAS,Club Social,76222106253500,35428,8290.152,49258.5744,2020-08-31,2020,Club Social Regular Pe 24x234 grs,0,69.24561403508773,15.377192982456137,1.3903854126679462,5.941818002854471
Walmart,Biscuits,SALADAS,GALLETAS SALADAS,Club Social,76222106253500,32179,7529.8859999999995,44729.640984,2020-09-07,2020,Club Social Regular Pe 24x234 grs,0,69.24561403508773,15.377192982456137,1.3900258237981291,5.940281298282604
Walmart,Biscuits,SALADAS,GALLETAS SALADAS,Club Social,76222106253500,26717,6251.778,37138.585763999996,2020-09-14,2020,Club Social Regular Pe 24x234 grs,0,69.24561403508773,15.377192982456137,1.3900732029793763,5.940483773416138
Walmart,Biscuits,SALADAS,GALLETAS SALADAS,Club Social,76222106253500,45169,10569.546,51323.98362,2020-09-21,2020,Club Social Regular Pe 24x234 grs,0,69.24561403508773,15.377192982456137,1.1362656605193828,4.855836156065738
Walmart,Biscuits,SALADAS,GALLETAS SALADAS,Club Social,76222106253500,56955,13327.47,62924.898539999995,2020-09-28,2020,Club Social Regular Pe 24x234 grs,0,69.24561403508773,15.377192982456137,1.1048178130102713,4.721443645343039
Walmart,Biscuits,SALADAS,GALLETAS SALADAS,Club Social,76222106253500,47535,11123.19,52940.05407599999,2020-10-05,2020,Club Social Regular Pe 24x234 grs,0,69.24561403508773,15.377192982456137,1.1137068281476805,4.759430889520002
Walmart,Biscuits,SALADAS,GALLETAS SALADAS,Club Social,76222106253500,30508,7138.872,40947.735779999995,2020-10-12,2020,Club Social Regular Pe 24x234 grs,0,69.24561403508773,15.377192982456137,1.3421966625147501,5.735883173139958
Walmart,Biscuits,SALADAS,GALLETAS SALADAS,Club Social,76222106253500,27145,6351.93,37746.9309,2020-10-19,2020,Club Social Regular Pe 24x234 grs,0,69.24561403508773,15.377192982456137,1.390566620003684,5.942592393178136
Walmart,Biscuits,SALADAS,GALLETAS SALADAS,Club Social,76222106253500,33128,7751.952,46088.497224,2020-10-26,2020,Club Social Regular Pe 24x234 grs,0,69.24561403508773,15.377192982456137,1.3912248618691136,5.94540539260305
Walmart,Biscuits,SALADAS,GALLETAS SALADAS,Club Social,76222106253500,33162,7759.907999999999,46094.142108,2020-11-02,2020,Club Social Regular Pe 24x234 grs,0,69.24561403508773,15.377192982456137,1.3899687023701828,5.940037189616166
Walmart,Biscuits,SALADAS,GALLETAS SALADAS,Club Social,76222106253500,29048,6797.232,40401.73997999999,2020-11-09,2020,Club Social Regular Pe 24x234 grs,0,69.24561403508773,15.377192982456137,1.390861332277609,5.94385184734021
Walmart,Biscuits,SALADAS,GALLETAS SALADAS,Club Social,76222106253500,38406,8987.004,46509.121763999996,2020-11-16,2020,Club Social Regular Pe 24x234 grs,0,69.24561403508773,15.377192982456137,1.2109858294016558,5.175153117101093
Walmart,Biscuits,SALADAS,GALLETAS SALADAS,Club Social,76222106253500,43836,10257.624,48906.61524,2020-11-23,2020,Club Social Regular Pe 24x234 grs,0,69.24561403508773,15.377192982456137,1.1156723980290173,4.767830760807766
Walmart,Biscuits,SALADAS,GALLETAS SALADAS,Club Social,76222106253500,55896,13079.664,62478.53144399999,2020-11-30,2020,Club Social Regular Pe 24x234 grs,0,69.24561403508773,15.377192982456137,1.117763908759124,4.7767688408509565
Walmart,Biscuits,SALADAS,GALLETAS SALADAS,Club Social,76222106253500,47829,11191.986,53461.355471999996,2020-12-07,2020,Club Social Regular Pe 24x234 grs,0,69.24561403508773,15.377192982456137,1.1177602599259862,4.776753247546949
Walmart,Biscuits,SALADAS,GALLETAS SALADAS,Club Social,76222106253500,56819,13295.646,63390.966324,2020-12-14,2020,Club Social Regular Pe 24x234 grs,0,69.24561403508773,15.377192982456137,1.115664941727239,4.767798896270253
Walmart,Biscuits,SALADAS,GALLETAS SALADAS,Club Social,76222106253500,47994,11230.596,53921.412804,2020-12-21,2020,Club Social Regular Pe 24x234 grs,0,69.24561403508773,15.377192982456137,1.1235032046505813,4.8012957463700054
Walmart,Biscuits,SALADAS,GALLETAS SALADAS,Club Social,76222106253500,52238,12223.692,59192.514948,2020-12-28,2020,Club Social Regular Pe 24x234 grs,0,69.24561403508773,15.377192982456137,1.1331313401738197,4.842441624674444
Walmart,Biscuits,SALADAS,GALLETAS SALADAS,Club Social,76222106253500,38037,8900.658,51277.92347999999,2021-01-04,2021,Club Social Regular Pe 24x234 grs,1,69.24561403508773,15.377192982456137,1.3481064090227934,5.761138500097408
Walmart,Biscuits,SALADAS,GALLETAS SALADAS,Club Social,76222106253500,31814,7444.476,44250.465588,2021-01-11,2021,Club Social Regular Pe 24x234 grs,1,69.24561403508773,15.377192982456137,1.3909117240208713,5.944067196670391
Walmart,Biscuits,SALADAS,GALLETAS SALADAS,Club Social,76222106253500,33899,7932.366,46785.88672799999,2021-01-18,2021,Club Social Regular Pe 24x234 grs,1,69.24561403508773,15.377192982456137,1.3801553652910112,5.898099851670988
Walmart,Biscuits,SALADAS,GALLETAS SALADAS,Club Social,76222106253500,60054,14052.636,71729.46815999999,2021-01-25,2021,Club Social Regular Pe 24x234 grs,1,69.24561403508773,15.377192982456137,1.1944161614546907,5.10434257031919
Walmart,Biscuits,SALADAS,GALLETAS SALADAS,Club Social,76222106253500,70567,16512.678,79685.53017599999,2021-02-01,2021,Club Social Regular Pe 24x234 grs,1,69.24561403508773,15.377192982456137,1.129218050590219,4.825718164915466
Walmart,Biscuits,SALADAS,GALLETAS SALADAS,Club Social,76222106253500,58333,13649.922,66334.052904,2021-02-08,2021,Club Social Regular Pe 24x234 grs,1,69.24561403508773,15.377192982456137,1.137161690706804,4.859665344900871
Walmart,Biscuits,SALADAS,GALLETAS SALADAS,Club Social,76222106253500,44199,10342.566,50594.248488,2021-02-15,2021,Club Social Regular Pe 24x234 grs,1,69.24561403508773,15.377192982456137,1.1446921533971357,4.8918468093894685
Walmart,Biscuits,SALADAS,GALLETAS SALADAS,Club Social,76222106253500,49885,11673.09,56865.34761599999,2021-02-22,2021,Club Social Regular Pe 24x234 grs,1,69.24561403508773,15.377192982456137,1.1399287885336271,4.871490549289005
Walmart,Biscuits,SALADAS,GALLETAS SALADAS,Club Social,76222106253500,51522,12056.148,58802.06262,2021-03-01,2021,Club Social Regular Pe 24x234 grs,1,69.24561403508773,15.377192982456137,1.1413000780249214,4.877350760790263
Walmart,Biscuits,SALADAS,GALLETAS SALADAS,Club Social,76222106253500,17216,4028.544,19676.132112,2021-03-08,2021,Club Social Regular Pe 24x234 grs,1,69.24561403508773,15.377192982456137,1.1428980083643123,4.884179522924412
Walmart,Chocolate,TABLET,FILLED,Milka,76222108230000,2175,217.5,3804.369072,2019-01-07,2019,Milka Alpine 24Unx100 grs,0,70.14035087719299,14.929824561403507,1.7491352055172413,17.491352055172413
Walmart,Chocolate,TABLET,FILLED,Milka,76222108230000,1996,199.6,3435.122544,2019-01-14,2019,Milka Alpine 24Unx100 grs,0,70.14035087719299,14.929824561403507,1.721003278557114,17.21003278557114
Walmart,Chocolate,TABLET,FILLED,Milka,76222108230000,1958,195.8,3519.147492,2019-01-21,2019,Milka Alpine 24Unx100 grs,0,70.14035087719299,14.929824561403507,1.7973174116445352,17.973174116445353
Walmart,Chocolate,TABLET,FILLED,Milka,76222108230000,2398,239.8,4432.4020439999995,2019-01-28,2019,Milka Alpine 24Unx100 grs,0,70.14035087719299,14.929824561403507,1.8483744970809006,18.483744970809003
Walmart,Chocolate,TABLET,FILLED,Milka,76222108230000,2460,246.0,4453.650683999999,2019-02-04,2019,Milka Alpine 24Unx100 grs,0,70.14035087719299,14.929824561403507,1.8104271073170728,18.10427107317073
Walmart,Chocolate,TABLET,FILLED,Milka,76222108230000,2734,273.4,4969.338612,2019-02-11,2019,Milka Alpine 24Unx100 grs,0,70.14035087719299,14.929824561403507,1.8176073928310166,18.176073928310167
