data/sales_data.csv
Retailer,Category,Segment,Sub-Segment,Brand,KNAC-14,Units,Volume,Value,Date,year,SKU,pred_flag,R2,MAPE,Unit Price,Vol Price
Walmart,Chocolate,TABLET,FILLED,Milka,76222108230000,4181,418.1,6022.372944,2019-02-18,2019,Milka Alpine 24Unx100 grs,0,70.14035087719299,14.929824561403507,1.440414480746233,14.404144807462329
Walmart,Chocolate,TABLET,FILLED,Milka,76222108230000,5253,525.3,7370.037947999999,2019-02-25,2019,Milka Alpine 24Unx100 grs,0,70.14035087719299,14.929824561403507,1.4030150291262133,14.030150291262135
Walmart,Chocolate,TABLET,FILLED,Milka,76222108230000,5279,527.9,7211.72844,2019-03-04,2019,Milka Alpine 24Unx100 grs,0,70.14035087719299,14.929824561403507,1.3661163932562985,13.661163932562985
Walmart,Chocolate,TABLET,FILLED,Milka,76222108230000,4697,469.7,6185.114963999999,2019-03-11,2019,Milka Alpine 24Unx100 grs,0,70.14035087719299,14.929824561403507,1.31682243219076,13.1682243219076
Walmart,Chocolate,TABLET,FILLED,Milka,76222108230000,4933,493.3,6551.668283999999,2019-03-18,2019,Milka Alpine 24Unx100 grs,0,70.14035087719299,14.929824561403507,1.3281306069329009,13.281306069329007
Walmart,Chocolate,TABLET,FILLED,Milka,76222108230000,3149,314.9,4968.39042,2019-03-25,2019,Milka Alpine 24Unx100 grs,0,70.14035087719299,14.929824561403507,1.5777676786281358,15.77767678628136
Walmart,Chocolate,TABLET,FILLED,Milka,76222108230000,2420,242.0,4423.67268,2019-04-01,2019,Milka Alpine 24Unx100 grs,0,70.14035087719299,14.929824561403507,1.8279639173553717,18.27963917355372
Walmart,Chocolate,TABLET,FILLED,Milka,76222108230000,1719,171.9,3201.9487079999994,2019-04-08,2019,Milka Alpine 24Unx100 grs,0,70.14035087719299,14.929824561403507,1.8626810401396157,18.626810401396156
Walmart,Chocolate,TABLET,FILLED,Milka,76222108230000,2247,224.7,4097.036244,2019-04-15,2019,Milka Alpine 24Unx100 grs,0,70.14035087719299,14.929824561403507,1.8233361121495326,18.233361121495328
Walmart,Chocolate,TABLET,FILLED,Milka,76222108230000,3554,355.4,4933.9070759999995,2019-04-22,2019,Milka Alpine 24Unx100 grs,0,70.14035087719299,14.929824561403507,1.388268732695554,13.882687326955542
Walmart,Chocolate,TABLET,FILLED,Milka,76222108230000,5577,557.7,7453.535963999999,2019-04-29,2019,Milka Alpine 24Unx100 grs,0,70.14035087719299,14.929824561403507,1.3364776697149003,13.364776697149
Walmart,Chocolate,TABLET,FILLED,Milka,76222108230000,6488,648.8,8790.392436,2019-05-06,2019,Milka Alpine 24Unx100 grs,0,70.14035087719299,14.929824561403507,1.3548693643649816,13.548693643649816
Walmart,Chocolate,TABLET,FILLED,Milka,76222108230000,4788,478.8,6519.713928,2019-05-13,2019,Milka Alpine 24Unx100 grs,0,70.14035087719299,14.929824561403507,1.3616779298245614,13.616779298245614
Walmart,Chocolate,TABLET,FILLED,Milka,76222108230000,3411,341.1,5156.829299999999,2019-05-20,2019,Milka Alpine 24Unx100 grs,0,70.14035087719299,14.929824561403507,1.5118233069481088,15.118233069481088
Walmart,Chocolate,TABLET,FILLED,Milka,76222108230000,2992,299.2,5176.807019999999,2019-05-27,2019,Milka Alpine 24Unx100 grs,0,70.14035087719299,14.929824561403507,1.7302162499999998,17.302162499999998
Walmart,Chocolate,TABLET,FILLED,Milka,76222108230000,2706,270.6,4704.187572,2019-06-03,2019,Milka Alpine 24Unx100 grs,0,70.14035087719299,14.929824561403507,1.7384285188470066,17.384285188470063
Walmart,Chocolate,TABLET,FILLED,Milka,76222108230000,2993,299.3,5159.032703999999,2019-06-10,2019,Milka Alpine 24Unx100 grs,0,70.14035087719299,14.929824561403507,1.7236995335783492,17.23699533578349
Walmart,Chocolate,TABLET,FILLED,Milka,76222108230000,5286,528.6,7262.56524,2019-06-17,2019,Milka Alpine 24Unx100 grs,0,70.14035087719299,14.929824561403507,1.3739245629965948,13.739245629965946
Walmart,Chocolate,TABLET,FILLED,Milka,76222108230000,8108,810.8,10442.774076,2019-06-24,2019,Milka Alpine 24Unx100 grs,0,70.14035087719299,14.929824561403507,1.2879593088307844,12.879593088307844
Walmart,Chocolate,TABLET,FILLED,Milka,76222108230000,7442,744.1999999999999,9741.881688,2019-07-01,2019,Milka Alpine 24Unx100 grs,0,70.14035087719299,14.929824561403507,1.309040807309863,13.09040807309863
Walmart,Chocolate,TABLET,FILLED,Milka,76222108230000,5449,544.9,7072.835448,2019-07-08,2019,Milka Alpine 24Unx100 grs,0,70.14035087719299,14.929824561403507,1.2980061383740136,12.980061383740136
Walmart,Chocolate,TABLET,FILLED,Milka,76222108230000,8596,859.6,10956.815519999998,2019-07-15,2019,Milka Alpine 24Unx100 grs,0,70.14035087719299,14.929824561403507,1.2746411726384363,12.746411726384363
Walmart,Chocolate,TABLET,FILLED,Milka,76222108230000,9818,981.8,12198.321576,2019-07-22,2019,Milka Alpine 24Unx100 grs,0,70.14035087719299,14.929824561403507,1.2424446502342636,12.424446502342636
Walmart,Chocolate,TABLET,FILLED,Milka,76222108230000,10176,1017.6,12685.8879,2019-07-29,2019,Milka Alpine 24Unx100 grs,0,70.14035087719299,14.929824561403507,1.2466477889150942,12.466477889150942
Walmart,Chocolate,TABLET,FILLED,Milka,76222108230000,11387,1138.7,14173.241291999999,2019-08-05,2019,Milka Alpine 24Unx100 grs,0,70.14035087719299,14.929824561403507,1.2446861589531921,12.44686158953192
Walmart,Chocolate,TABLET,FILLED,Milka,76222108230000,7325,732.5,9551.669232,2019-08-12,2019,Milka Alpine 24Unx100 grs,0,70.14035087719299,14.929824561403507,1.3039821477133107,13.039821477133106
Walmart,Chocolate,TABLET,FILLED,Milka,76222108230000,4971,497.1,7297.639775999999,2019-08-19,2019,Milka Alpine 24Unx100 grs,0,70.14035087719299,14.929824561403507,1.4680426022933009,14.680426022933009
Walmart,Chocolate,TABLET,FILLED,Milka,76222108230000,3507,350.7,5697.7285679999995,2019-08-26,2019,Milka Alpine 24Unx100 grs,0,70.14035087719299,14.929824561403507,1.6246731017964071,16.24673101796407
Walmart,Chocolate,TABLET,FILLED,Milka,76222108230000,3535,353.5,5731.405092,2019-09-02,2019,Milka Alpine 24Unx100 grs,0,70.14035087719299,14.929824561403507,1.621331001980198,16.21331001980198
Walmart,Chocolate,TABLET,FILLED,Milka,76222108230000,4076,407.6,6985.778855999999,2019-09-09,2019,Milka Alpine 24Unx100 grs,0,70.14035087719299,14.929824561403507,1.713880975466143,17.13880975466143
Walmart,Chocolate,TABLET,FILLED,Milka,76222108230000,3233,323.3,5495.747963999999,2019-09-16,2019,Milka Alpine 24Unx100 grs,0,70.14035087719299,14.929824561403507,1.6998911116609958,16.998911116609957
Walmart,Chocolate,TABLET,FILLED,Milka,76222108230000,3023,302.3,5239.0364039999995,2019-09-23,2019,Milka Alpine 24Unx100 grs,0,70.14035087719299,14.929824561403507,1.7330586847502478,17.330586847502477
Walmart,Chocolate,TABLET,FILLED,Milka,76222108230000,3526,352.6,6155.809547999999,2019-09-30,2019,Milka Alpine 24Unx100 grs,0,70.14035087719299,14.929824561403507,1.7458336778218944,17.458336778218943
Walmart,Chocolate,TABLET,FILLED,Milka,76222108230000,2967,296.7,5232.403343999999,2019-10-07,2019,Milka Alpine 24Unx100 grs,0,70.14035087719299,14.929824561403507,1.7635333144590493,17.635333144590494
Walmart,Chocolate,TABLET,FILLED,Milka,76222108230000,2965,296.5,5158.531476,2019-10-14,2019,Milka Alpine 24Unx100 grs,0,70.14035087719299,14.929824561403507,1.739808254974705,17.39808254974705
Walmart,Chocolate,TABLET,FILLED,Milka,76222108230000,2133,213.3,3963.6796079999995,2019-10-21,2019,Milka Alpine 24Unx100 grs,0,70.14035087719299,14.929824561403507,1.8582651701828408,18.582651701828407
Walmart,Chocolate,TABLET,FILLED,Milka,76222108230000,2998,299.8,5355.6783,2019-10-28,2019,Milka Alpine 24Unx100 grs,0,70.14035087719299,14.929824561403507,1.7864170446964642,17.864170446964643
Walmart,Chocolate,TABLET,FILLED,Milka,76222108230000,2818,281.8,4928.939064,2019-11-04,2019,Milka Alpine 24Unx100 grs,0,70.14035087719299,14.929824561403507,1.749091222143364,17.49091222143364
Walmart,Chocolate,TABLET,FILLED,Milka,76222108230000,2544,254.4,4467.002484,2019-11-11,2019,Milka Alpine 24Unx100 grs,0,70.14035087719299,14.929824561403507,1.7558972028301885,17.558972028301884
Walmart,Chocolate,TABLET,FILLED,Milka,76222108230000,2318,231.8,4149.569508,2019-11-18,2019,Milka Alpine 24Unx100 grs,0,70.14035087719299,14.929824561403507,1.7901507799827436,17.901507799827435
Walmart,Chocolate,TABLET,FILLED,Milka,76222108230000,2727,272.7,4719.114455999999,2019-11-25,2019,Milka Alpine 24Unx100 grs,0,70.14035087719299,14.929824561403507,1.7305150187018699,17.3051501870187
Walmart,Chocolate,TABLET,FILLED,Milka,76222108230000,2702,270.2,4569.031655999999,2019-12-02,2019,Milka Alpine 24Unx100 grs,0,70.14035087719299,14.929824561403507,1.6909813678756473,16.909813678756475
Walmart,Chocolate,TABLET,FILLED,Milka,76222108230000,2841,284.1,4894.073015999999,2019-12-09,2019,Milka Alpine 24Unx100 grs,0,70.14035087719299,14.929824561403507,1.72265857655755,17.226585765575496
Walmart,Chocolate,TABLET,FILLED,Milka,76222108230000,2915,291.5,5145.496692,2019-12-16,2019,Milka Alpine 24Unx100 grs,0,70.14035087719299,14.929824561403507,1.7651789680960548,17.651789680960547
Walmart,Chocolate,TABLET,FILLED,Milka,76222108230000,2750,275.0,4920.943692,2019-12-23,2019,Milka Alpine 24Unx100 grs,0,70.14035087719299,14.929824561403507,1.7894340698181816,17.894340698181818
Walmart,Chocolate,TABLET,FILLED,Milka,76222108230000,2600,260.0,4521.082272,2019-12-30,2019,Milka Alpine 24Unx100 grs,0,70.14035087719299,14.929824561403507,1.7388777969230769,17.38877796923077
Walmart,Chocolate,TABLET,FILLED,Milka,76222108230000,2597,259.7,4486.491827999999,2020-01-06,2020,Milka Alpine 24Unx100 grs,0,70.14035087719299,14.929824561403507,1.7275671266846357,17.27567126684636
Walmart,Chocolate,TABLET,FILLED,Milka,76222108230000,2344,234.4,4270.748159999999,2020-01-13,2020,Milka Alpine 24Unx100 grs,0,70.14035087719299,14.929824561403507,1.8219915358361771,18.21991535836177
Walmart,Chocolate,TABLET,FILLED,Milka,76222108230000,3662,366.2,5600.020523999999,2020-01-20,2020,Milka Alpine 24Unx100 grs,0,70.14035087719299,14.929824561403507,1.5292246105953027,15.292246105953028
Walmart,Chocolate,TABLET,FILLED,Milka,76222108230000,4451,445.1,6426.282743999999,2020-01-27,2020,Milka Alpine 24Unx100 grs,0,70.14035087719299,14.929824561403507,1.443784035946978,14.43784035946978
Walmart,Chocolate,TABLET,FILLED,Milka,76222108230000,4748,474.8,6981.717623999999,2020-02-03,2020,Milka Alpine 24Unx100 grs,0,70.14035087719299,14.929824561403507,1.4704544279696712,14.704544279696712
Walmart,Chocolate,TABLET,FILLED,Milka,76222108230000,4706,470.6,6890.9982119999995,2020-02-10,2020,Milka Alpine 24Unx100 grs,0,70.14035087719299,14.929824561403507,1.4643005125371864,14.643005125371864
Walmart,Chocolate,TABLET,FILLED,Milka,76222108230000,4056,405.6,5608.272935999999,2020-02-17,2020,Milka Alpine 24Unx100 grs,0,70.14035087719299,14.929824561403507,1.3827102899408283,13.827102899408281
Walmart,Chocolate,TABLET,FILLED,Milka,76222108230000,5885,588.5,7971.371603999999,2020-02-24,2020,Milka Alpine 24Unx100 grs,0,70.14035087719299,14.929824561403507,1.3545236370433302,13.545236370433303
Walmart,Chocolate,TABLET,FILLED,Milka,76222108230000,4575,457.5,6244.065659999999,2020-03-02,2020,Milka Alpine 24Unx100 grs,0,70.14035087719299,14.929824561403507,1.364823095081967,13.64823095081967
Walmart,Chocolate,TABLET,FILLED,Milka,76222108230000,4859,485.9,6787.24116,2020-03-09,2020,Milka Alpine 24Unx100 grs,0,70.14035087719299,14.929824561403507,1.3968390944638813,13.968390944638815
Walmart,Chocolate,TABLET,FILLED,Milka,76222108230000,5771,577.1,7491.25944,2020-03-16,2020,Milka Alpine 24Unx100 grs,0,70.14035087719299,14.929824561403507,1.2980868896205164,12.980868896205163
Walmart,Chocolate,TABLET,FILLED,Milka,76222108230000,4237,423.7,7496.188896,2020-03-23,2020,Milka Alpine 24Unx100 grs,0,70.14035087719299,14.929824561403507,1.7692208864762804,17.692208864762804
Walmart,Chocolate,TABLET,FILLED,Milka,76222108230000,4602,460.2,8295.1806,2020-03-30,2020,Milka Alpine 24Unx100 grs,0,70.14035087719299,14.929824561403507,1.8025164276401564,18.025164276401565
Walmart,Chocolate,TABLET,FILLED,Milka,76222108230000,3537,353.7,6927.1623119999995,2020-04-06,2020,Milka Alpine 24Unx100 grs,0,70.14035087719299,14.929824561403507,1.9584852451229855,19.584852451229853
Walmart,Chocolate,TABLET,FILLED,Milka,76222108230000,2912,291.2,5353.167876,2020-04-13,2020,Milka Alpine 24Unx100 grs,0,70.14035087719299,14.929824561403507,1.8383131442307694,18.383131442307693
Walmart,Chocolate,TABLET,FILLED,Milka,76222108230000,5724,572.4,8801.450867999998,2020-04-20,2020,Milka Alpine 24Unx100 grs,0,70.14035087719299,14.929824561403507,1.5376399140461212,15.376399140461213
Walmart,Chocolate,TABLET,FILLED,Milka,76222108230000,5653,565.3,7596.684396,2020-04-27,2020,Milka Alpine 24Unx100 grs,0,70.14035087719299,14.929824561403507,1.3438323714841676,13.438323714841678
Walmart,Chocolate,TABLET,FILLED,Milka,76222108230000,8879,887.9,11579.91618,2020-05-04,2020,Milka Alpine 24Unx100 grs,0,70.14035087719299,14.929824561403507,1.3041914832751436,13.041914832751436
Walmart,Chocolate,TABLET,FILLED,Milka,76222108230000,8147,814.7,10465.570668,2020-05-11,2020,Milka Alpine 24Unx100 grs,0,70.14035087719299,14.929824561403507,1.2845919563029335,12.845919563029335
Walmart,Chocolate,TABLET,FILLED,Milka,76222108230000,10755,1075.5,14658.097271999999,2020-05-18,2020,Milka Alpine 24Unx100 grs,0,70.14035087719299,14.929824561403507,1.362910020641562,13.62910020641562
Walmart,Chocolate,TABLET,FILLED,Milka,76222108230000,11342,1134.2,16478.753004,2020-05-25,2020,Milka Alpine 24Unx100 grs,0,70.14035087719299,14.929824561403507,1.452896579439252,14.528965794392521
Walmart,Chocolate,TABLET,FILLED,Milka,76222108230000,11066,1106.6,15568.335888,2020-06-01,2020,Milka Alpine 24Unx100 grs,0,70.14035087719299,14.929824561403507,1.406862090005422,14.06862090005422
Walmart,Chocolate,TABLET,FILLED,Milka,76222108230000,11024,1102.4,15861.968388,2020-06-08,2020,Milka Alpine 24Unx100 grs,0,70.14035087719299,14.929824561403507,1.438857800072569,14.388578000725687
Walmart,Chocolate,TABLET,FILLED,Milka,76222108230000,9685,968.5,13113.185484,2020-06-15,2020,Milka Alpine 24Unx100 grs,0,70.14035087719299,14.929824561403507,1.353968557976252,13.53968557976252
Walmart,Chocolate,TABLET,FILLED,Milka,76222108230000,11529,1152.9,15113.163744,2020-06-22,2020,Milka Alpine 24Unx100 grs,0,70.14035087719299,14.929824561403507,1.3108824480874317,13.108824480874315
Walmart,Chocolate,TABLET,FILLED,Milka,76222108230000,12486,1248.6,16313.192111999999,2020-06-29,2020,Milka Alpine 24Unx100 grs,0,70.14035087719299,14.929824561403507,1.3065186698702547,13.065186698702547
Walmart,Chocolate,TABLET,FILLED,Milka,76222108230000,12480,1248.0,17343.375588,2020-07-06,2020,Milka Alpine 24Unx100 grs,0,70.14035087719299,14.929824561403507,1.389693556730769,13.896935567307692
Walmart,Chocolate,TABLET,FILLED,Milka,76222108230000,12245,1224.5,17064.05736,2020-07-13,2020,Milka Alpine 24Unx100 grs,0,70.14035087719299,14.929824561403507,1.3935530714577378,13.935530714577377
Walmart,Chocolate,TABLET,FILLED,Milka,76222108230000,11158,1115.8,15225.862931999998,2020-07-20,2020,Milka Alpine 24Unx100 grs,0,70.14035087719299,14.929824561403507,1.3645691819322459,13.645691819322458
Walmart,Chocolate,TABLET,FILLED,Milka,76222108230000,10709,1070.9,14974.739135999998,2020-07-27,2020,Milka Alpine 24Unx100 grs,0,70.14035087719299,14.929824561403507,1.398332163227192,13.983321632271918
Walmart,Chocolate,TABLET,FILLED,Milka,76222108230000,4855,485.5,7150.552919999999,2020-08-03,2020,Milka Alpine 24Unx100 grs,0,70.14035087719299,14.929824561403507,1.4728224346035015,14.728224346035013
Walmart,Chocolate,TABLET,FILLED,Milka,76222108230000,4051,405.1,6452.119548,2020-08-10,2020,Milka Alpine 24Unx100 grs,0,70.14035087719299,14.929824561403507,1.5927226729202666,15.927226729202664
Walmart,Chocolate,TABLET,FILLED,Milka,76222108230000,5272,527.2,8313.526116,2020-08-17,2020,Milka Alpine 24Unx100 grs,0,70.14035087719299,14.929824561403507,1.5769207352048558,15.769207352048555
Walmart,Chocolate,TABLET,FILLED,Milka,76222108230000,6859,685.9,11552.899848000001,2020-08-24,2020,Milka Alpine 24Unx100 grs,0,70.14035087719299,14.929824561403507,1.6843417186178744,16.843417186178744
Walmart,Chocolate,TABLET,FILLED,Milka,76222108230000,3921,392.1,8320.457628,2020-08-31,2020,Milka Alpine 24Unx100 grs,0,70.14035087719299,14.929824561403507,2.122024388676358,21.22024388676358
Walmart,Chocolate,TABLET,FILLED,Milka,76222108230000,2722,272.2,6552.859235999999,2020-09-07,2020,Milka Alpine 24Unx100 grs,0,70.14035087719299,14.929824561403507,2.4073693005143273,24.073693005143276
Walmart,Chocolate,TABLET,FILLED,Milka,76222108230000,1733,173.3,4325.531951999999,2020-09-14,2020,Milka Alpine 24Unx100 grs,0,70.14035087719299,14.929824561403507,2.495979199076745,24.95979199076745
Walmart,Chocolate,TABLET,FILLED,Milka,76222108230000,5013,501.3,9537.292128,2020-09-21,2020,Milka Alpine 24Unx100 grs,0,70.14035087719299,14.929824561403507,1.9025118946738477,19.025118946738477
Walmart,Chocolate,TABLET,FILLED,Milka,76222108230000,7442,744.2,13022.67456,2020-09-28,2020,Milka Alpine 24Unx100 grs,0,70.14035087719299,14.929824561403507,1.7498890835796828,17.49889083579683
Walmart,Chocolate,TABLET,FILLED,Milka,76222108230000,6639,663.9,11198.034708,2020-10-05,2020,Milka Alpine 24Unx100 grs,0,70.14035087719299,14.929824561403507,1.686705032083145,16.86705032083145
Walmart,Chocolate,TABLET,FILLED,Milka,76222108230000,9306,930.6,12340.904519999998,2020-10-12,2020,Milka Alpine 24Unx100 grs,0,70.14035087719299,14.929824561403507,1.3261234171502254,13.261234171502254
Walmart,Chocolate,TABLET,FILLED,Milka,76222108230000,9188,918.8,12009.555683999999,2020-10-19,2020,Milka Alpine 24Unx100 grs,0,70.14035087719299,14.929824561403507,1.3070913892033085,13.070913892033087
Walmart,Chocolate,TABLET,FILLED,Milka,76222108230000,10831,1083.1,14093.363256,2020-10-26,2020,Milka Alpine 24Unx100 grs,0,70.14035087719299,14.929824561403507,1.3012060987905087,13.01206098790509
Walmart,Chocolate,TABLET,FILLED,Milka,76222108230000,11830,1183.0,15946.515984,2020-11-02,2020,Milka Alpine 24Unx100 grs,0,70.14035087719299,14.929824561403507,1.3479726106508876,13.479726106508876
