data/sales_data.csv
Retailer,Category,Segment,Sub-Segment,Brand,KNAC-14,Units,Volume,Value,Date,year,SKU,pred_flag,R2,MAPE,Unit Price,Vol Price
Walmart,Chocolate,TABLET,FILLED,Milka,76222108230000,7332,733.2,9673.166328,2020-11-09,2020,Milka Alpine 24Unx100 grs,0,70.14035087719299,14.929824561403507,1.3193080098199672,13.19308009819967
Walmart,Chocolate,TABLET,FILLED,Milka,76222108230000,7862,786.2,10168.20966,2020-11-16,2020,Milka Alpine 24Unx100 grs,0,70.14035087719299,14.929824561403507,1.2933362579496313,12.933362579496311
Walmart,Chocolate,TABLET,FILLED,Milka,76222108230000,7530,753.0,9401.50218,2020-11-23,2020,Milka Alpine 24Unx100 grs,0,70.14035087719299,14.929824561403507,1.248539466135458,12.485394661354581
Walmart,Chocolate,TABLET,FILLED,Milka,76222108230000,7196,719.6,8995.855932,2020-11-30,2020,Milka Alpine 24Unx100 grs,0,70.14035087719299,14.929824561403507,1.250118945525292,12.501189455252918
Walmart,Chocolate,TABLET,FILLED,Milka,76222108230000,7919,791.9,9859.91874,2020-12-07,2020,Milka Alpine 24Unx100 grs,0,70.14035087719299,14.929824561403507,1.245096443995454,12.45096443995454
Walmart,Chocolate,TABLET,FILLED,Milka,76222108230000,9465,946.5,11753.423891999999,2020-12-14,2020,Milka Alpine 24Unx100 grs,0,70.14035087719299,14.929824561403507,1.241777484627575,12.417774846275751
Walmart,Chocolate,TABLET,FILLED,Milka,76222108230000,7920,792.0,9778.391364,2020-12-21,2020,Milka Alpine 24Unx100 grs,0,70.14035087719299,14.929824561403507,1.2346453742424242,12.346453742424242
Walmart,Chocolate,TABLET,FILLED,Milka,76222108230000,5317,531.7,6654.56568,2020-12-28,2020,Milka Alpine 24Unx100 grs,0,70.14035087719299,14.929824561403507,1.2515639796877938,12.515639796877936
Walmart,Chocolate,TABLET,FILLED,Milka,76222108230000,3872,387.2,6211.9685039999995,2021-01-04,2021,Milka Alpine 24Unx100 grs,1,70.14035087719299,14.929824561403507,1.604330708677686,16.04330708677686
Walmart,Chocolate,TABLET,FILLED,Milka,76222108230000,3289,328.9,5570.226732,2021-01-11,2021,Milka Alpine 24Unx100 grs,1,70.14035087719299,14.929824561403507,1.6935928038917605,16.935928038917606
Walmart,Chocolate,TABLET,FILLED,Milka,76222108230000,3064,306.4,5323.746792,2021-01-18,2021,Milka Alpine 24Unx100 grs,1,70.14035087719299,14.929824561403507,1.73751527154047,17.375152715404703
Walmart,Chocolate,TABLET,FILLED,Milka,76222108230000,8421,842.1,11267.895324,2021-01-25,2021,Milka Alpine 24Unx100 grs,1,70.14035087719299,14.929824561403507,1.338070932668329,13.38070932668329
Walmart,Chocolate,TABLET,FILLED,Milka,76222108230000,12299,1229.9,15287.185535999997,2021-02-01,2021,Milka Alpine 24Unx100 grs,1,70.14035087719299,14.929824561403507,1.2429616664769492,12.42961666476949
Walmart,Chocolate,TABLET,FILLED,Milka,76222108230000,12570,1257.0,15611.034515999998,2021-02-08,2021,Milka Alpine 24Unx100 grs,1,70.14035087719299,14.929824561403507,1.241927964677804,12.41927964677804
Walmart,Chocolate,TABLET,FILLED,Milka,76222108230000,9007,900.7,11148.2532,2021-02-15,2021,Milka Alpine 24Unx100 grs,1,70.14035087719299,14.929824561403507,1.23773211946264,12.3773211946264
Walmart,Chocolate,TABLET,FILLED,Milka,76222108230000,9198,919.8,11368.285152,2021-02-22,2021,Milka Alpine 24Unx100 grs,1,70.14035087719299,14.929824561403507,1.2359518538812786,12.359518538812786
Walmart,Chocolate,TABLET,FILLED,Milka,76222108230000,9285,928.5,11530.37886,2021-03-01,2021,Milka Alpine 24Unx100 grs,1,70.14035087719299,14.929824561403507,1.241828633279483,12.418286332794832
Walmart,Chocolate,TABLET,FILLED,Milka,76222108230000,3628,362.8,4491.9153719999995,2021-03-08,2021,Milka Alpine 24Unx100 grs,1,70.14035087719299,14.929824561403507,1.238124413450937,12.38124413450937
Walmart,Chocolate,TABLET,FILLED,Milka,76222108230300,774,77.4,1131.885636,2019-01-07,2019,Milka Caramelo 23x100 grs,0,71.54385964912281,14.228070175438596,1.462384542635659,14.623845426356588
Walmart,Chocolate,TABLET,FILLED,Milka,76222108230300,794,79.4,1161.493788,2019-01-14,2019,Milka Caramelo 23x100 grs,0,71.54385964912281,14.228070175438596,1.462838523929471,14.62838523929471
Walmart,Chocolate,TABLET,FILLED,Milka,76222108230300,768,76.8,1122.759288,2019-01-21,2019,Milka Caramelo 23x100 grs,0,71.54385964912281,14.228070175438596,1.4619261562499999,14.6192615625
Walmart,Chocolate,TABLET,FILLED,Milka,76222108230300,775,77.5,1130.364816,2019-01-28,2019,Milka Caramelo 23x100 grs,0,71.54385964912281,14.228070175438596,1.458535246451613,14.585352464516129
Walmart,Chocolate,TABLET,FILLED,Milka,76222108230300,749,74.9,1078.759752,2019-02-04,2019,Milka Caramelo 23x100 grs,0,71.54385964912281,14.228070175438596,1.440266691588785,14.402666915887849
Walmart,Chocolate,TABLET,FILLED,Milka,76222108230300,751,75.1,1068.768036,2019-02-11,2019,Milka Caramelo 23x100 grs,0,71.54385964912281,14.228070175438596,1.4231265459387483,14.231265459387483
Walmart,Chocolate,TABLET,FILLED,Milka,76222108230300,1860,186.0,2283.030708,2019-02-18,2019,Milka Caramelo 23x100 grs,0,71.54385964912281,14.228070175438596,1.227435864516129,12.27435864516129
Walmart,Chocolate,TABLET,FILLED,Milka,76222108230300,1883,188.3,2250.0881759999997,2019-02-25,2019,Milka Caramelo 23x100 grs,0,71.54385964912281,14.228070175438596,1.1949485799256505,11.949485799256504
Walmart,Chocolate,TABLET,FILLED,Milka,76222108230300,2399,239.9,2854.79334,2019-03-04,2019,Milka Caramelo 23x100 grs,0,71.54385964912281,14.228070175438596,1.1899930554397666,11.899930554397667
Walmart,Chocolate,TABLET,FILLED,Milka,76222108230300,2089,208.9,2490.900384,2019-03-11,2019,Milka Caramelo 23x100 grs,0,71.54385964912281,14.228070175438596,1.1923888865485879,11.923888865485878
Walmart,Chocolate,TABLET,FILLED,Milka,76222108230300,2281,228.1,2714.383812,2019-03-18,2019,Milka Caramelo 23x100 grs,0,71.54385964912281,14.228070175438596,1.1899972871547566,11.899972871547567
Walmart,Chocolate,TABLET,FILLED,Milka,76222108230300,1219,121.89999999999999,1574.171508,2019-03-25,2019,Milka Caramelo 23x100 grs,0,71.54385964912281,14.228070175438596,1.29136300902379,12.9136300902379
Walmart,Chocolate,TABLET,FILLED,Milka,76222108230300,989,98.9,1445.761464,2019-04-01,2019,Milka Caramelo 23x100 grs,0,71.54385964912281,14.228070175438596,1.4618417229524772,14.618417229524772
Walmart,Chocolate,TABLET,FILLED,Milka,76222108230300,801,80.1,1148.5603919999999,2019-04-08,2019,Milka Caramelo 23x100 grs,0,71.54385964912281,14.228070175438596,1.4339081048689137,14.339081048689138
Walmart,Chocolate,TABLET,FILLED,Milka,76222108230300,866,86.6,1260.7012320000001,2019-04-15,2019,Milka Caramelo 23x100 grs,0,71.54385964912281,14.228070175438596,1.4557750946882217,14.55775094688222
Walmart,Chocolate,TABLET,FILLED,Milka,76222108230300,1345,134.5,1624.6084679999997,2019-04-22,2019,Milka Caramelo 23x100 grs,0,71.54385964912281,14.228070175438596,1.2078873368029737,12.078873368029738
Walmart,Chocolate,TABLET,FILLED,Milka,76222108230300,1892,189.2,2301.951708,2019-04-29,2019,Milka Caramelo 23x100 grs,0,71.54385964912281,14.228070175438596,1.216676378435518,12.166763784355181
Walmart,Chocolate,TABLET,FILLED,Milka,76222108230300,1904,190.4,2347.452072,2019-05-06,2019,Milka Caramelo 23x100 grs,0,71.54385964912281,14.228070175438596,1.2329055,12.329055
Walmart,Chocolate,TABLET,FILLED,Milka,76222108230300,1968,196.8,2417.171316,2019-05-13,2019,Milka Caramelo 23x100 grs,0,71.54385964912281,14.228070175438596,1.2282374573170731,12.282374573170731
Walmart,Chocolate,TABLET,FILLED,Milka,76222108230300,1499,149.9,2014.6980839999999,2019-05-20,2019,Milka Caramelo 23x100 grs,0,71.54385964912281,14.228070175438596,1.3440280747164777,13.440280747164776
Walmart,Chocolate,TABLET,FILLED,Milka,76222108230300,1184,118.4,1688.8770359999999,2019-05-27,2019,Milka Caramelo 23x100 grs,0,71.54385964912281,14.228070175438596,1.4264164155405403,14.264164155405403
Walmart,Chocolate,TABLET,FILLED,Milka,76222108230300,1127,112.7,1645.7828519999998,2019-06-03,2019,Milka Caramelo 23x100 grs,0,71.54385964912281,14.228070175438596,1.4603219627329191,14.60321962732919
Walmart,Chocolate,TABLET,FILLED,Milka,76222108230300,1163,116.3,1695.2516279999998,2019-06-10,2019,Milka Caramelo 23x100 grs,0,71.54385964912281,14.228070175438596,1.4576540223559757,14.576540223559757
Walmart,Chocolate,TABLET,FILLED,Milka,76222108230300,2350,235.0,2877.260064,2019-06-17,2019,Milka Caramelo 23x100 grs,0,71.54385964912281,14.228070175438596,1.224365984680851,12.24365984680851
Walmart,Chocolate,TABLET,FILLED,Milka,76222108230300,3728,372.8,4376.995644,2019-06-24,2019,Milka Caramelo 23x100 grs,0,71.54385964912281,14.228070175438596,1.1740868143776824,11.740868143776822
Walmart,Chocolate,TABLET,FILLED,Milka,76222108230300,3341,334.1,3921.3865319999995,2019-07-01,2019,Milka Caramelo 23x100 grs,0,71.54385964912281,14.228070175438596,1.1737164118527386,11.737164118527385
Walmart,Chocolate,TABLET,FILLED,Milka,76222108230300,2483,248.3,2912.0147279999996,2019-07-08,2019,Milka Caramelo 23x100 grs,0,71.54385964912281,14.228070175438596,1.1727808006443816,11.727808006443816
Walmart,Chocolate,TABLET,FILLED,Milka,76222108230300,3050,305.0,3462.180288,2019-07-15,2019,Milka Caramelo 23x100 grs,0,71.54385964912281,14.228070175438596,1.1351410780327869,11.35141078032787
Walmart,Chocolate,TABLET,FILLED,Milka,76222108230300,4321,432.1,4807.659024,2019-07-22,2019,Milka Caramelo 23x100 grs,0,71.54385964912281,14.228070175438596,1.1126264809071973,11.126264809071973
Walmart,Chocolate,TABLET,FILLED,Milka,76222108230300,4448,444.8,4953.2350559999995,2019-07-29,2019,Milka Caramelo 23x100 grs,0,71.54385964912281,14.228070175438596,1.1135870179856113,11.135870179856115
Walmart,Chocolate,TABLET,FILLED,Milka,76222108230300,4716,471.6,5217.016643999999,2019-08-05,2019,Milka Caramelo 23x100 grs,0,71.54385964912281,14.228070175438596,1.1062376259541984,11.062376259541983
Walmart,Chocolate,TABLET,FILLED,Milka,76222108230300,2908,290.8,3260.141136,2019-08-12,2019,Milka Caramelo 23x100 grs,0,71.54385964912281,14.228070175438596,1.121093925722146,11.210939257221458
Walmart,Chocolate,TABLET,FILLED,Milka,76222108230300,2035,203.5,2546.822292,2019-08-19,2019,Milka Caramelo 23x100 grs,0,71.54385964912281,14.228070175438596,1.2515097257985257,12.515097257985257
Walmart,Chocolate,TABLET,FILLED,Milka,76222108230300,1352,135.2,1953.4425959999999,2019-08-26,2019,Milka Caramelo 23x100 grs,0,71.54385964912281,14.228070175438596,1.4448539911242602,14.448539911242603
Walmart,Chocolate,TABLET,FILLED,Milka,76222108230300,1335,133.5,1951.757556,2019-09-02,2019,Milka Caramelo 23x100 grs,0,71.54385964912281,14.228070175438596,1.4619906786516854,14.619906786516854
Walmart,Chocolate,TABLET,FILLED,Milka,76222108230300,1640,164.0,2394.5717879999997,2019-09-09,2019,Milka Caramelo 23x100 grs,0,71.54385964912281,14.228070175438596,1.4601047487804877,14.601047487804877
Walmart,Chocolate,TABLET,FILLED,Milka,76222108230300,1249,124.9,1821.6224879999997,2019-09-16,2019,Milka Caramelo 23x100 grs,0,71.54385964912281,14.228070175438596,1.4584647622097675,14.584647622097675
Walmart,Chocolate,TABLET,FILLED,Milka,76222108230300,1265,126.5,1885.2013319999999,2019-09-23,2019,Milka Caramelo 23x100 grs,0,71.54385964912281,14.228070175438596,1.490277732806324,14.90277732806324
Walmart,Chocolate,TABLET,FILLED,Milka,76222108230300,1260,126.0,1899.385656,2019-09-30,2019,Milka Caramelo 23x100 grs,0,71.54385964912281,14.228070175438596,1.5074489333333332,15.074489333333332
Walmart,Chocolate,TABLET,FILLED,Milka,76222108230300,1212,121.2,1825.9379039999997,2019-10-07,2019,Milka Caramelo 23x100 grs,0,71.54385964912281,14.228070175438596,1.506549425742574,15.065494257425739
Walmart,Chocolate,TABLET,FILLED,Milka,76222108230300,1136,113.6,1688.4100799999997,2019-10-14,2019,Milka Caramelo 23x100 grs,0,71.54385964912281,14.228070175438596,1.4862764788732392,14.862764788732392
Walmart,Chocolate,TABLET,FILLED,Milka,76222108230300,1016,101.6,1532.910876,2019-10-21,2019,Milka Caramelo 23x100 grs,0,71.54385964912281,14.228070175438596,1.5087705472440944,15.087705472440945
Walmart,Chocolate,TABLET,FILLED,Milka,76222108230300,1317,131.7,1987.7417279999997,2019-10-28,2019,Milka Caramelo 23x100 grs,0,71.54385964912281,14.228070175438596,1.5092951617312071,15.092951617312073
Walmart,Chocolate,TABLET,FILLED,Milka,76222108230300,1034,103.4,1516.7844719999998,2019-11-04,2019,Milka Caramelo 23x100 grs,0,71.54385964912281,14.228070175438596,1.4669095473887812,14.669095473887811
Walmart,Chocolate,TABLET,FILLED,Milka,76222108230300,921,92.1,1365.7149239999999,2019-11-11,2019,Milka Caramelo 23x100 grs,0,71.54385964912281,14.228070175438596,1.4828609381107491,14.828609381107492
Walmart,Chocolate,TABLET,FILLED,Milka,76222108230300,1061,106.1,1585.012884,2019-11-18,2019,Milka Caramelo 23x100 grs,0,71.54385964912281,14.228070175438596,1.4938858473138548,14.938858473138549
Walmart,Chocolate,TABLET,FILLED,Milka,76222108230300,1146,114.6,1720.9427759999999,2019-11-25,2019,Milka Caramelo 23x100 grs,0,71.54385964912281,14.228070175438596,1.5016952670157067,15.016952670157067
Walmart,Chocolate,TABLET,FILLED,Milka,76222108230300,1042,104.2,1571.46402,2019-12-02,2019,Milka Caramelo 23x100 grs,0,71.54385964912281,14.228070175438596,1.5081228598848369,15.081228598848368
Walmart,Chocolate,TABLET,FILLED,Milka,76222108230300,1168,116.8,1708.861896,2019-12-09,2019,Milka Caramelo 23x100 grs,0,71.54385964912281,14.228070175438596,1.4630666917808217,14.630666917808218
Walmart,Chocolate,TABLET,FILLED,Milka,76222108230300,1032,103.2,1543.762248,2019-12-16,2019,Milka Caramelo 23x100 grs,0,71.54385964912281,14.228070175438596,1.4958936511627907,14.958936511627906
Walmart,Chocolate,TABLET,FILLED,Milka,76222108230300,1031,103.1,1555.940232,2019-12-23,2019,Milka Caramelo 23x100 grs,0,71.54385964912281,14.228070175438596,1.5091563840931135,15.091563840931135
Walmart,Chocolate,TABLET,FILLED,Milka,76222108230300,933,93.3,1409.2946279999999,2019-12-30,2019,Milka Caramelo 23x100 grs,0,71.54385964912281,14.228070175438596,1.5104979935691316,15.104979935691317
Walmart,Chocolate,TABLET,FILLED,Milka,76222108230300,1060,106.0,1576.6191,2020-01-06,2020,Milka Caramelo 23x100 grs,0,71.54385964912281,14.228070175438596,1.4873765094339622,14.873765094339621
Walmart,Chocolate,TABLET,FILLED,Milka,76222108230300,899,89.9,1400.2925159999998,2020-01-13,2020,Milka Caramelo 23x100 grs,0,71.54385964912281,14.228070175438596,1.5576112525027805,15.576112525027805
Walmart,Chocolate,TABLET,FILLED,Milka,76222108230300,1427,142.7,1912.9073879999999,2020-01-20,2020,Milka Caramelo 23x100 grs,0,71.54385964912281,14.228070175438596,1.340509732305536,13.405097323055362
Walmart,Chocolate,TABLET,FILLED,Milka,76222108230300,1873,187.3,2359.193088,2020-01-27,2020,Milka Caramelo 23x100 grs,0,71.54385964912281,14.228070175438596,1.259579865456487,12.595798654564868
Walmart,Chocolate,TABLET,FILLED,Milka,76222108230300,1973,197.3,2485.361172,2020-02-03,2020,Milka Caramelo 23x100 grs,0,71.54385964912281,14.228070175438596,1.259686351748606,12.59686351748606
Walmart,Chocolate,TABLET,FILLED,Milka,76222108230300,1919,191.9,2417.588292,2020-02-10,2020,Milka Caramelo 23x100 grs,0,71.54385964912281,14.228070175438596,1.259816723293382,12.598167232933818
Walmart,Chocolate,TABLET,FILLED,Milka,76222108230300,1817,181.7,2185.1513039999995,2020-02-17,2020,Milka Caramelo 23x100 grs,0,71.54385964912281,14.228070175438596,1.202614916895982,12.026149168959822
Walmart,Chocolate,TABLET,FILLED,Milka,76222108230300,2512,251.2,2999.2926599999996,2020-02-24,2020,Milka Caramelo 23x100 grs,0,71.54385964912281,14.228070175438596,1.1939859315286623,11.939859315286624
Walmart,Chocolate,TABLET,FILLED,Milka,76222108230300,2510,251.0,3002.174364,2020-03-02,2020,Milka Caramelo 23x100 grs,0,71.54385964912281,14.228070175438596,1.1960854039840638,11.960854039840637
Walmart,Chocolate,TABLET,FILLED,Milka,76222108230300,1649,164.9,1993.633656,2020-03-09,2020,Milka Caramelo 23x100 grs,0,71.54385964912281,14.228070175438596,1.2089955463917526,12.089955463917525
Walmart,Chocolate,TABLET,FILLED,Milka,76222108230300,1021,102.10000000000001,1220.3031119999998,2020-03-16,2020,Milka Caramelo 23x100 grs,0,71.54385964912281,14.228070175438596,1.195203831537708,11.952038315377079
Walmart,Chocolate,TABLET,FILLED,Milka,76222108230300,316,31.6,428.92693199999997,2020-03-23,2020,Milka Caramelo 23x100 grs,0,71.54385964912281,14.228070175438596,1.3573637088607593,13.573637088607594
Walmart,Chocolate,TABLET,FILLED,Milka,76222108230300,680,68.0,1058.694924,2020-03-30,2020,Milka Caramelo 23x100 grs,0,71.54385964912281,14.228070175438596,1.5569042999999998,15.569042999999999
Walmart,Chocolate,TABLET,FILLED,Milka,76222108230300,1198,119.8,1859.9600039999998,2020-04-06,2020,Milka Caramelo 23x100 grs,0,71.54385964912281,14.228070175438596,1.5525542604340565,15.525542604340567
Walmart,Chocolate,TABLET,FILLED,Milka,76222108230300,969,96.9,1498.33614,2020-04-13,2020,Milka Caramelo 23x100 grs,0,71.54385964912281,14.228070175438596,1.5462705263157894,15.462705263157893
Walmart,Chocolate,TABLET,FILLED,Milka,76222108230300,2564,256.4,3352.8012,2020-04-20,2020,Milka Caramelo 23x100 grs,0,71.54385964912281,14.228070175438596,1.3076447737909516,13.076447737909517
Walmart,Chocolate,TABLET,FILLED,Milka,76222108230300,2458,245.8,2991.741396,2020-04-27,2020,Milka Caramelo 23x100 grs,0,71.54385964912281,14.228070175438596,1.2171445874694873,12.171445874694873
Walmart,Chocolate,TABLET,FILLED,Milka,76222108230300,3285,328.5,4002.0314039999994,2020-05-04,2020,Milka Caramelo 23x100 grs,0,71.54385964912281,14.228070175438596,1.2182743999999999,12.182743999999998
Walmart,Chocolate,TABLET,FILLED,Milka,76222108230300,4052,405.2,4940.520144,2020-05-11,2020,Milka Caramelo 23x100 grs,0,71.54385964912281,14.228070175438596,1.219279403751234,12.192794037512341
Walmart,Chocolate,TABLET,FILLED,Milka,76222108230300,4236,423.6,5234.8980599999995,2020-05-18,2020,Milka Caramelo 23x100 grs,0,71.54385964912281,14.228070175438596,1.235811628895184,12.35811628895184
