data/sales_data.csv
Retailer,Category,Segment,Sub-Segment,Brand,KNAC-14,Units,Volume,Value,Date,year,SKU,pred_flag,R2,MAPE,Unit Price,Vol Price
Walmart,Chocolate,TABLET,FILLED,Milka,76222108230300,3783,378.3,4657.3577399999995,2020-05-25,2020,Milka Caramelo 23x100 grs,0,71.54385964912281,14.228070175438596,1.2311281363996827,12.311281363996827
Walmart,Chocolate,TABLET,FILLED,Milka,76222108230300,4508,450.8,5510.824788,2020-06-01,2020,Milka Caramelo 23x100 grs,0,71.54385964912281,14.228070175438596,1.2224544782608695,12.224544782608696
Walmart,Chocolate,TABLET,FILLED,Milka,76222108230300,4490,449.0,5521.7147159999995,2020-06-08,2020,Milka Caramelo 23x100 grs,0,71.54385964912281,14.228070175438596,1.2297805603563474,12.297805603563473
Walmart,Chocolate,TABLET,FILLED,Milka,76222108230300,4302,430.2,5286.010463999999,2020-06-15,2020,Milka Caramelo 23x100 grs,0,71.54385964912281,14.228070175438596,1.2287332552301253,12.287332552301253
Walmart,Chocolate,TABLET,FILLED,Milka,76222108230300,4261,426.1,5178.040811999999,2020-06-22,2020,Milka Caramelo 23x100 grs,0,71.54385964912281,14.228070175438596,1.2152172757568644,12.152172757568643
Walmart,Chocolate,TABLET,FILLED,Milka,76222108230300,4943,494.3,6039.95448,2020-06-29,2020,Milka Caramelo 23x100 grs,0,71.54385964912281,14.228070175438596,1.2219207930406637,12.219207930406636
Walmart,Chocolate,TABLET,FILLED,Milka,76222108230300,3990,399.0,4876.191599999999,2020-07-06,2020,Milka Caramelo 23x100 grs,0,71.54385964912281,14.228070175438596,1.2221031578947366,12.221031578947366
Walmart,Chocolate,TABLET,FILLED,Milka,76222108230300,4005,400.5,4955.028624,2020-07-13,2020,Milka Caramelo 23x100 grs,0,71.54385964912281,14.228070175438596,1.2372106426966292,12.37210642696629
Walmart,Chocolate,TABLET,FILLED,Milka,76222108230300,3528,352.8,4278.7035479999995,2020-07-20,2020,Milka Caramelo 23x100 grs,0,71.54385964912281,14.228070175438596,1.2127844523809523,12.127844523809522
Walmart,Chocolate,TABLET,FILLED,Milka,76222108230300,5916,591.6,6999.229187999999,2020-07-27,2020,Milka Caramelo 23x100 grs,0,71.54385964912281,14.228070175438596,1.183101620689655,11.83101620689655
Walmart,Chocolate,TABLET,FILLED,Milka,76222108230300,3531,353.1,4200.551964,2020-08-03,2020,Milka Caramelo 23x100 grs,0,71.54385964912281,14.228070175438596,1.1896210603228548,11.896210603228546
Walmart,Chocolate,TABLET,FILLED,Milka,76222108230300,2404,240.4,2884.6356839999994,2020-08-10,2020,Milka Caramelo 23x100 grs,0,71.54385964912281,14.228070175438596,1.199931648918469,11.99931648918469
Walmart,Chocolate,TABLET,FILLED,Milka,76222108230300,1892,189.2,2777.084436,2020-08-17,2020,Milka Caramelo 23x100 grs,0,71.54385964912281,14.228070175438596,1.4678036131078225,14.678036131078226
Walmart,Chocolate,TABLET,FILLED,Milka,76222108230300,2321,232.1,3660.5137799999998,2020-08-24,2020,Milka Caramelo 23x100 grs,0,71.54385964912281,14.228070175438596,1.577127867298578,15.771278672985781
Walmart,Chocolate,TABLET,FILLED,Milka,76222108230300,1266,126.6,2027.1488159999997,2020-08-31,2020,Milka Caramelo 23x100 grs,0,71.54385964912281,14.228070175438596,1.6012233933649287,16.012233933649288
Walmart,Chocolate,TABLET,FILLED,Milka,76222108230300,719,71.9,1149.858444,2020-09-07,2020,Milka Caramelo 23x100 grs,0,71.54385964912281,14.228070175438596,1.599246792767733,15.992467927677328
Walmart,Chocolate,TABLET,FILLED,Milka,76222108230300,377,37.7,606.78576,2020-09-14,2020,Milka Caramelo 23x100 grs,0,71.54385964912281,14.228070175438596,1.609511299734748,16.095112997347478
Walmart,Chocolate,TABLET,FILLED,Milka,76222108230300,1415,141.5,2279.0865719999997,2020-09-21,2020,Milka Caramelo 23x100 grs,0,71.54385964912281,14.228070175438596,1.6106618883392223,16.106618883392223
Walmart,Chocolate,TABLET,FILLED,Milka,76222108230300,1982,198.2,3135.775188,2020-09-28,2020,Milka Caramelo 23x100 grs,0,71.54385964912281,14.228070175438596,1.5821267346115035,15.821267346115036
Walmart,Chocolate,TABLET,FILLED,Milka,76222108230300,2218,221.8,3494.988588,2020-10-05,2020,Milka Caramelo 23x100 grs,0,71.54385964912281,14.228070175438596,1.5757387682596935,15.757387682596933
Walmart,Chocolate,TABLET,FILLED,Milka,76222108230300,3219,321.9,4081.665252,2020-10-12,2020,Milka Caramelo 23x100 grs,0,71.54385964912281,14.228070175438596,1.267991690587139,12.679916905871389
Walmart,Chocolate,TABLET,FILLED,Milka,76222108230300,2995,299.5,3721.352292,2020-10-19,2020,Milka Caramelo 23x100 grs,0,71.54385964912281,14.228070175438596,1.2425216333889817,12.425216333889816
Walmart,Chocolate,TABLET,FILLED,Milka,76222108230300,3507,350.7,4357.484879999999,2020-10-26,2020,Milka Caramelo 23x100 grs,0,71.54385964912281,14.228070175438596,1.2425106586826344,12.425106586826345
Walmart,Chocolate,TABLET,FILLED,Milka,76222108230300,3892,389.2,5068.189055999999,2020-11-02,2020,Milka Caramelo 23x100 grs,0,71.54385964912281,14.228070175438596,1.3022068489208631,13.022068489208632
Walmart,Chocolate,TABLET,FILLED,Milka,76222108230300,1919,191.9,2395.852704,2020-11-09,2020,Milka Caramelo 23x100 grs,0,71.54385964912281,14.228070175438596,1.2484902053152682,12.484902053152682
Walmart,Chocolate,TABLET,FILLED,Milka,76222108230300,1505,150.5,1851.079272,2020-11-16,2020,Milka Caramelo 23x100 grs,0,71.54385964912281,14.228070175438596,1.2299530046511629,12.299530046511627
Walmart,Chocolate,TABLET,FILLED,Milka,76222108230300,1002,100.2,1183.5092639999998,2020-11-23,2020,Milka Caramelo 23x100 grs,0,71.54385964912281,14.228070175438596,1.18114697005988,11.811469700598801
Walmart,Chocolate,TABLET,FILLED,Milka,76222108230300,886,88.60000000000001,1056.338724,2020-11-30,2020,Milka Caramelo 23x100 grs,0,71.54385964912281,14.228070175438596,1.1922558961625283,11.922558961625281
Walmart,Chocolate,TABLET,FILLED,Milka,76222108230300,554,55.4,667.585716,2020-12-07,2020,Milka Caramelo 23x100 grs,0,71.54385964912281,14.228070175438596,1.205028368231047,12.05028368231047
Walmart,Chocolate,TABLET,FILLED,Milka,76222108230300,604,60.4,721.22568,2020-12-14,2020,Milka Caramelo 23x100 grs,0,71.54385964912281,14.228070175438596,1.194082251655629,11.940822516556292
Walmart,Chocolate,TABLET,FILLED,Milka,76222108230300,406,40.6,490.68079199999994,2020-12-21,2020,Milka Caramelo 23x100 grs,0,71.54385964912281,14.228070175438596,1.2085733793103446,12.085733793103447
Walmart,Chocolate,TABLET,FILLED,Milka,76222108230300,411,41.1,496.805484,2020-12-28,2020,Milka Caramelo 23x100 grs,0,71.54385964912281,14.228070175438596,1.2087724671532847,12.087724671532845
Walmart,Chocolate,TABLET,FILLED,Milka,76222108230300,311,31.1,452.4760799999999,2021-01-04,2021,Milka Caramelo 23x100 grs,1,71.54385964912281,14.228070175438596,1.454907009646302,14.54907009646302
Walmart,Chocolate,TABLET,FILLED,Milka,76222108230300,192,19.2,305.930436,2021-01-11,2021,Milka Caramelo 23x100 grs,1,71.54385964912281,14.228070175438596,1.5933876875,15.933876875
Walmart,Chocolate,TABLET,FILLED,Milka,76222108230300,244,24.4,405.3606479999999,2021-01-18,2021,Milka Caramelo 23x100 grs,1,71.54385964912281,14.228070175438596,1.6613141311475406,16.613141311475406
Walmart,Chocolate,TABLET,FILLED,Milka,76222108230300,1674,167.4,2156.312844,2021-01-25,2021,Milka Caramelo 23x100 grs,1,71.54385964912281,14.228070175438596,1.2881199784946238,12.881199784946237
Walmart,Chocolate,TABLET,FILLED,Milka,76222108230300,2212,221.20000000000002,2697.7790279999995,2021-02-01,2021,Milka Caramelo 23x100 grs,1,71.54385964912281,14.228070175438596,1.2196107721518985,12.196107721518985
Walmart,Chocolate,TABLET,FILLED,Milka,76222108230300,2125,212.5,2592.6825119999994,2021-02-08,2021,Milka Caramelo 23x100 grs,1,71.54385964912281,14.228070175438596,1.2200858879999996,12.200858879999997
Walmart,Chocolate,TABLET,FILLED,Milka,76222108230300,1178,117.8,1446.9881159999998,2021-02-15,2021,Milka Caramelo 23x100 grs,1,71.54385964912281,14.228070175438596,1.2283430526315788,12.283430526315788
Walmart,Chocolate,TABLET,FILLED,Milka,76222108230300,1130,113.0,1358.9576279999999,2021-02-22,2021,Milka Caramelo 23x100 grs,1,71.54385964912281,14.228070175438596,1.2026173699115044,12.026173699115043
Walmart,Chocolate,TABLET,FILLED,Milka,76222108230300,873,87.3,1081.2044879999999,2021-03-01,2021,Milka Caramelo 23x100 grs,1,71.54385964912281,14.228070175438596,1.2384931134020616,12.384931134020617
Walmart,Chocolate,TABLET,FILLED,Milka,76222108230300,355,35.5,423.310608,2021-03-08,2021,Milka Caramelo 23x100 grs,1,71.54385964912281,14.228070175438596,1.192424247887324,11.92424247887324
Walmart,Chocolate,TABLET,FILLED,Milka,76222108229000,148,14.8,207.12711599999997,2019-01-07,2019,Milka Choc Bisc Chips Ahoy 22Unx100grs,0,70.33333333333333,14.833333333333336,1.3995075405405404,13.995075405405403
Walmart,Chocolate,TABLET,FILLED,Milka,76222108229000,183,18.3,193.074168,2019-01-14,2019,Milka Choc Bisc Chips Ahoy 22Unx100grs,0,70.33333333333333,14.833333333333336,1.0550500983606557,10.550500983606556
Walmart,Chocolate,TABLET,FILLED,Milka,76222108229000,114,11.4,146.60562,2019-01-21,2019,Milka Choc Bisc Chips Ahoy 22Unx100grs,0,70.33333333333333,14.833333333333336,1.2860142105263157,12.860142105263156
Walmart,Chocolate,TABLET,FILLED,Milka,76222108229000,71,7.1000000000000005,103.92269999999999,2019-01-28,2019,Milka Choc Bisc Chips Ahoy 22Unx100grs,0,70.33333333333333,14.833333333333336,1.4636999999999998,14.636999999999997
Walmart,Chocolate,TABLET,FILLED,Milka,76222108229000,74,7.4,107.962512,2019-02-04,2019,Milka Choc Bisc Chips Ahoy 22Unx100grs,0,70.33333333333333,14.833333333333336,1.4589528648648649,14.589528648648649
Walmart,Chocolate,TABLET,FILLED,Milka,76222108229000,92,9.200000000000001,134.57329199999998,2019-02-11,2019,Milka Choc Bisc Chips Ahoy 22Unx100grs,0,70.33333333333333,14.833333333333336,1.4627531739130433,14.627531739130431
Walmart,Chocolate,TABLET,FILLED,Milka,76222108229000,512,51.199999999999996,621.555564,2019-02-18,2019,Milka Choc Bisc Chips Ahoy 22Unx100grs,0,70.33333333333333,14.833333333333336,1.2139757109375,12.139757109375001
Walmart,Chocolate,TABLET,FILLED,Milka,76222108229000,579,57.9,693.0926519999999,2019-02-25,2019,Milka Choc Bisc Chips Ahoy 22Unx100grs,0,70.33333333333333,14.833333333333336,1.197051212435233,11.97051212435233
Walmart,Chocolate,TABLET,FILLED,Milka,76222108229000,684,68.4,807.0584759999999,2019-03-04,2019,Milka Choc Bisc Chips Ahoy 22Unx100grs,0,70.33333333333333,14.833333333333336,1.1799100526315789,11.799100526315787
Walmart,Chocolate,TABLET,FILLED,Milka,76222108229000,555,55.5,643.5381959999999,2019-03-11,2019,Milka Choc Bisc Chips Ahoy 22Unx100grs,0,70.33333333333333,14.833333333333336,1.1595282810810807,11.595282810810808
Walmart,Chocolate,TABLET,FILLED,Milka,76222108229000,545,54.5,651.806316,2019-03-18,2019,Milka Choc Bisc Chips Ahoy 22Unx100grs,0,70.33333333333333,14.833333333333336,1.1959748917431194,11.959748917431194
Walmart,Chocolate,TABLET,FILLED,Milka,76222108229000,310,31.0,400.65538799999996,2019-03-25,2019,Milka Choc Bisc Chips Ahoy 22Unx100grs,0,70.33333333333333,14.833333333333336,1.2924367354838708,12.924367354838708
Walmart,Chocolate,TABLET,FILLED,Milka,76222108229000,234,23.400000000000002,337.377852,2019-04-01,2019,Milka Choc Bisc Chips Ahoy 22Unx100grs,0,70.33333333333333,14.833333333333336,1.4417856923076924,14.417856923076922
Walmart,Chocolate,TABLET,FILLED,Milka,76222108229000,221,22.1,317.373,2019-04-08,2019,Milka Choc Bisc Chips Ahoy 22Unx100grs,0,70.33333333333333,14.833333333333336,1.436076923076923,14.360769230769229
Walmart,Chocolate,TABLET,FILLED,Milka,76222108229000,202,20.2,280.56058799999994,2019-04-15,2019,Milka Choc Bisc Chips Ahoy 22Unx100grs,0,70.33333333333333,14.833333333333336,1.3889138019801976,13.889138019801978
Walmart,Chocolate,TABLET,FILLED,Milka,76222108229000,361,36.1,437.9833079999999,2019-04-22,2019,Milka Choc Bisc Chips Ahoy 22Unx100grs,0,70.33333333333333,14.833333333333336,1.2132501606648196,12.132501606648196
Walmart,Chocolate,TABLET,FILLED,Milka,76222108229000,643,64.3,787.9289879999999,2019-04-29,2019,Milka Choc Bisc Chips Ahoy 22Unx100grs,0,70.33333333333333,14.833333333333336,1.2253950046656297,12.253950046656298
Walmart,Chocolate,TABLET,FILLED,Milka,76222108229000,624,62.4,760.954068,2019-05-06,2019,Milka Choc Bisc Chips Ahoy 22Unx100grs,0,70.33333333333333,14.833333333333336,1.219477673076923,12.194776730769231
Walmart,Chocolate,TABLET,FILLED,Milka,76222108229000,481,48.1,586.3667879999999,2019-05-13,2019,Milka Choc Bisc Chips Ahoy 22Unx100grs,0,70.33333333333333,14.833333333333336,1.2190577713097712,12.190577713097712
Walmart,Chocolate,TABLET,FILLED,Milka,76222108229000,265,26.5,351.399384,2019-05-20,2019,Milka Choc Bisc Chips Ahoy 22Unx100grs,0,70.33333333333333,14.833333333333336,1.3260354113207546,13.260354113207548
Walmart,Chocolate,TABLET,FILLED,Milka,76222108229000,216,21.599999999999998,304.87085999999994,2019-05-27,2019,Milka Choc Bisc Chips Ahoy 22Unx100grs,0,70.33333333333333,14.833333333333336,1.4114391666666664,14.114391666666664
Walmart,Chocolate,TABLET,FILLED,Milka,76222108229000,148,14.8,210.190176,2019-06-03,2019,Milka Choc Bisc Chips Ahoy 22Unx100grs,0,70.33333333333333,14.833333333333336,1.420203891891892,14.20203891891892
Walmart,Chocolate,TABLET,FILLED,Milka,76222108229000,183,18.3,263.034744,2019-06-10,2019,Milka Choc Bisc Chips Ahoy 22Unx100grs,0,70.33333333333333,14.833333333333336,1.4373483278688524,14.373483278688523
Walmart,Chocolate,TABLET,FILLED,Milka,76222108229000,656,65.6,792.5828399999999,2019-06-17,2019,Milka Choc Bisc Chips Ahoy 22Unx100grs,0,70.33333333333333,14.833333333333336,1.2082055487804877,12.082055487804878
Walmart,Chocolate,TABLET,FILLED,Milka,76222108229000,1018,101.8,1184.4160439999998,2019-06-24,2019,Milka Choc Bisc Chips Ahoy 22Unx100grs,0,70.33333333333333,14.833333333333336,1.1634735206286835,11.634735206286836
Walmart,Chocolate,TABLET,FILLED,Milka,76222108229000,823,82.3,964.422648,2019-07-01,2019,Milka Choc Bisc Chips Ahoy 22Unx100grs,0,70.33333333333333,14.833333333333336,1.1718379684082625,11.718379684082624
Walmart,Chocolate,TABLET,FILLED,Milka,76222108229000,954,95.4,1113.5572559999998,2019-07-08,2019,Milka Choc Bisc Chips Ahoy 22Unx100grs,0,70.33333333333333,14.833333333333336,1.16725079245283,11.672507924528299
Walmart,Chocolate,TABLET,FILLED,Milka,76222108229000,1335,133.5,1522.4821919999997,2019-07-15,2019,Milka Choc Bisc Chips Ahoy 22Unx100grs,0,70.33333333333333,14.833333333333336,1.1404360988764042,11.404360988764044
Walmart,Chocolate,TABLET,FILLED,Milka,76222108229000,921,92.1,1031.2516199999998,2019-07-22,2019,Milka Choc Bisc Chips Ahoy 22Unx100grs,0,70.33333333333333,14.833333333333336,1.119708599348534,11.19708599348534
Walmart,Chocolate,TABLET,FILLED,Milka,76222108229000,1025,102.5,1141.6345919999999,2019-07-29,2019,Milka Choc Bisc Chips Ahoy 22Unx100grs,0,70.33333333333333,14.833333333333336,1.1137898458536584,11.137898458536585
Walmart,Chocolate,TABLET,FILLED,Milka,76222108229000,813,81.3,901.7163119999999,2019-08-05,2019,Milka Choc Bisc Chips Ahoy 22Unx100grs,0,70.33333333333333,14.833333333333336,1.1091221549815498,11.091221549815497
Walmart,Chocolate,TABLET,FILLED,Milka,76222108229000,328,32.8,367.27874399999996,2019-08-12,2019,Milka Choc Bisc Chips Ahoy 22Unx100grs,0,70.33333333333333,14.833333333333336,1.1197522682926828,11.197522682926829
Walmart,Chocolate,TABLET,FILLED,Milka,76222108229000,112,11.200000000000001,139.878312,2019-08-19,2019,Milka Choc Bisc Chips Ahoy 22Unx100grs,0,70.33333333333333,14.833333333333336,1.2489135,12.489134999999997
Walmart,Chocolate,TABLET,FILLED,Milka,76222108229000,228,22.8,322.37814,2019-08-26,2019,Milka Choc Bisc Chips Ahoy 22Unx100grs,0,70.33333333333333,14.833333333333336,1.4139392105263158,14.139392105263155
Walmart,Chocolate,TABLET,FILLED,Milka,76222108229000,205,20.5,296.71412399999997,2019-09-02,2019,Milka Choc Bisc Chips Ahoy 22Unx100grs,0,70.33333333333333,14.833333333333336,1.4473859707317072,14.473859707317072
Walmart,Chocolate,TABLET,FILLED,Milka,76222108229000,297,29.7,433.896372,2019-09-09,2019,Milka Choc Bisc Chips Ahoy 22Unx100grs,0,70.33333333333333,14.833333333333336,1.4609305454545454,14.609305454545455
Walmart,Chocolate,TABLET,FILLED,Milka,76222108229000,187,18.7,273.09785999999997,2019-09-16,2019,Milka Choc Bisc Chips Ahoy 22Unx100grs,0,70.33333333333333,14.833333333333336,1.4604163636363634,14.604163636363635
Walmart,Chocolate,TABLET,FILLED,Milka,76222108229000,217,21.7,297.628044,2019-09-23,2019,Milka Choc Bisc Chips Ahoy 22Unx100grs,0,70.33333333333333,14.833333333333336,1.371557806451613,13.715578064516128
Walmart,Chocolate,TABLET,FILLED,Milka,76222108229000,206,20.6,310.891308,2019-09-30,2019,Milka Choc Bisc Chips Ahoy 22Unx100grs,0,70.33333333333333,14.833333333333336,1.5091811067961165,15.091811067961164
Walmart,Chocolate,TABLET,FILLED,Milka,76222108229000,165,16.5,249.068904,2019-10-07,2019,Milka Choc Bisc Chips Ahoy 22Unx100grs,0,70.33333333333333,14.833333333333336,1.509508509090909,15.095085090909091
Walmart,Chocolate,TABLET,FILLED,Milka,76222108229000,176,17.599999999999998,265.428072,2019-10-14,2019,Milka Choc Bisc Chips Ahoy 22Unx100grs,0,70.33333333333333,14.833333333333336,1.5081140454545454,15.081140454545455
Walmart,Chocolate,TABLET,FILLED,Milka,76222108229000,175,17.5,255.22786799999997,2019-10-21,2019,Milka Choc Bisc Chips Ahoy 22Unx100grs,0,70.33333333333333,14.833333333333336,1.4584449599999998,14.5844496
Walmart,Chocolate,TABLET,FILLED,Milka,76222108229000,225,22.5,335.59570799999995,2019-10-28,2019,Milka Choc Bisc Chips Ahoy 22Unx100grs,0,70.33333333333333,14.833333333333336,1.4915364799999997,14.915364799999997
Walmart,Chocolate,TABLET,FILLED,Milka,76222108229000,155,15.5,233.67220799999998,2019-11-04,2019,Milka Choc Bisc Chips Ahoy 22Unx100grs,0,70.33333333333333,14.833333333333336,1.5075626322580644,15.075626322580645
Walmart,Chocolate,TABLET,FILLED,Milka,76222108229000,168,16.8,253.47285599999998,2019-11-11,2019,Milka Choc Bisc Chips Ahoy 22Unx100grs,0,70.33333333333333,14.833333333333336,1.508767,15.087669999999997
