data/sales_data.csv
Retailer,Category,Segment,Sub-Segment,Brand,KNAC-14,Units,Volume,Value,Date,year,SKU,pred_flag,R2,MAPE,Unit Price,Vol Price
Walmart,Chocolate,TABLET,FILLED,Milka,76222108229000,119,11.9,179.86659599999996,2019-11-18,2019,Milka Choc Bisc Chips Ahoy 22Unx100grs,0,70.33333333333333,14.833333333333336,1.5114839999999996,15.114839999999996
Walmart,Chocolate,TABLET,FILLED,Milka,76222108229000,155,15.5,234.03634799999998,2019-11-25,2019,Milka Choc Bisc Chips Ahoy 22Unx100grs,0,70.33333333333333,14.833333333333336,1.509911922580645,15.09911922580645
Walmart,Chocolate,TABLET,FILLED,Milka,76222108229000,147,14.700000000000001,221.48422799999997,2019-12-02,2019,Milka Choc Bisc Chips Ahoy 22Unx100grs,0,70.33333333333333,14.833333333333336,1.5066954285714285,15.066954285714283
Walmart,Chocolate,TABLET,FILLED,Milka,76222108229000,122,12.2,179.34823199999997,2019-12-09,2019,Milka Choc Bisc Chips Ahoy 22Unx100grs,0,70.33333333333333,14.833333333333336,1.4700674754098357,14.700674754098358
Walmart,Chocolate,TABLET,FILLED,Milka,76222108229000,148,14.8,223.26922799999997,2019-12-16,2019,Milka Choc Bisc Chips Ahoy 22Unx100grs,0,70.33333333333333,14.833333333333336,1.5085758648648646,15.085758648648646
Walmart,Chocolate,TABLET,FILLED,Milka,76222108229000,122,12.2,184.22199599999996,2019-12-23,2019,Milka Choc Bisc Chips Ahoy 22Unx100grs,0,70.33333333333333,14.833333333333336,1.5100163606557373,15.100163606557375
Walmart,Chocolate,TABLET,FILLED,Milka,76222108229000,145,14.5,219.27653999999998,2019-12-30,2019,Milka Choc Bisc Chips Ahoy 22Unx100grs,0,70.33333333333333,14.833333333333336,1.512252,15.122519999999998
Walmart,Chocolate,TABLET,FILLED,Milka,76222108229000,139,13.899999999999999,209.747496,2020-01-06,2020,Milka Choc Bisc Chips Ahoy 22Unx100grs,0,70.33333333333333,14.833333333333336,1.5089747913669065,15.089747913669067
Walmart,Chocolate,TABLET,FILLED,Milka,76222108229000,98,9.8,152.861688,2020-01-13,2020,Milka Choc Bisc Chips Ahoy 22Unx100grs,0,70.33333333333333,14.833333333333336,1.5598131428571427,15.598131428571426
Walmart,Chocolate,TABLET,FILLED,Milka,76222108229000,213,21.3,286.680996,2020-01-20,2020,Milka Choc Bisc Chips Ahoy 22Unx100grs,0,70.33333333333333,14.833333333333336,1.3459201690140845,13.459201690140844
Walmart,Chocolate,TABLET,FILLED,Milka,76222108229000,290,29.0,364.68121199999996,2020-01-27,2020,Milka Choc Bisc Chips Ahoy 22Unx100grs,0,70.33333333333333,14.833333333333336,1.257521420689655,12.57521420689655
Walmart,Chocolate,TABLET,FILLED,Milka,76222108229000,400,40.0,503.459964,2020-02-03,2020,Milka Choc Bisc Chips Ahoy 22Unx100grs,0,70.33333333333333,14.833333333333336,1.25864991,12.586499100000001
Walmart,Chocolate,TABLET,FILLED,Milka,76222108229000,657,65.7,827.894424,2020-02-10,2020,Milka Choc Bisc Chips Ahoy 22Unx100grs,0,70.33333333333333,14.833333333333336,1.2601132785388127,12.601132785388126
Walmart,Chocolate,TABLET,FILLED,Milka,76222108229000,812,81.2,973.0663319999999,2020-02-17,2020,Milka Choc Bisc Chips Ahoy 22Unx100grs,0,70.33333333333333,14.833333333333336,1.1983575517241378,11.983575517241377
Walmart,Chocolate,TABLET,FILLED,Milka,76222108229000,993,99.3,1166.16906,2020-02-24,2020,Milka Choc Bisc Chips Ahoy 22Unx100grs,0,70.33333333333333,14.833333333333336,1.1743897885196375,11.743897885196374
Walmart,Chocolate,TABLET,FILLED,Milka,76222108229000,992,99.2,1174.0873199999999,2020-03-02,2020,Milka Choc Bisc Chips Ahoy 22Unx100grs,0,70.33333333333333,14.833333333333336,1.1835557661290321,11.835557661290322
Walmart,Chocolate,TABLET,FILLED,Milka,76222108229000,959,95.9,1145.131764,2020-03-09,2020,Milka Choc Bisc Chips Ahoy 22Unx100grs,0,70.33333333333333,14.833333333333336,1.1940894306569343,11.940894306569342
Walmart,Chocolate,TABLET,FILLED,Milka,76222108229000,1269,126.9,1525.947948,2020-03-16,2020,Milka Choc Bisc Chips Ahoy 22Unx100grs,0,70.33333333333333,14.833333333333336,1.2024806524822695,12.024806524822694
Walmart,Chocolate,TABLET,FILLED,Milka,76222108229000,488,48.8,645.9386639999999,2020-03-23,2020,Milka Choc Bisc Chips Ahoy 22Unx100grs,0,70.33333333333333,14.833333333333336,1.3236448032786883,13.236448032786884
Walmart,Chocolate,TABLET,FILLED,Milka,76222108229000,507,50.7,788.6758319999999,2020-03-30,2020,Milka Choc Bisc Chips Ahoy 22Unx100grs,0,70.33333333333333,14.833333333333336,1.5555736331360945,15.555736331360944
Walmart,Chocolate,TABLET,FILLED,Milka,76222108229000,431,43.1,668.505348,2020-04-06,2020,Milka Choc Bisc Chips Ahoy 22Unx100grs,0,70.33333333333333,14.833333333333336,1.5510564918793504,15.510564918793504
Walmart,Chocolate,TABLET,FILLED,Milka,76222108229000,380,38.0,586.8937199999999,2020-04-13,2020,Milka Choc Bisc Chips Ahoy 22Unx100grs,0,70.33333333333333,14.833333333333336,1.5444571578947366,15.444571578947366
Walmart,Chocolate,TABLET,FILLED,Milka,76222108229000,797,79.7,1040.6578559999998,2020-04-20,2020,Milka Choc Bisc Chips Ahoy 22Unx100grs,0,70.33333333333333,14.833333333333336,1.3057187653701379,13.057187653701376
Walmart,Chocolate,TABLET,FILLED,Milka,76222108229000,871,87.1,1061.5195079999999,2020-04-27,2020,Milka Choc Bisc Chips Ahoy 22Unx100grs,0,70.33333333333333,14.833333333333336,1.2187365189437427,12.187365189437427
Walmart,Chocolate,TABLET,FILLED,Milka,76222108229000,867,86.7,1049.685672,2020-05-04,2020,Milka Choc Bisc Chips Ahoy 22Unx100grs,0,70.33333333333333,14.833333333333336,1.210710117647059,12.10710117647059
Walmart,Chocolate,TABLET,FILLED,Milka,76222108229000,377,37.7,458.33659199999994,2020-05-11,2020,Milka Choc Bisc Chips Ahoy 22Unx100grs,0,70.33333333333333,14.833333333333336,1.2157469283819626,12.157469283819626
Walmart,Chocolate,TABLET,FILLED,Milka,76222108229000,1174,117.4,1433.8819319999998,2020-05-18,2020,Milka Choc Bisc Chips Ahoy 22Unx100grs,0,70.33333333333333,14.833333333333336,1.2213645076660986,12.213645076660985
Walmart,Chocolate,TABLET,FILLED,Milka,76222108229000,2132,213.2,2585.1598079999994,2020-05-25,2020,Milka Choc Bisc Chips Ahoy 22Unx100grs,0,70.33333333333333,14.833333333333336,1.2125515046904312,12.125515046904313
Walmart,Chocolate,TABLET,FILLED,Milka,76222108229000,1275,127.5,1524.2543399999997,2020-06-01,2020,Milka Choc Bisc Chips Ahoy 22Unx100grs,0,70.33333333333333,14.833333333333336,1.1954935999999998,11.954935999999998
Walmart,Chocolate,TABLET,FILLED,Milka,76222108229000,1949,194.9,2365.3106399999997,2020-06-08,2020,Milka Choc Bisc Chips Ahoy 22Unx100grs,0,70.33333333333333,14.833333333333336,1.2136021754746023,12.136021754746022
Walmart,Chocolate,TABLET,FILLED,Milka,76222108229000,1863,186.3,2285.54256,2020-06-15,2020,Milka Choc Bisc Chips Ahoy 22Unx100grs,0,70.33333333333333,14.833333333333336,1.2268076006441224,12.268076006441222
Walmart,Chocolate,TABLET,FILLED,Milka,76222108229000,1622,162.2,1947.5092559999996,2020-06-22,2020,Milka Choc Bisc Chips Ahoy 22Unx100grs,0,70.33333333333333,14.833333333333336,1.20068388162762,12.0068388162762
Walmart,Chocolate,TABLET,FILLED,Milka,76222108229000,1571,157.1,1907.695188,2020-06-29,2020,Milka Choc Bisc Chips Ahoy 22Unx100grs,0,70.33333333333333,14.833333333333336,1.2143190248249522,12.143190248249523
Walmart,Chocolate,TABLET,FILLED,Milka,76222108229000,1013,101.3,1237.4619599999999,2020-07-06,2020,Milka Choc Bisc Chips Ahoy 22Unx100grs,0,70.33333333333333,14.833333333333336,1.2215814017769002,12.215814017769002
Walmart,Chocolate,TABLET,FILLED,Milka,76222108229000,1036,103.6,1296.2041679999998,2020-07-13,2020,Milka Choc Bisc Chips Ahoy 22Unx100grs,0,70.33333333333333,14.833333333333336,1.2511623243243242,12.51162324324324
Walmart,Chocolate,TABLET,FILLED,Milka,76222108229000,1343,134.3,1636.72362,2020-07-20,2020,Milka Choc Bisc Chips Ahoy 22Unx100grs,0,70.33333333333333,14.833333333333336,1.218707088607595,12.187070886075949
Walmart,Chocolate,TABLET,FILLED,Milka,76222108229000,908,90.8,1085.4042359999999,2020-07-27,2020,Milka Choc Bisc Chips Ahoy 22Unx100grs,0,70.33333333333333,14.833333333333336,1.1953791145374448,11.953791145374447
Walmart,Chocolate,TABLET,FILLED,Milka,76222108229000,578,57.8,691.13772,2020-08-03,2020,Milka Choc Bisc Chips Ahoy 22Unx100grs,0,70.33333333333333,14.833333333333336,1.1957399999999998,11.9574
Walmart,Chocolate,TABLET,FILLED,Milka,76222108229000,427,42.7,513.5673479999999,2020-08-10,2020,Milka Choc Bisc Chips Ahoy 22Unx100grs,0,70.33333333333333,14.833333333333336,1.2027338360655735,12.027338360655735
Walmart,Chocolate,TABLET,FILLED,Milka,76222108229000,193,19.3,268.538256,2020-08-17,2020,Milka Choc Bisc Chips Ahoy 22Unx100grs,0,70.33333333333333,14.833333333333336,1.3913899274611399,13.913899274611397
Walmart,Chocolate,TABLET,FILLED,Milka,76222108229000,150,15.0,238.23324,2020-08-24,2020,Milka Choc Bisc Chips Ahoy 22Unx100grs,0,70.33333333333333,14.833333333333336,1.5882216,15.882216
Walmart,Chocolate,TABLET,FILLED,Milka,76222108229000,47,4.7,76.10525999999999,2020-08-31,2020,Milka Choc Bisc Chips Ahoy 22Unx100grs,0,70.33333333333333,14.833333333333336,1.6192608510638296,16.192608510638294
Walmart,Chocolate,TABLET,FILLED,Milka,76222108229000,20,2.0,27.723191999999997,2020-09-07,2020,Milka Choc Bisc Chips Ahoy 22Unx100grs,0,70.33333333333333,14.833333333333336,1.3861595999999998,13.861595999999999
Walmart,Chocolate,TABLET,FILLED,Milka,76222108229000,16,1.6,25.835375999999997,2020-09-14,2020,Milka Choc Bisc Chips Ahoy 22Unx100grs,0,70.33333333333333,14.833333333333336,1.6147109999999998,16.147109999999998
Walmart,Chocolate,TABLET,FILLED,Milka,76222108229000,198,19.8,319.79774399999997,2020-09-21,2020,Milka Choc Bisc Chips Ahoy 22Unx100grs,0,70.33333333333333,14.833333333333336,1.615140121212121,16.15140121212121
Walmart,Chocolate,TABLET,FILLED,Milka,76222108229000,282,28.2,448.24063199999995,2020-09-28,2020,Milka Choc Bisc Chips Ahoy 22Unx100grs,0,70.33333333333333,14.833333333333336,1.5895057872340423,15.895057872340423
Walmart,Chocolate,TABLET,FILLED,Milka,76222108229000,298,29.8,470.253252,2020-10-05,2020,Milka Choc Bisc Chips Ahoy 22Unx100grs,0,70.33333333333333,14.833333333333336,1.5780310469798657,15.780310469798657
Walmart,Chocolate,TABLET,FILLED,Milka,76222108229000,593,59.3,739.905348,2020-10-12,2020,Milka Choc Bisc Chips Ahoy 22Unx100grs,0,70.33333333333333,14.833333333333336,1.2477324586846543,12.477324586846544
Walmart,Chocolate,TABLET,FILLED,Milka,76222108229000,593,59.3,721.2813719999999,2020-10-19,2020,Milka Choc Bisc Chips Ahoy 22Unx100grs,0,70.33333333333333,14.833333333333336,1.2163260910623945,12.163260910623945
Walmart,Chocolate,TABLET,FILLED,Milka,76222108229000,773,77.3,945.2431799999999,2020-10-26,2020,Milka Choc Bisc Chips Ahoy 22Unx100grs,0,70.33333333333333,14.833333333333336,1.222824294954722,12.228242949547218
Walmart,Chocolate,TABLET,FILLED,Milka,76222108229000,1018,101.8,1388.835672,2020-11-02,2020,Milka Choc Bisc Chips Ahoy 22Unx100grs,0,70.33333333333333,14.833333333333336,1.364278656188605,13.642786561886052
Walmart,Chocolate,TABLET,FILLED,Milka,76222108229000,572,57.199999999999996,663.038964,2020-11-09,2020,Milka Choc Bisc Chips Ahoy 22Unx100grs,0,70.33333333333333,14.833333333333336,1.1591590279720279,11.59159027972028
Walmart,Chocolate,TABLET,FILLED,Milka,76222108229000,723,72.3,871.0600079999999,2020-11-16,2020,Milka Choc Bisc Chips Ahoy 22Unx100grs,0,70.33333333333333,14.833333333333336,1.2047856265560164,12.047856265560165
Walmart,Chocolate,TABLET,FILLED,Milka,76222108229000,733,73.3,863.7100919999999,2020-11-23,2020,Milka Choc Bisc Chips Ahoy 22Unx100grs,0,70.33333333333333,14.833333333333336,1.1783220900409275,11.783220900409276
Walmart,Chocolate,TABLET,FILLED,Milka,76222108229000,652,65.2,767.1044639999999,2020-11-30,2020,Milka Choc Bisc Chips Ahoy 22Unx100grs,0,70.33333333333333,14.833333333333336,1.176540588957055,11.76540588957055
Walmart,Chocolate,TABLET,FILLED,Milka,76222108229000,627,62.699999999999996,730.384872,2020-12-07,2020,Milka Choc Bisc Chips Ahoy 22Unx100grs,0,70.33333333333333,14.833333333333336,1.164888153110048,11.648881531100479
Walmart,Chocolate,TABLET,FILLED,Milka,76222108229000,906,90.6,1056.338724,2020-12-14,2020,Milka Choc Bisc Chips Ahoy 22Unx100grs,0,70.33333333333333,14.833333333333336,1.1659367814569537,11.659367814569537
Walmart,Chocolate,TABLET,FILLED,Milka,76222108229000,667,66.7,782.4711719999999,2020-12-21,2020,Milka Choc Bisc Chips Ahoy 22Unx100grs,0,70.33333333333333,14.833333333333336,1.1731201979010493,11.731201979010493
Walmart,Chocolate,TABLET,FILLED,Milka,76222108229000,650,65.0,746.1071519999999,2020-12-28,2020,Milka Choc Bisc Chips Ahoy 22Unx100grs,0,70.33333333333333,14.833333333333336,1.1478571569230769,11.478571569230768
Walmart,Chocolate,TABLET,FILLED,Milka,76222108229000,320,32.0,471.95685599999996,2021-01-04,2021,Milka Choc Bisc Chips Ahoy 22Unx100grs,1,70.33333333333333,14.833333333333336,1.474865175,14.748651749999999
Walmart,Chocolate,TABLET,FILLED,Milka,76222108229000,256,25.6,413.59306799999996,2021-01-11,2021,Milka Choc Bisc Chips Ahoy 22Unx100grs,1,70.33333333333333,14.833333333333336,1.6155979218749998,16.155979218749998
Walmart,Chocolate,TABLET,FILLED,Milka,76222108229000,240,24.0,397.24818,2021-01-18,2021,Milka Choc Bisc Chips Ahoy 22Unx100grs,1,70.33333333333333,14.833333333333336,1.6552007499999999,16.5520075
Walmart,Chocolate,TABLET,FILLED,Milka,76222108229000,1613,161.3,2076.670428,2021-01-25,2021,Milka Choc Bisc Chips Ahoy 22Unx100grs,1,70.33333333333333,14.833333333333336,1.2874584178549286,12.874584178549286
Walmart,Chocolate,TABLET,FILLED,Milka,76222108229000,2227,222.7,2717.338344,2021-02-01,2021,Milka Choc Bisc Chips Ahoy 22Unx100grs,1,70.33333333333333,14.833333333333336,1.2201788702290075,12.201788702290076
Walmart,Chocolate,TABLET,FILLED,Milka,76222108229000,1945,194.5,2369.2119359999997,2021-02-08,2021,Milka Choc Bisc Chips Ahoy 22Unx100grs,1,70.33333333333333,14.833333333333336,1.2181038231362467,12.181038231362466
Walmart,Chocolate,TABLET,FILLED,Milka,76222108229000,1386,138.6,1687.276248,2021-02-15,2021,Milka Choc Bisc Chips Ahoy 22Unx100grs,1,70.33333333333333,14.833333333333336,1.2173710303030303,12.173710303030303
Walmart,Chocolate,TABLET,FILLED,Milka,76222108229000,1733,173.3,2062.2918959999997,2021-02-22,2021,Milka Choc Bisc Chips Ahoy 22Unx100grs,1,70.33333333333333,14.833333333333336,1.1900126347374493,11.900126347374492
Walmart,Chocolate,TABLET,FILLED,Milka,76222108229000,1509,150.9,1811.48226,2021-03-01,2021,Milka Choc Bisc Chips Ahoy 22Unx100grs,1,70.33333333333333,14.833333333333336,1.2004521272365805,12.004521272365805
Walmart,Chocolate,TABLET,FILLED,Milka,76222108229000,678,67.8,810.3028919999999,2021-03-08,2021,Milka Choc Bisc Chips Ahoy 22Unx100grs,1,70.33333333333333,14.833333333333336,1.1951370088495574,11.951370088495574
Walmart,Chocolate,TABLET,FILLED,Milka,76222108229500,686,68.6,1002.4245839999999,2019-01-07,2019,Milka Choc Mousse 22Unx100 grs,0,69.1140350877193,15.44298245614035,1.461260326530612,14.612603265306122
Walmart,Chocolate,TABLET,FILLED,Milka,76222108229500,583,58.3,853.07292,2019-01-14,2019,Milka Choc Mousse 22Unx100 grs,0,69.1140350877193,15.44298245614035,1.4632468610634648,14.632468610634648
Walmart,Chocolate,TABLET,FILLED,Milka,76222108229500,611,61.1,893.004084,2019-01-21,2019,Milka Choc Mousse 22Unx100 grs,0,69.1140350877193,15.44298245614035,1.4615451456628479,14.615451456628477
Walmart,Chocolate,TABLET,FILLED,Milka,76222108229500,621,62.1,907.4225999999999,2019-01-28,2019,Milka Choc Mousse 22Unx100 grs,0,69.1140350877193,15.44298245614035,1.4612280193236713,14.612280193236712
Walmart,Chocolate,TABLET,FILLED,Milka,76222108229500,584,58.4,853.3942199999999,2019-02-04,2019,Milka Choc Mousse 22Unx100 grs,0,69.1140350877193,15.44298245614035,1.4612914726027395,14.612914726027396
Walmart,Chocolate,TABLET,FILLED,Milka,76222108229500,704,70.4,1029.1924439999998,2019-02-11,2019,Milka Choc Mousse 22Unx100 grs,0,69.1140350877193,15.44298245614035,1.4619210852272724,14.619210852272722
Walmart,Chocolate,TABLET,FILLED,Milka,76222108229500,1502,150.2,1852.85142,2019-02-18,2019,Milka Choc Mousse 22Unx100 grs,0,69.1140350877193,15.44298245614035,1.2335894940079892,12.335894940079895
Walmart,Chocolate,TABLET,FILLED,Milka,76222108229500,1537,153.7,1838.875584,2019-02-25,2019,Milka Choc Mousse 22Unx100 grs,0,69.1140350877193,15.44298245614035,1.1964057150292777,11.964057150292778
Walmart,Chocolate,TABLET,FILLED,Milka,76222108229500,1957,195.7,2343.649308,2019-03-04,2019,Milka Choc Mousse 22Unx100 grs,0,69.1140350877193,15.44298245614035,1.1975724619315278,11.97572461931528
Walmart,Chocolate,TABLET,FILLED,Milka,76222108229500,1718,171.8,2057.723724,2019-03-11,2019,Milka Choc Mousse 22Unx100 grs,0,69.1140350877193,15.44298245614035,1.1977437275902212,11.977437275902211
Walmart,Chocolate,TABLET,FILLED,Milka,76222108229500,1854,185.4,2221.8623279999997,2019-03-18,2019,Milka Choc Mousse 22Unx100 grs,0,69.1140350877193,15.44298245614035,1.198415495145631,11.98415495145631
Walmart,Chocolate,TABLET,FILLED,Milka,76222108229500,957,95.7,1251.1836119999998,2019-03-25,2019,Milka Choc Mousse 22Unx100 grs,0,69.1140350877193,15.44298245614035,1.3074018934169278,13.074018934169276
Walmart,Chocolate,TABLET,FILLED,Milka,76222108229500,736,73.6,1075.6767,2019-04-01,2019,Milka Choc Mousse 22Unx100 grs,0,69.1140350877193,15.44298245614035,1.4615172554347826,14.615172554347827
Walmart,Chocolate,TABLET,FILLED,Milka,76222108229500,524,52.4,765.5165279999999,2019-04-08,2019,Milka Choc Mousse 22Unx100 grs,0,69.1140350877193,15.44298245614035,1.4609094045801525,14.609094045801525
Walmart,Chocolate,TABLET,FILLED,Milka,76222108229500,734,73.4,1073.2176839999997,2019-04-15,2019,Milka Choc Mousse 22Unx100 grs,0,69.1140350877193,15.44298245614035,1.4621494332425065,14.621494332425064
Walmart,Chocolate,TABLET,FILLED,Milka,76222108229500,1242,124.2,1559.5445039999997,2019-04-22,2019,Milka Choc Mousse 22Unx100 grs,0,69.1140350877193,15.44298245614035,1.2556719033816424,12.556719033816423
