data/sales_data.csv
Retailer,Category,Segment,Sub-Segment,Brand,KNAC-14,Units,Volume,Value,Date,year,SKU,pred_flag,R2,MAPE,Unit Price,Vol Price
Walmart,Chocolate,TABLET,FILLED,Milka,76222108236700,252,25.2,295.251852,2020-07-27,2020,Milka Cowspot 23Unx100 grs,0,68.35964912280701,15.820175438596493,1.1716343333333332,11.716343333333333
Walmart,Chocolate,TABLET,FILLED,Milka,76222108236700,170,17.0,201.082392,2020-08-03,2020,Milka Cowspot 23Unx100 grs,0,68.35964912280701,15.820175438596493,1.1828376,11.828376
Walmart,Chocolate,TABLET,FILLED,Milka,76222108236700,155,15.5,179.47246799999996,2020-08-10,2020,Milka Cowspot 23Unx100 grs,0,68.35964912280701,15.820175438596493,1.1578868903225805,11.578868903225803
Walmart,Chocolate,TABLET,FILLED,Milka,76222108236700,567,56.7,868.035504,2020-08-17,2020,Milka Cowspot 23Unx100 grs,0,68.35964912280701,15.820175438596493,1.5309268148148147,15.309268148148146
Walmart,Chocolate,TABLET,FILLED,Milka,76222108236700,654,65.4,1032.723888,2020-08-24,2020,Milka Cowspot 23Unx100 grs,0,68.35964912280701,15.820175438596493,1.5790885137614679,15.790885137614678
Walmart,Chocolate,TABLET,FILLED,Milka,76222108236700,191,19.1,308.453712,2020-08-31,2020,Milka Cowspot 23Unx100 grs,0,68.35964912280701,15.820175438596493,1.6149409005235602,16.1494090052356
Walmart,Chocolate,TABLET,FILLED,Milka,76222108236700,46,4.6,72.29249999999999,2020-09-07,2020,Milka Cowspot 23Unx100 grs,0,68.35964912280701,15.820175438596493,1.5715760869565216,15.715760869565216
Walmart,Chocolate,TABLET,FILLED,Milka,76222108236700,49,4.9,79.02980399999998,2020-09-14,2020,Milka Cowspot 23Unx100 grs,0,68.35964912280701,15.820175438596493,1.6128531428571424,16.128531428571424
Walmart,Chocolate,TABLET,FILLED,Milka,76222108236700,646,64.6,1035.6755640000001,2020-09-21,2020,Milka Cowspot 23Unx100 grs,0,68.35964912280701,15.820175438596493,1.6032129473684213,16.032129473684215
Walmart,Chocolate,TABLET,FILLED,Milka,76222108236700,906,90.6,1435.2670919999998,2020-09-28,2020,Milka Cowspot 23Unx100 grs,0,68.35964912280701,15.820175438596493,1.584180013245033,15.84180013245033
Walmart,Chocolate,TABLET,FILLED,Milka,76222108236700,788,78.8,1251.287856,2020-10-05,2020,Milka Cowspot 23Unx100 grs,0,68.35964912280701,15.820175438596493,1.5879287512690354,15.879287512690356
Walmart,Chocolate,TABLET,FILLED,Milka,76222108236700,973,97.3,1223.770296,2020-10-12,2020,Milka Cowspot 23Unx100 grs,0,68.35964912280701,15.820175438596493,1.257728978417266,12.577289784172661
Walmart,Chocolate,TABLET,FILLED,Milka,76222108236700,907,90.7,1122.25806,2020-10-19,2020,Milka Cowspot 23Unx100 grs,0,68.35964912280701,15.820175438596493,1.2373297243660417,12.373297243660417
Walmart,Chocolate,TABLET,FILLED,Milka,76222108236700,1245,124.5,1532.3168279999998,2020-10-26,2020,Milka Cowspot 23Unx100 grs,0,68.35964912280701,15.820175438596493,1.2307765686746985,12.307765686746986
Walmart,Chocolate,TABLET,FILLED,Milka,76222108236700,1188,118.8,1537.27056,2020-11-02,2020,Milka Cowspot 23Unx100 grs,0,68.35964912280701,15.820175438596493,1.2939987878787877,12.939987878787878
Walmart,Chocolate,TABLET,FILLED,Milka,76222108236700,987,98.7,1239.7210559999999,2020-11-09,2020,Milka Cowspot 23Unx100 grs,0,68.35964912280701,15.820175438596493,1.2560497021276595,12.560497021276595
Walmart,Chocolate,TABLET,FILLED,Milka,76222108236700,1014,101.39999999999999,1215.2851199999998,2020-11-16,2020,Milka Cowspot 23Unx100 grs,0,68.35964912280701,15.820175438596493,1.1985060355029584,11.985060355029585
Walmart,Chocolate,TABLET,FILLED,Milka,76222108236700,767,76.7,912.467724,2020-11-23,2020,Milka Cowspot 23Unx100 grs,0,68.35964912280701,15.820175438596493,1.1896580495436766,11.896580495436766
Walmart,Chocolate,TABLET,FILLED,Milka,76222108236700,1056,105.6,1271.252724,2020-11-30,2020,Milka Cowspot 23Unx100 grs,0,68.35964912280701,15.820175438596493,1.2038378068181819,12.038378068181819
Walmart,Chocolate,TABLET,FILLED,Milka,76222108236700,1360,136.0,1604.188068,2020-12-07,2020,Milka Cowspot 23Unx100 grs,0,68.35964912280701,15.820175438596493,1.17955005,11.7955005
Walmart,Chocolate,TABLET,FILLED,Milka,76222108236700,1027,102.7,1211.5851719999998,2020-12-14,2020,Milka Cowspot 23Unx100 grs,0,68.35964912280701,15.820175438596493,1.1797323972736122,11.797323972736123
Walmart,Chocolate,TABLET,FILLED,Milka,76222108236700,900,90.0,1065.060948,2020-12-21,2020,Milka Cowspot 23Unx100 grs,0,68.35964912280701,15.820175438596493,1.1834010533333335,11.834010533333334
Walmart,Chocolate,TABLET,FILLED,Milka,76222108236700,642,64.2,769.4463839999999,2020-12-28,2020,Milka Cowspot 23Unx100 grs,0,68.35964912280701,15.820175438596493,1.1985146168224297,11.985146168224297
Walmart,Chocolate,TABLET,FILLED,Milka,76222108236700,312,31.2,459.94166399999995,2021-01-04,2021,Milka Cowspot 23Unx100 grs,1,68.35964912280701,15.820175438596493,1.4741719999999998,14.741719999999999
Walmart,Chocolate,TABLET,FILLED,Milka,76222108236700,234,23.4,378.679896,2021-01-11,2021,Milka Cowspot 23Unx100 grs,1,68.35964912280701,15.820175438596493,1.6182901538461538,16.18290153846154
Walmart,Chocolate,TABLET,FILLED,Milka,76222108236700,150,15.0,248.71475999999996,2021-01-18,2021,Milka Cowspot 23Unx100 grs,1,68.35964912280701,15.820175438596493,1.6580983999999996,16.580983999999997
Walmart,Chocolate,TABLET,FILLED,Milka,76222108236700,237,23.7,317.204496,2021-01-25,2021,Milka Cowspot 23Unx100 grs,1,68.35964912280701,15.820175438596493,1.338415594936709,13.38415594936709
Walmart,Chocolate,TABLET,FILLED,Milka,76222108236700,258,25.8,312.58205999999996,2021-02-01,2021,Milka Cowspot 23Unx100 grs,1,68.35964912280701,15.820175438596493,1.2115583720930232,12.11558372093023
Walmart,Chocolate,TABLET,FILLED,Milka,76222108236700,2376,237.6,2843.523564,2021-02-08,2021,Milka Cowspot 23Unx100 grs,1,68.35964912280701,15.820175438596493,1.1967691767676767,11.967691767676769
Walmart,Chocolate,TABLET,FILLED,Milka,76222108236700,1719,171.9,2070.2087279999996,2021-02-15,2021,Milka Cowspot 23Unx100 grs,1,68.35964912280701,15.820175438596493,1.204309905759162,12.04309905759162
Walmart,Chocolate,TABLET,FILLED,Milka,76222108236700,2011,201.1,2383.0078439999997,2021-02-22,2021,Milka Cowspot 23Unx100 grs,1,68.35964912280701,15.820175438596493,1.1849864962705121,11.849864962705121
Walmart,Chocolate,TABLET,FILLED,Milka,76222108236700,1651,165.1,1943.7479039999998,2021-03-01,2021,Milka Cowspot 23Unx100 grs,1,68.35964912280701,15.820175438596493,1.1773155081768625,11.773155081768625
Walmart,Chocolate,TABLET,FILLED,Milka,76222108236700,651,65.1,763.5673079999999,2021-03-08,2021,Milka Cowspot 23Unx100 grs,1,68.35964912280701,15.820175438596493,1.172914451612903,11.729144516129033
Walmart,Chocolate,TABLET,FILLED,Milka,76222108229700,2171,217.1,3167.6781359999995,2019-01-07,2019,Milka Ext Cacao 23Unx100 grs,0,68.21929824561404,15.89035087719298,1.4590871192998616,14.590871192998616
Walmart,Chocolate,TABLET,FILLED,Milka,76222108229700,1969,196.9,2876.010564,2019-01-14,2019,Milka Ext Cacao 23Unx100 grs,0,68.21929824561404,15.89035087719298,1.4606452839004571,14.606452839004572
Walmart,Chocolate,TABLET,FILLED,Milka,76222108229700,1876,187.6,2728.6980839999997,2019-01-21,2019,Milka Ext Cacao 23Unx100 grs,0,68.21929824561404,15.89035087719298,1.454529895522388,14.54529895522388
Walmart,Chocolate,TABLET,FILLED,Milka,76222108229700,2116,211.6,3051.239016,2019-01-28,2019,Milka Ext Cacao 23Unx100 grs,0,68.21929824561404,15.89035087719298,1.4419844120982988,14.419844120982987
Walmart,Chocolate,TABLET,FILLED,Milka,76222108229700,2114,211.4,2956.7196959999997,2019-02-04,2019,Milka Ext Cacao 23Unx100 grs,0,68.21929824561404,15.89035087719298,1.3986375099337747,13.986375099337746
Walmart,Chocolate,TABLET,FILLED,Milka,76222108229700,2185,218.5,3192.7495319999994,2019-02-11,2019,Milka Ext Cacao 23Unx100 grs,0,68.21929824561404,15.89035087719298,1.4612126004576655,14.612126004576655
Walmart,Chocolate,TABLET,FILLED,Milka,76222108229700,4193,419.3,5191.528271999999,2019-02-18,2019,Milka Ext Cacao 23Unx100 grs,0,68.21929824561404,15.89035087719298,1.2381417295492485,12.381417295492485
Walmart,Chocolate,TABLET,FILLED,Milka,76222108229700,5024,502.4,6003.60474,2019-02-25,2019,Milka Ext Cacao 23Unx100 grs,0,68.21929824561404,15.89035087719298,1.1949850199044585,11.949850199044587
Walmart,Chocolate,TABLET,FILLED,Milka,76222108229700,5740,574.0,6866.776475999999,2019-03-04,2019,Milka Ext Cacao 23Unx100 grs,0,68.21929824561404,15.89035087719298,1.1963025219512193,11.963025219512193
Walmart,Chocolate,TABLET,FILLED,Milka,76222108229700,4625,462.5,5526.876936,2019-03-11,2019,Milka Ext Cacao 23Unx100 grs,0,68.21929824561404,15.89035087719298,1.1950004185945946,11.950004185945945
Walmart,Chocolate,TABLET,FILLED,Milka,76222108229700,5102,510.2,6101.417028,2019-03-18,2019,Milka Ext Cacao 23Unx100 grs,0,68.21929824561404,15.89035087719298,1.1958873045864367,11.958873045864367
Walmart,Chocolate,TABLET,FILLED,Milka,76222108229700,2993,299.3,3917.1753599999993,2019-03-25,2019,Milka Ext Cacao 23Unx100 grs,0,68.21929824561404,15.89035087719298,1.3087789375208818,13.087789375208818
Walmart,Chocolate,TABLET,FILLED,Milka,76222108229700,2248,224.8,3285.632364,2019-04-01,2019,Milka Ext Cacao 23Unx100 grs,0,68.21929824561404,15.89035087719298,1.4615802330960854,14.615802330960854
Walmart,Chocolate,TABLET,FILLED,Milka,76222108229700,1592,159.2,2326.701804,2019-04-08,2019,Milka Ext Cacao 23Unx100 grs,0,68.21929824561404,15.89035087719298,1.461496108040201,14.61496108040201
Walmart,Chocolate,TABLET,FILLED,Milka,76222108229700,2144,214.4,3134.4514319999994,2019-04-15,2019,Milka Ext Cacao 23Unx100 grs,0,68.21929824561404,15.89035087719298,1.4619642873134326,14.619642873134325
Walmart,Chocolate,TABLET,FILLED,Milka,76222108229700,3309,330.9,4026.3102599999993,2019-04-22,2019,Milka Ext Cacao 23Unx100 grs,0,68.21929824561404,15.89035087719298,1.2167755394378965,12.167755394378965
Walmart,Chocolate,TABLET,FILLED,Milka,76222108229700,5079,507.9,6217.417751999999,2019-04-29,2019,Milka Ext Cacao 23Unx100 grs,0,68.21929824561404,15.89035087719298,1.2241421051388068,12.241421051388068
Walmart,Chocolate,TABLET,FILLED,Milka,76222108229700,6020,602.0,7358.084159999999,2019-05-06,2019,Milka Ext Cacao 23Unx100 grs,0,68.21929824561404,15.89035087719298,1.2222731162790696,12.222731162790696
Walmart,Chocolate,TABLET,FILLED,Milka,76222108229700,4420,442.0,5418.574559999999,2019-05-13,2019,Milka Ext Cacao 23Unx100 grs,0,68.21929824561404,15.89035087719298,1.225921846153846,12.25921846153846
Walmart,Chocolate,TABLET,FILLED,Milka,76222108229700,3553,355.3,4742.062416,2019-05-20,2019,Milka Ext Cacao 23Unx100 grs,0,68.21929824561404,15.89035087719298,1.3346643444976076,13.346643444976076
Walmart,Chocolate,TABLET,FILLED,Milka,76222108229700,2818,281.8,4119.387299999999,2019-05-27,2019,Milka Ext Cacao 23Unx100 grs,0,68.21929824561404,15.89035087719298,1.4618123846699784,14.618123846699785
Walmart,Chocolate,TABLET,FILLED,Milka,76222108229700,2541,254.1,3712.070292,2019-06-03,2019,Milka Ext Cacao 23Unx100 grs,0,68.21929824561404,15.89035087719298,1.4608698512396694,14.608698512396694
Walmart,Chocolate,TABLET,FILLED,Milka,76222108229700,2822,282.2,4126.44162,2019-06-10,2019,Milka Ext Cacao 23Unx100 grs,0,68.21929824561404,15.89035087719298,1.4622401204819275,14.622401204819276
Walmart,Chocolate,TABLET,FILLED,Milka,76222108229700,5185,518.5,6370.532195999999,2019-06-17,2019,Milka Ext Cacao 23Unx100 grs,0,68.21929824561404,15.89035087719298,1.2286465180327868,12.286465180327868
Walmart,Chocolate,TABLET,FILLED,Milka,76222108229700,8124,812.4,9536.082611999998,2019-06-24,2019,Milka Ext Cacao 23Unx100 grs,0,68.21929824561404,15.89035087719298,1.17381617577548,11.7381617577548
Walmart,Chocolate,TABLET,FILLED,Milka,76222108229700,7310,731.0,8577.037811999999,2019-07-01,2019,Milka Ext Cacao 23Unx100 grs,0,68.21929824561404,15.89035087719298,1.1733293860465115,11.733293860465114
Walmart,Chocolate,TABLET,FILLED,Milka,76222108229700,5172,517.2,6065.014451999999,2019-07-08,2019,Milka Ext Cacao 23Unx100 grs,0,68.21929824561404,15.89035087719298,1.1726632737819025,11.726632737819024
Walmart,Chocolate,TABLET,FILLED,Milka,76222108229700,7849,784.9,8958.121032,2019-07-15,2019,Milka Ext Cacao 23Unx100 grs,0,68.21929824561404,15.89035087719298,1.1413073043699833,11.413073043699834
Walmart,Chocolate,TABLET,FILLED,Milka,76222108229700,9796,979.6,10934.978543999998,2019-07-22,2019,Milka Ext Cacao 23Unx100 grs,0,68.21929824561404,15.89035087719298,1.116269757452021,11.16269757452021
Walmart,Chocolate,TABLET,FILLED,Milka,76222108229700,10094,1009.4,11246.229707999999,2019-07-29,2019,Milka Ext Cacao 23Unx100 grs,0,68.21929824561404,15.89035087719298,1.1141499611650485,11.141499611650485
Walmart,Chocolate,TABLET,FILLED,Milka,76222108229700,10320,1032.0,11488.905456,2019-08-05,2019,Milka Ext Cacao 23Unx100 grs,0,68.21929824561404,15.89035087719298,1.1132660325581396,11.132660325581396
Walmart,Chocolate,TABLET,FILLED,Milka,76222108229700,6450,645.0,7282.198811999999,2019-08-12,2019,Milka Ext Cacao 23Unx100 grs,0,68.21929824561404,15.89035087719298,1.1290230716279068,11.290230716279067
Walmart,Chocolate,TABLET,FILLED,Milka,76222108229700,4398,439.8,5546.770404,2019-08-19,2019,Milka Ext Cacao 23Unx100 grs,0,68.21929824561404,15.89035087719298,1.2612029113233287,12.612029113233287
Walmart,Chocolate,TABLET,FILLED,Milka,76222108229700,3208,320.8,4477.46544,2019-08-26,2019,Milka Ext Cacao 23Unx100 grs,0,68.21929824561404,15.89035087719298,1.3957186533665835,13.957186533665835
Walmart,Chocolate,TABLET,FILLED,Milka,76222108229700,3149,314.9,4441.799711999999,2019-09-02,2019,Milka Ext Cacao 23Unx100 grs,0,68.21929824561404,15.89035087719298,1.4105429380755792,14.105429380755794
Walmart,Chocolate,TABLET,FILLED,Milka,76222108229700,3518,351.8,5030.951099999999,2019-09-09,2019,Milka Ext Cacao 23Unx100 grs,0,68.21929824561404,15.89035087719298,1.430060005685048,14.300600056850481
Walmart,Chocolate,TABLET,FILLED,Milka,76222108229700,2694,269.4,3903.5736599999996,2019-09-16,2019,Milka Ext Cacao 23Unx100 grs,0,68.21929824561404,15.89035087719298,1.4489879955456568,14.48987995545657
Walmart,Chocolate,TABLET,FILLED,Milka,76222108229700,2998,299.8,4449.910752,2019-09-23,2019,Milka Ext Cacao 23Unx100 grs,0,68.21929824561404,15.89035087719298,1.4842931127418277,14.842931127418277
Walmart,Chocolate,TABLET,FILLED,Milka,76222108229700,3169,316.9,4772.511659999999,2019-09-30,2019,Milka Ext Cacao 23Unx100 grs,0,68.21929824561404,15.89035087719298,1.505999261596718,15.05999261596718
Walmart,Chocolate,TABLET,FILLED,Milka,76222108229700,2551,255.1,3846.919188,2019-10-07,2019,Milka Ext Cacao 23Unx100 grs,0,68.21929824561404,15.89035087719298,1.5080043857310859,15.080043857310859
Walmart,Chocolate,TABLET,FILLED,Milka,76222108229700,2506,250.6,3751.2874559999996,2019-10-14,2019,Milka Ext Cacao 23Unx100 grs,0,68.21929824561404,15.89035087719298,1.4969223687150837,14.969223687150837
Walmart,Chocolate,TABLET,FILLED,Milka,76222108229700,2076,207.6,3125.178,2019-10-21,2019,Milka Ext Cacao 23Unx100 grs,0,68.21929824561404,15.89035087719298,1.5053843930635837,15.053843930635837
Walmart,Chocolate,TABLET,FILLED,Milka,76222108229700,2384,238.4,3595.786824,2019-10-28,2019,Milka Ext Cacao 23Unx100 grs,0,68.21929824561404,15.89035087719298,1.5082998422818792,15.082998422818791
Walmart,Chocolate,TABLET,FILLED,Milka,76222108229700,2634,263.4,3952.2427559999996,2019-11-04,2019,Milka Ext Cacao 23Unx100 grs,0,68.21929824561404,15.89035087719298,1.5004718132118449,15.004718132118452
Walmart,Chocolate,TABLET,FILLED,Milka,76222108229700,2348,234.8,3519.0975119999994,2019-11-11,2019,Milka Ext Cacao 23Unx100 grs,0,68.21929824561404,15.89035087719298,1.4987638466780235,14.987638466780234
Walmart,Chocolate,TABLET,FILLED,Milka,76222108229700,2524,252.4,3798.7041959999997,2019-11-18,2019,Milka Ext Cacao 23Unx100 grs,0,68.21929824561404,15.89035087719298,1.505033358161648,15.05033358161648
Walmart,Chocolate,TABLET,FILLED,Milka,76222108229700,2830,283.0,4248.127211999999,2019-11-25,2019,Milka Ext Cacao 23Unx100 grs,0,68.21929824561404,15.89035087719298,1.501105021908127,15.01105021908127
Walmart,Chocolate,TABLET,FILLED,Milka,76222108229700,2574,257.4,3876.2246039999995,2019-12-02,2019,Milka Ext Cacao 23Unx100 grs,0,68.21929824561404,15.89035087719298,1.5059147645687645,15.059147645687645
Walmart,Chocolate,TABLET,FILLED,Milka,76222108229700,2322,232.20000000000002,3501.6859079999995,2019-12-09,2019,Milka Ext Cacao 23Unx100 grs,0,68.21929824561404,15.89035087719298,1.508047333333333,15.08047333333333
Walmart,Chocolate,TABLET,FILLED,Milka,76222108229700,2286,228.6,3448.188744,2019-12-16,2019,Milka Ext Cacao 23Unx100 grs,0,68.21929824561404,15.89035087719298,1.5083940262467193,15.083940262467193
Walmart,Chocolate,TABLET,FILLED,Milka,76222108229700,2548,254.8,3845.3183999999997,2019-12-23,2019,Milka Ext Cacao 23Unx100 grs,0,68.21929824561404,15.89035087719298,1.5091516483516483,15.091516483516482
Walmart,Chocolate,TABLET,FILLED,Milka,76222108229700,2323,232.3,3507.5692679999997,2019-12-30,2019,Milka Ext Cacao 23Unx100 grs,0,68.21929824561404,15.89035087719298,1.5099308084373653,15.099308084373654
Walmart,Chocolate,TABLET,FILLED,Milka,76222108229700,2288,228.8,3454.7589719999996,2020-01-06,2020,Milka Ext Cacao 23Unx100 grs,0,68.21929824561404,15.89035087719298,1.509947103146853,15.099471031468529
Walmart,Chocolate,TABLET,FILLED,Milka,76222108229700,1884,188.4,2936.20362,2020-01-13,2020,Milka Ext Cacao 23Unx100 grs,0,68.21929824561404,15.89035087719298,1.5584944904458597,15.584944904458597
Walmart,Chocolate,TABLET,FILLED,Milka,76222108229700,3479,347.9,4656.610895999999,2020-01-20,2020,Milka Ext Cacao 23Unx100 grs,0,68.21929824561404,15.89035087719298,1.3384912032193157,13.384912032193158
Walmart,Chocolate,TABLET,FILLED,Milka,76222108229700,3955,395.5,4971.8247599999995,2020-01-27,2020,Milka Ext Cacao 23Unx100 grs,0,68.21929824561404,15.89035087719298,1.2570985486725663,12.570985486725663
