data/sales_data.csv
Retailer,Category,Segment,Sub-Segment,Brand,KNAC-14,Units,Volume,Value,Date,year,SKU,pred_flag,R2,MAPE,Unit Price,Vol Price
Walmart,Chocolate,TABLET,FILLED,Milka,76222108229700,3978,397.8,5006.079624,2020-02-03,2020,Milka Ext Cacao 23Unx100 grs,0,68.21929824561404,15.89035087719298,1.2584413333333333,12.584413333333332
Walmart,Chocolate,TABLET,FILLED,Milka,76222108229700,3780,378.0,4757.947488,2020-02-10,2020,Milka Ext Cacao 23Unx100 grs,0,68.21929824561404,15.89035087719298,1.2587162666666667,12.587162666666666
Walmart,Chocolate,TABLET,FILLED,Milka,76222108229700,4147,414.7,4990.895699999999,2020-02-17,2020,Milka Ext Cacao 23Unx100 grs,0,68.21929824561404,15.89035087719298,1.203495466602363,12.03495466602363
Walmart,Chocolate,TABLET,FILLED,Milka,76222108229700,5180,518.0,6176.484132,2020-02-24,2020,Milka Ext Cacao 23Unx100 grs,0,68.21929824561404,15.89035087719298,1.192371454054054,11.923714540540539
Walmart,Chocolate,TABLET,FILLED,Milka,76222108229700,4728,472.8,5656.1866199999995,2020-03-02,2020,Milka Ext Cacao 23Unx100 grs,0,68.21929824561404,15.89035087719298,1.196316967005076,11.96316967005076
Walmart,Chocolate,TABLET,FILLED,Milka,76222108229700,4521,452.1,5432.857415999999,2020-03-09,2020,Milka Ext Cacao 23Unx100 grs,0,68.21929824561404,15.89035087719298,1.2016937438619772,12.016937438619772
Walmart,Chocolate,TABLET,FILLED,Milka,76222108229700,5443,544.3,6507.08184,2020-03-16,2020,Milka Ext Cacao 23Unx100 grs,0,68.21929824561404,15.89035087719298,1.1954954694102518,11.954954694102518
Walmart,Chocolate,TABLET,FILLED,Milka,76222108229700,3435,343.5,4806.895044,2020-03-23,2020,Milka Ext Cacao 23Unx100 grs,0,68.21929824561404,15.89035087719298,1.3993872034934498,13.993872034934498
Walmart,Chocolate,TABLET,FILLED,Milka,76222108229700,3636,363.6,5657.745996,2020-03-30,2020,Milka Ext Cacao 23Unx100 grs,0,68.21929824561404,15.89035087719298,1.5560357524752475,15.560357524752474
Walmart,Chocolate,TABLET,FILLED,Milka,76222108229700,2894,289.4,4472.043323999999,2020-04-06,2020,Milka Ext Cacao 23Unx100 grs,0,68.21929824561404,15.89035087719298,1.5452810380096749,15.45281038009675
Walmart,Chocolate,TABLET,FILLED,Milka,76222108229700,2697,269.7,4165.014756,2020-04-13,2020,Milka Ext Cacao 23Unx100 grs,0,68.21929824561404,15.89035087719298,1.5443139621802,15.443139621802
Walmart,Chocolate,TABLET,FILLED,Milka,76222108229700,5522,552.2,7250.515775999998,2020-04-20,2020,Milka Ext Cacao 23Unx100 grs,0,68.21929824561404,15.89035087719298,1.313023501629844,13.130235016298439
Walmart,Chocolate,TABLET,FILLED,Milka,76222108229700,5431,543.1,6620.973407999999,2020-04-27,2020,Milka Ext Cacao 23Unx100 grs,0,68.21929824561404,15.89035087719298,1.219107605965752,12.191076059657519
Walmart,Chocolate,TABLET,FILLED,Milka,76222108229700,7923,792.3,9657.668243999999,2020-05-04,2020,Milka Ext Cacao 23Unx100 grs,0,68.21929824561404,15.89035087719298,1.2189408360469518,12.189408360469518
Walmart,Chocolate,TABLET,FILLED,Milka,76222108229700,7515,751.5,9219.03948,2020-05-11,2020,Milka Ext Cacao 23Unx100 grs,0,68.21929824561404,15.89035087719298,1.2267517604790419,12.267517604790418
Walmart,Chocolate,TABLET,FILLED,Milka,76222108229700,8968,896.8,11019.340499999998,2020-05-18,2020,Milka Ext Cacao 23Unx100 grs,0,68.21929824561404,15.89035087719298,1.2287400200713647,12.287400200713648
Walmart,Chocolate,TABLET,FILLED,Milka,76222108229700,8383,838.3,10253.692595999999,2020-05-25,2020,Milka Ext Cacao 23Unx100 grs,0,68.21929824561404,15.89035087719298,1.2231531189311702,12.231531189311701
Walmart,Chocolate,TABLET,FILLED,Milka,76222108229700,9040,904.0,11044.219115999998,2020-06-01,2020,Milka Ext Cacao 23Unx100 grs,0,68.21929824561404,15.89035087719298,1.2217056544247786,12.217056544247786
Walmart,Chocolate,TABLET,FILLED,Milka,76222108229700,9010,901.0,11068.109556,2020-06-08,2020,Milka Ext Cacao 23Unx100 grs,0,68.21929824561404,15.89035087719298,1.228425033962264,12.284250339622641
Walmart,Chocolate,TABLET,FILLED,Milka,76222108229700,8623,862.3,10582.46532,2020-06-15,2020,Milka Ext Cacao 23Unx100 grs,0,68.21929824561404,15.89035087719298,1.2272370775832075,12.272370775832076
Walmart,Chocolate,TABLET,FILLED,Milka,76222108229700,10326,1032.6,12529.708967999999,2020-06-22,2020,Milka Ext Cacao 23Unx100 grs,0,68.21929824561404,15.89035087719298,1.2134136130156885,12.134136130156886
Walmart,Chocolate,TABLET,FILLED,Milka,76222108229700,11017,1101.7,13477.369752,2020-06-29,2020,Milka Ext Cacao 23Unx100 grs,0,68.21929824561404,15.89035087719298,1.2233248390668967,12.233248390668965
Walmart,Chocolate,TABLET,FILLED,Milka,76222108229700,11634,1163.4,14235.977615999998,2020-07-06,2020,Milka Ext Cacao 23Unx100 grs,0,68.21929824561404,15.89035087719298,1.2236528808664258,12.236528808664257
Walmart,Chocolate,TABLET,FILLED,Milka,76222108229700,11431,1143.1,14111.971523999999,2020-07-13,2020,Milka Ext Cacao 23Unx100 grs,0,68.21929824561404,15.89035087719298,1.2345351696264542,12.345351696264544
Walmart,Chocolate,TABLET,FILLED,Milka,76222108229700,13347,1334.7,16084.016676,2020-07-20,2020,Milka Ext Cacao 23Unx100 grs,0,68.21929824561404,15.89035087719298,1.2050660579905597,12.050660579905596
Walmart,Chocolate,TABLET,FILLED,Milka,76222108229700,16917,1691.7,20050.565135999997,2020-07-27,2020,Milka Ext Cacao 23Unx100 grs,0,68.21929824561404,15.89035087719298,1.1852317276112785,11.852317276112784
Walmart,Chocolate,TABLET,FILLED,Milka,76222108229700,8139,813.9,9745.554504,2020-08-03,2020,Milka Ext Cacao 23Unx100 grs,0,68.21929824561404,15.89035087719298,1.197389667526723,11.973896675267232
Walmart,Chocolate,TABLET,FILLED,Milka,76222108229700,5233,523.3,6368.6757959999995,2020-08-10,2020,Milka Ext Cacao 23Unx100 grs,0,68.21929824561404,15.89035087719298,1.2170219369386583,12.170219369386585
Walmart,Chocolate,TABLET,FILLED,Milka,76222108229700,2311,231.1,3142.024116,2020-08-17,2020,Milka Ext Cacao 23Unx100 grs,0,68.21929824561404,15.89035087719298,1.359595030722631,13.59595030722631
Walmart,Chocolate,TABLET,FILLED,Milka,76222108229700,1625,162.5,2584.9213319999994,2020-08-24,2020,Milka Ext Cacao 23Unx100 grs,0,68.21929824561404,15.89035087719298,1.5907208196923073,15.907208196923074
Walmart,Chocolate,TABLET,FILLED,Milka,76222108229700,6644,664.4,10739.418227999999,2020-08-31,2020,Milka Ext Cacao 23Unx100 grs,0,68.21929824561404,15.89035087719298,1.6164085231788077,16.16408523178808
Walmart,Chocolate,TABLET,FILLED,Milka,76222108229700,6982,698.2,11292.708252,2020-09-07,2020,Milka Ext Cacao 23Unx100 grs,0,68.21929824561404,15.89035087719298,1.6174030724720712,16.17403072472071
Walmart,Chocolate,TABLET,FILLED,Milka,76222108229700,3847,384.7,6219.661139999999,2020-09-14,2020,Milka Ext Cacao 23Unx100 grs,0,68.21929824561404,15.89035087719298,1.6167562100337924,16.167562100337925
Walmart,Chocolate,TABLET,FILLED,Milka,76222108229700,5555,555.5,8902.841723999998,2020-09-21,2020,Milka Ext Cacao 23Unx100 grs,0,68.21929824561404,15.89035087719298,1.6026717774977495,16.026717774977495
Walmart,Chocolate,TABLET,FILLED,Milka,76222108229700,6706,670.6,10592.906856,2020-09-28,2020,Milka Ext Cacao 23Unx100 grs,0,68.21929824561404,15.89035087719298,1.579616292275574,15.79616292275574
Walmart,Chocolate,TABLET,FILLED,Milka,76222108229700,6241,624.1,9895.070388,2020-10-05,2020,Milka Ext Cacao 23Unx100 grs,0,68.21929824561404,15.89035087719298,1.585494373978529,15.854943739785291
Walmart,Chocolate,TABLET,FILLED,Milka,76222108229700,8952,895.2,11279.187948,2020-10-12,2020,Milka Ext Cacao 23Unx100 grs,0,68.21929824561404,15.89035087719298,1.2599629075067025,12.599629075067025
Walmart,Chocolate,TABLET,FILLED,Milka,76222108229700,8365,836.5,10374.949788,2020-10-19,2020,Milka Ext Cacao 23Unx100 grs,0,68.21929824561404,15.89035087719298,1.2402809071129708,12.402809071129708
Walmart,Chocolate,TABLET,FILLED,Milka,76222108229700,5269,526.9,6591.065376,2020-10-26,2020,Milka Ext Cacao 23Unx100 grs,0,68.21929824561404,15.89035087719298,1.2509139070032262,12.509139070032264
Walmart,Chocolate,TABLET,FILLED,Milka,76222108229700,3352,335.2,4232.359235999999,2020-11-02,2020,Milka Ext Cacao 23Unx100 grs,0,68.21929824561404,15.89035087719298,1.2626370035799521,12.626370035799521
Walmart,Chocolate,TABLET,FILLED,Milka,76222108229700,2602,260.2,3294.3360239999997,2020-11-09,2020,Milka Ext Cacao 23Unx100 grs,0,68.21929824561404,15.89035087719298,1.2660784104534972,12.660784104534972
Walmart,Chocolate,TABLET,FILLED,Milka,76222108229700,5317,531.7,6450.970007999999,2020-11-16,2020,Milka Ext Cacao 23Unx100 grs,0,68.21929824561404,15.89035087719298,1.2132725236035358,12.132725236035355
Walmart,Chocolate,TABLET,FILLED,Milka,76222108229700,5851,585.1,7005.002592,2020-11-23,2020,Milka Ext Cacao 23Unx100 grs,0,68.21929824561404,15.89035087719298,1.197231685523842,11.97231685523842
Walmart,Chocolate,TABLET,FILLED,Milka,76222108229700,7142,714.2,8611.665384,2020-11-30,2020,Milka Ext Cacao 23Unx100 grs,0,68.21929824561404,15.89035087719298,1.2057778471016523,12.05777847101652
Walmart,Chocolate,TABLET,FILLED,Milka,76222108229700,7254,725.4,8727.911724,2020-12-07,2020,Milka Ext Cacao 23Unx100 grs,0,68.21929824561404,15.89035087719298,1.2031860661703886,12.031860661703888
Walmart,Chocolate,TABLET,FILLED,Milka,76222108229700,8801,880.1,10581.3372,2020-12-14,2020,Milka Ext Cacao 23Unx100 grs,0,68.21929824561404,15.89035087719298,1.2022880581752073,12.022880581752073
Walmart,Chocolate,TABLET,FILLED,Milka,76222108229700,7718,771.8,9252.730284,2020-12-21,2020,Milka Ext Cacao 23Unx100 grs,0,68.21929824561404,15.89035087719298,1.1988507753303963,11.988507753303965
Walmart,Chocolate,TABLET,FILLED,Milka,76222108229700,6169,616.9,7506.370535999999,2020-12-28,2020,Milka Ext Cacao 23Unx100 grs,0,68.21929824561404,15.89035087719298,1.2167888695088345,12.167888695088344
Walmart,Chocolate,TABLET,FILLED,Milka,76222108229700,3492,349.2,5285.620619999999,2021-01-04,2021,Milka Ext Cacao 23Unx100 grs,1,68.21929824561404,15.89035087719298,1.5136370618556698,15.136370618556699
Walmart,Chocolate,TABLET,FILLED,Milka,76222108229700,2673,267.3,4326.144564,2021-01-11,2021,Milka Ext Cacao 23Unx100 grs,1,68.21929824561404,15.89035087719298,1.6184603681257015,16.184603681257016
Walmart,Chocolate,TABLET,FILLED,Milka,76222108229700,2928,292.8,4844.759892,2021-01-18,2021,Milka Ext Cacao 23Unx100 grs,1,68.21929824561404,15.89035087719298,1.6546311106557376,16.546311106557376
Walmart,Chocolate,TABLET,FILLED,Milka,76222108229700,7420,742.0,9719.784816,2021-01-25,2021,Milka Ext Cacao 23Unx100 grs,1,68.21929824561404,15.89035087719298,1.3099440452830189,13.099440452830187
Walmart,Chocolate,TABLET,FILLED,Milka,76222108229700,9628,962.8,11758.054896,2021-02-01,2021,Milka Ext Cacao 23Unx100 grs,1,68.21929824561404,15.89035087719298,1.221235448275862,12.21235448275862
Walmart,Chocolate,TABLET,FILLED,Milka,76222108229700,10146,1014.6,12427.709783999999,2021-02-08,2021,Milka Ext Cacao 23Unx100 grs,1,68.21929824561404,15.89035087719298,1.22488761916026,12.2488761916026
Walmart,Chocolate,TABLET,FILLED,Milka,76222108229700,7005,700.5,8525.632667999998,2021-02-15,2021,Milka Ext Cacao 23Unx100 grs,1,68.21929824561404,15.89035087719298,1.2170781824411132,12.170781824411133
Walmart,Chocolate,TABLET,FILLED,Milka,76222108229700,7496,749.6,9076.299455999999,2021-02-22,2021,Milka Ext Cacao 23Unx100 grs,1,68.21929824561404,15.89035087719298,1.2108190309498397,12.108190309498397
Walmart,Chocolate,TABLET,FILLED,Milka,76222108229700,7972,797.2,9708.939155999999,2021-03-01,2021,Milka Ext Cacao 23Unx100 grs,1,68.21929824561404,15.89035087719298,1.2178799744104363,12.178799744104364
Walmart,Chocolate,TABLET,FILLED,Milka,76222108229700,3102,310.2,3762.8985239999997,2021-03-08,2021,Milka Ext Cacao 23Unx100 grs,1,68.21929824561404,15.89035087719298,1.2130556170212765,12.130556170212765
Walmart,Chocolate,TABLET,FILLED,Milka,76222107639400,444,133.2,1709.2274639999998,2019-01-07,2019,Milka Oreo 300 grs,0,69.28070175438596,15.35964912280702,3.849611405405405,12.832038018018018
Walmart,Chocolate,TABLET,FILLED,Milka,76222107639400,409,122.7,1571.127012,2019-01-14,2019,Milka Oreo 300 grs,0,69.28070175438596,15.35964912280702,3.841386337408313,12.804621124694375
Walmart,Chocolate,TABLET,FILLED,Milka,76222107639400,425,127.5,1471.0256399999998,2019-01-21,2019,Milka Oreo 300 grs,0,69.28070175438596,15.35964912280702,3.4612367999999996,11.537455999999999
Walmart,Chocolate,TABLET,FILLED,Milka,76222107639400,552,165.6,1799.804076,2019-01-28,2019,Milka Oreo 300 grs,0,69.28070175438596,15.35964912280702,3.2605146304347823,10.868382101449274
Walmart,Chocolate,TABLET,FILLED,Milka,76222107639400,574,172.2,1871.37972,2019-02-04,2019,Milka Oreo 300 grs,0,69.28070175438596,15.35964912280702,3.260243414634146,10.867478048780487
Walmart,Chocolate,TABLET,FILLED,Milka,76222107639400,679,203.7,2215.09932,2019-02-11,2019,Milka Oreo 300 grs,0,69.28070175438596,15.35964912280702,3.2622964948453603,10.874321649484536
Walmart,Chocolate,TABLET,FILLED,Milka,76222107639400,379,113.7,1383.5020919999997,2019-02-18,2019,Milka Oreo 300 grs,0,69.28070175438596,15.35964912280702,3.6504012981530334,12.168004327176778
Walmart,Chocolate,TABLET,FILLED,Milka,76222107639400,463,138.9,1776.6047879999999,2019-02-25,2019,Milka Oreo 300 grs,0,69.28070175438596,15.35964912280702,3.837159369330453,12.790531231101511
Walmart,Chocolate,TABLET,FILLED,Milka,76222107639400,401,120.3,1539.1069679999998,2019-03-04,2019,Milka Oreo 300 grs,0,69.28070175438596,15.35964912280702,3.838171990024937,12.793906633416457
Walmart,Chocolate,TABLET,FILLED,Milka,76222107639400,276,82.8,1059.1204679999998,2019-03-11,2019,Milka Oreo 300 grs,0,69.28070175438596,15.35964912280702,3.8373929999999996,12.79131
Walmart,Chocolate,TABLET,FILLED,Milka,76222107639400,234,70.2,896.331324,2019-03-18,2019,Milka Oreo 300 grs,0,69.28070175438596,15.35964912280702,3.8304757435897434,12.768252478632478
Walmart,Chocolate,TABLET,FILLED,Milka,76222107639400,225,67.5,858.4993199999999,2019-03-25,2019,Milka Oreo 300 grs,0,69.28070175438596,15.35964912280702,3.815552533333333,12.718508444444442
Walmart,Chocolate,TABLET,FILLED,Milka,76222107639400,91,27.3,349.20026399999995,2019-04-01,2019,Milka Oreo 300 grs,0,69.28070175438596,15.35964912280702,3.8373655384615377,12.79121846153846
Walmart,Chocolate,TABLET,FILLED,Milka,76222107639400,54,16.2,206.89292399999997,2019-04-08,2019,Milka Oreo 300 grs,0,69.28070175438596,15.35964912280702,3.831350444444444,12.771168148148147
Walmart,Chocolate,TABLET,FILLED,Milka,76222107639400,166,49.800000000000004,637.4220719999998,2019-04-15,2019,Milka Oreo 300 grs,0,69.28070175438596,15.35964912280702,3.839891999999999,12.799639999999997
Walmart,Chocolate,TABLET,FILLED,Milka,76222107639400,313,93.9,1200.9665639999998,2019-04-22,2019,Milka Oreo 300 grs,0,69.28070175438596,15.35964912280702,3.8369538785942487,12.789846261980829
Walmart,Chocolate,TABLET,FILLED,Milka,76222107639400,406,121.8,1556.464308,2019-04-29,2019,Milka Oreo 300 grs,0,69.28070175438596,15.35964912280702,3.833655931034483,12.778853103448277
Walmart,Chocolate,TABLET,FILLED,Milka,76222107639400,475,142.5,1819.3134119999997,2019-05-06,2019,Milka Oreo 300 grs,0,69.28070175438596,15.35964912280702,3.830133498947368,12.767111663157893
Walmart,Chocolate,TABLET,FILLED,Milka,76222107639400,414,124.2,1587.0063719999998,2019-05-13,2019,Milka Oreo 300 grs,0,69.28070175438596,15.35964912280702,3.833348724637681,12.777829082125603
Walmart,Chocolate,TABLET,FILLED,Milka,76222107639400,492,147.6,1887.617508,2019-05-20,2019,Milka Oreo 300 grs,0,69.28070175438596,15.35964912280702,3.8366209512195124,12.788736504065042
Walmart,Chocolate,TABLET,FILLED,Milka,76222107639400,498,149.4,1911.5764919999997,2019-05-27,2019,Milka Oreo 300 grs,0,69.28070175438596,15.35964912280702,3.838507012048192,12.795023373493974
Walmart,Chocolate,TABLET,FILLED,Milka,76222107639400,480,144.0,1819.3219799999997,2019-06-03,2019,Milka Oreo 300 grs,0,69.28070175438596,15.35964912280702,3.7902541249999993,12.634180416666664
Walmart,Chocolate,TABLET,FILLED,Milka,76222107639400,508,152.4,1942.9139519999999,2019-06-10,2019,Milka Oreo 300 grs,0,69.28070175438596,15.35964912280702,3.824633763779527,12.748779212598423
Walmart,Chocolate,TABLET,FILLED,Milka,76222107639400,429,128.7,1621.468296,2019-06-17,2019,Milka Oreo 300 grs,0,69.28070175438596,15.35964912280702,3.7796463776223774,12.59882125874126
Walmart,Chocolate,TABLET,FILLED,Milka,76222107639400,497,149.1,1905.5946,2019-06-24,2019,Milka Oreo 300 grs,0,69.28070175438596,15.35964912280702,3.834194366197183,12.780647887323944
Walmart,Chocolate,TABLET,FILLED,Milka,76222107639400,468,140.4,1794.0777959999996,2019-07-01,2019,Milka Oreo 300 grs,0,69.28070175438596,15.35964912280702,3.833499564102563,12.778331880341877
Walmart,Chocolate,TABLET,FILLED,Milka,76222107639400,399,119.7,1531.1058839999998,2019-07-08,2019,Milka Oreo 300 grs,0,69.28070175438596,15.35964912280702,3.8373581052631573,12.791193684210524
Walmart,Chocolate,TABLET,FILLED,Milka,76222107639400,576,172.8,1897.3978799999998,2019-07-15,2019,Milka Oreo 300 grs,0,69.28070175438596,15.35964912280702,3.2940935416666663,10.980311805555553
Walmart,Chocolate,TABLET,FILLED,Milka,76222107639400,775,232.5,2407.15818,2019-07-22,2019,Milka Oreo 300 grs,0,69.28070175438596,15.35964912280702,3.1060105548387096,10.353368516129033
Walmart,Chocolate,TABLET,FILLED,Milka,76222107639400,986,295.8,3062.3017319999994,2019-07-29,2019,Milka Oreo 300 grs,0,69.28070175438596,15.35964912280702,3.1057826896551717,10.35260896551724
Walmart,Chocolate,TABLET,FILLED,Milka,76222107639400,1067,320.1,3311.4491759999996,2019-08-05,2019,Milka Oreo 300 grs,0,69.28070175438596,15.35964912280702,3.1035137544517335,10.345045848172445
Walmart,Chocolate,TABLET,FILLED,Milka,76222107639400,762,228.6,2366.1460199999997,2019-08-12,2019,Milka Oreo 300 grs,0,69.28070175438596,15.35964912280702,3.1051785039370077,10.350595013123359
