data/sales_data.csv
Retailer,Category,Segment,Sub-Segment,Brand,KNAC-14,Units,Volume,Value,Date,year,SKU,pred_flag,R2,MAPE,Unit Price,Vol Price
Walmart,Chocolate,TABLET,FILLED,Milka,76222107639400,590,177.0,2097.764844,2019-08-19,2019,Milka Oreo 300 grs,0,69.28070175438596,15.35964912280702,3.5555336338983046,11.851778779661016
Walmart,Chocolate,TABLET,FILLED,Milka,76222107639400,499,149.7,1913.5357079999999,2019-08-26,2019,Milka Oreo 300 grs,0,69.28070175438596,15.35964912280702,3.834740897795591,12.782469659318638
Walmart,Chocolate,TABLET,FILLED,Milka,76222107639400,535,160.5,2052.959916,2019-09-02,2019,Milka Oreo 300 grs,0,69.28070175438596,15.35964912280702,3.837308254205607,12.79102751401869
Walmart,Chocolate,TABLET,FILLED,Milka,76222107639400,616,184.8,2362.153332,2019-09-09,2019,Milka Oreo 300 grs,0,69.28070175438596,15.35964912280702,3.8346644999999997,12.782214999999999
Walmart,Chocolate,TABLET,FILLED,Milka,76222107639400,455,136.5,1743.148176,2019-09-16,2019,Milka Oreo 300 grs,0,69.28070175438596,15.35964912280702,3.831094892307692,12.770316307692307
Walmart,Chocolate,TABLET,FILLED,Milka,76222107639400,452,135.6,1734.9400319999997,2019-09-23,2019,Milka Oreo 300 grs,0,69.28070175438596,15.35964912280702,3.838362902654867,12.794543008849557
Walmart,Chocolate,TABLET,FILLED,Milka,76222107639400,540,162.0,2072.2379159999996,2019-09-30,2019,Milka Oreo 300 grs,0,69.28070175438596,15.35964912280702,3.8374776222222216,12.791592074074071
Walmart,Chocolate,TABLET,FILLED,Milka,76222107639400,477,143.1,1830.0191279999997,2019-10-07,2019,Milka Oreo 300 grs,0,69.28070175438596,15.35964912280702,3.8365180880503136,12.78839362683438
Walmart,Chocolate,TABLET,FILLED,Milka,76222107639400,395,118.5,1515.6077999999998,2019-10-14,2019,Milka Oreo 300 grs,0,69.28070175438596,15.35964912280702,3.836981772151898,12.789939240506326
Walmart,Chocolate,TABLET,FILLED,Milka,76222107639400,313,93.9,1201.1964719999999,2019-10-21,2019,Milka Oreo 300 grs,0,69.28070175438596,15.35964912280702,3.8376884089456866,12.792294696485621
Walmart,Chocolate,TABLET,FILLED,Milka,76222107639400,461,138.3,1769.500488,2019-10-28,2019,Milka Oreo 300 grs,0,69.28070175438596,15.35964912280702,3.838395852494577,12.794652841648588
Walmart,Chocolate,TABLET,FILLED,Milka,76222107639400,409,122.7,1569.1363799999997,2019-11-04,2019,Milka Oreo 300 grs,0,69.28070175438596,15.35964912280702,3.8365192665036667,12.788397555012223
Walmart,Chocolate,TABLET,FILLED,Milka,76222107639400,332,99.6,1274.15442,2019-11-11,2019,Milka Oreo 300 grs,0,69.28070175438596,15.35964912280702,3.8378145180722893,12.792715060240965
Walmart,Chocolate,TABLET,FILLED,Milka,76222107639400,399,119.7,1530.9673679999999,2019-11-18,2019,Milka Oreo 300 grs,0,69.28070175438596,15.35964912280702,3.837010947368421,12.790036491228069
Walmart,Chocolate,TABLET,FILLED,Milka,76222107639400,398,119.4,1526.3063759999998,2019-11-25,2019,Milka Oreo 300 grs,0,69.28070175438596,15.35964912280702,3.83494064321608,12.783135477386931
Walmart,Chocolate,TABLET,FILLED,Milka,76222107639400,412,123.6,1538.4515159999999,2019-12-02,2019,Milka Oreo 300 grs,0,69.28070175438596,15.35964912280702,3.7341056213592227,12.447018737864077
Walmart,Chocolate,TABLET,FILLED,Milka,76222107639400,505,151.5,1870.7999519999998,2019-12-09,2019,Milka Oreo 300 grs,0,69.28070175438596,15.35964912280702,3.704554360396039,12.348514534653464
Walmart,Chocolate,TABLET,FILLED,Milka,76222107639400,537,161.1,1989.0283559999998,2019-12-16,2019,Milka Oreo 300 grs,0,69.28070175438596,15.35964912280702,3.703963418994413,12.346544729981376
Walmart,Chocolate,TABLET,FILLED,Milka,76222107639400,502,150.6,1859.897172,2019-12-23,2019,Milka Oreo 300 grs,0,69.28070175438596,15.35964912280702,3.7049744462151395,12.349914820717132
Walmart,Chocolate,TABLET,FILLED,Milka,76222107639400,415,124.5,1537.9245839999999,2019-12-30,2019,Milka Oreo 300 grs,0,69.28070175438596,15.35964912280702,3.705842371084337,12.352807903614456
Walmart,Chocolate,TABLET,FILLED,Milka,76222107639400,435,130.5,1611.3037919999997,2020-01-06,2020,Milka Oreo 300 grs,0,69.28070175438596,15.35964912280702,3.7041466482758616,12.34715549425287
Walmart,Chocolate,TABLET,FILLED,Milka,76222107639400,484,145.2,1792.3313519999997,2020-01-13,2020,Milka Oreo 300 grs,0,69.28070175438596,15.35964912280702,3.7031639504132223,12.343879834710743
Walmart,Chocolate,TABLET,FILLED,Milka,76222107639400,480,144.0,1777.2773759999998,2020-01-20,2020,Milka Oreo 300 grs,0,69.28070175438596,15.35964912280702,3.7026611999999997,12.342203999999999
Walmart,Chocolate,TABLET,FILLED,Milka,76222107639400,499,149.7,1848.6973679999996,2020-01-27,2020,Milka Oreo 300 grs,0,69.28070175438596,15.35964912280702,3.704804344689378,12.349347815631262
Walmart,Chocolate,TABLET,FILLED,Milka,76222107639400,579,173.7,2142.9282,2020-02-03,2020,Milka Oreo 300 grs,0,69.28070175438596,15.35964912280702,3.701084974093264,12.336949913644213
Walmart,Chocolate,TABLET,FILLED,Milka,76222107639400,534,160.2,1979.2379879999999,2020-02-10,2020,Milka Oreo 300 grs,0,69.28070175438596,15.35964912280702,3.706438179775281,12.35479393258427
Walmart,Chocolate,TABLET,FILLED,Milka,76222107639400,363,108.9,1345.0803239999998,2020-02-17,2020,Milka Oreo 300 grs,0,69.28070175438596,15.35964912280702,3.7054554380165285,12.35151812672176
Walmart,Chocolate,TABLET,FILLED,Milka,76222107639400,485,145.5,1794.2877119999998,2020-02-24,2020,Milka Oreo 300 grs,0,69.28070175438596,15.35964912280702,3.699562292783505,12.33187430927835
Walmart,Chocolate,TABLET,FILLED,Milka,76222107639400,464,139.2,1719.4162439999998,2020-03-02,2020,Milka Oreo 300 grs,0,69.28070175438596,15.35964912280702,3.7056384568965512,12.352128189655172
Walmart,Chocolate,TABLET,FILLED,Milka,76222107639400,442,132.6,1638.2758559999997,2020-03-09,2020,Milka Oreo 300 grs,0,69.28070175438596,15.35964912280702,3.706506461538461,12.355021538461537
Walmart,Chocolate,TABLET,FILLED,Milka,76222107639400,374,112.2,1384.6559159999997,2020-03-16,2020,Milka Oreo 300 grs,0,69.28070175438596,15.35964912280702,3.702288545454545,12.340961818181816
Walmart,Chocolate,TABLET,FILLED,Milka,76222107639400,659,197.7,2441.360208,2020-03-23,2020,Milka Oreo 300 grs,0,69.28070175438596,15.35964912280702,3.7046437147192717,12.348812382397574
Walmart,Chocolate,TABLET,FILLED,Milka,76222107639400,600,180.0,2222.78196,2020-03-30,2020,Milka Oreo 300 grs,0,69.28070175438596,15.35964912280702,3.7046365999999997,12.348788666666666
Walmart,Chocolate,TABLET,FILLED,Milka,76222107639400,770,231.0,2851.9816079999996,2020-04-06,2020,Milka Oreo 300 grs,0,69.28070175438596,15.35964912280702,3.7038722181818176,12.346240727272725
Walmart,Chocolate,TABLET,FILLED,Milka,76222107639400,642,192.6,2375.765028,2020-04-13,2020,Milka Oreo 300 grs,0,69.28070175438596,15.35964912280702,3.700568579439252,12.33522859813084
Walmart,Chocolate,TABLET,FILLED,Milka,76222107639400,647,194.1,2398.077528,2020-04-20,2020,Milka Oreo 300 grs,0,69.28070175438596,15.35964912280702,3.7064567666151467,12.354855888717156
Walmart,Chocolate,TABLET,FILLED,Milka,76222107639400,569,170.7,2096.8423559999997,2020-04-27,2020,Milka Oreo 300 grs,0,69.28070175438596,15.35964912280702,3.6851359507908605,12.283786502636202
Walmart,Chocolate,TABLET,FILLED,Milka,76222107639400,785,235.5,2909.8013279999996,2020-05-04,2020,Milka Oreo 300 grs,0,69.28070175438596,15.35964912280702,3.7067532840764326,12.355844280254775
Walmart,Chocolate,TABLET,FILLED,Milka,76222107639400,669,200.7,2475.1795319999997,2020-05-11,2020,Milka Oreo 300 grs,0,69.28070175438596,15.35964912280702,3.6998199282511206,12.332733094170402
Walmart,Chocolate,TABLET,FILLED,Milka,76222107639400,1013,303.9,3752.4384239999995,2020-05-18,2020,Milka Oreo 300 grs,0,69.28070175438596,15.35964912280702,3.7042827482724574,12.347609160908192
Walmart,Chocolate,TABLET,FILLED,Milka,76222107639400,904,271.2,3347.4162119999996,2020-05-25,2020,Milka Oreo 300 grs,0,69.28070175438596,15.35964912280702,3.7028940398230086,12.342980132743362
Walmart,Chocolate,TABLET,FILLED,Milka,76222107639400,1024,307.2,3777.6012119999996,2020-06-01,2020,Milka Oreo 300 grs,0,69.28070175438596,15.35964912280702,3.6890636835937496,12.2968789453125
Walmart,Chocolate,TABLET,FILLED,Milka,76222107639400,814,244.20000000000002,3014.3837639999992,2020-06-08,2020,Milka Oreo 300 grs,0,69.28070175438596,15.35964912280702,3.7031741572481565,12.343913857493854
Walmart,Chocolate,TABLET,FILLED,Milka,76222107639400,1031,309.3,3805.3358279999998,2020-06-15,2020,Milka Oreo 300 grs,0,69.28070175438596,15.35964912280702,3.6909173889427738,12.303057963142578
Walmart,Chocolate,TABLET,FILLED,Milka,76222107639400,903,270.9,3330.547248,2020-06-22,2020,Milka Oreo 300 grs,0,69.28070175438596,15.35964912280702,3.6883136744186045,12.294378914728682
Walmart,Chocolate,TABLET,FILLED,Milka,76222107639400,984,295.2,3630.0302639999995,2020-06-29,2020,Milka Oreo 300 grs,0,69.28070175438596,15.35964912280702,3.689055146341463,12.296850487804877
Walmart,Chocolate,TABLET,FILLED,Milka,76222107639400,932,279.6,3439.206624,2020-07-06,2020,Milka Oreo 300 grs,0,69.28070175438596,15.35964912280702,3.690135862660944,12.300452875536479
Walmart,Chocolate,TABLET,FILLED,Milka,76222107639400,746,223.8,2763.6326759999997,2020-07-13,2020,Milka Oreo 300 grs,0,69.28070175438596,15.35964912280702,3.704601442359249,12.348671474530828
Walmart,Chocolate,TABLET,FILLED,Milka,76222107639400,988,296.4,3658.5759839999996,2020-07-20,2020,Milka Oreo 300 grs,0,69.28070175438596,15.35964912280702,3.7030121295546556,12.343373765182186
Walmart,Chocolate,TABLET,FILLED,Milka,76222107639400,1290,387.0,4761.748823999999,2020-07-27,2020,Milka Oreo 300 grs,0,69.28070175438596,15.35964912280702,3.6912781581395344,12.304260527131781
Walmart,Chocolate,TABLET,FILLED,Milka,76222107639400,1503,450.9,5550.4203720000005,2020-08-03,2020,Milka Oreo 300 grs,0,69.28070175438596,15.35964912280702,3.6928944590818364,12.309648196939456
Walmart,Chocolate,TABLET,FILLED,Milka,76222107639400,631,189.3,2333.647596,2020-08-10,2020,Milka Oreo 300 grs,0,69.28070175438596,15.35964912280702,3.6983321648177494,12.32777388272583
Walmart,Chocolate,TABLET,FILLED,Milka,76222107639400,155,46.5,574.81998,2020-08-17,2020,Milka Oreo 300 grs,0,69.28070175438596,15.35964912280702,3.708516,12.36172
Walmart,Chocolate,TABLET,FILLED,Milka,76222107639400,105,31.5,389.39418,2020-08-24,2020,Milka Oreo 300 grs,0,69.28070175438596,15.35964912280702,3.708516,12.36172
Walmart,Chocolate,TABLET,FILLED,Milka,76222107639400,967,290.1,3578.1538799999994,2020-08-31,2020,Milka Oreo 300 grs,0,69.28070175438596,15.35964912280702,3.700262543950361,12.334208479834537
Walmart,Chocolate,TABLET,FILLED,Milka,76222107639400,1214,364.2,4499.673696,2020-09-07,2020,Milka Oreo 300 grs,0,69.28070175438596,15.35964912280702,3.7064857462932452,12.354952487644152
Walmart,Chocolate,TABLET,FILLED,Milka,76222107639400,861,258.3,3185.628096,2020-09-14,2020,Milka Oreo 300 grs,0,69.28070175438596,15.35964912280702,3.699916487804878,12.333054959349592
Walmart,Chocolate,TABLET,FILLED,Milka,76222107639400,1040,312.0,3851.204616,2020-09-21,2020,Milka Oreo 300 grs,0,69.28070175438596,15.35964912280702,3.7030813615384615,12.343604538461538
Walmart,Chocolate,TABLET,FILLED,Milka,76222107639400,990,297.0,3666.2614799999997,2020-09-28,2020,Milka Oreo 300 grs,0,69.28070175438596,15.35964912280702,3.703294424242424,12.344314747474746
Walmart,Chocolate,TABLET,FILLED,Milka,76222107639400,758,227.4,2805.2331719999997,2020-10-05,2020,Milka Oreo 300 grs,0,69.28070175438596,15.35964912280702,3.7008353192612136,12.336117730870711
Walmart,Chocolate,TABLET,FILLED,Milka,76222107639400,443,132.9,1636.75932,2020-10-12,2020,Milka Oreo 300 grs,0,69.28070175438596,15.35964912280702,3.694716297968397,12.31572099322799
Walmart,Chocolate,TABLET,FILLED,Milka,76222107639400,378,113.4,1396.789632,2020-10-19,2020,Milka Oreo 300 grs,0,69.28070175438596,15.35964912280702,3.6952106666666666,12.317368888888888
Walmart,Chocolate,TABLET,FILLED,Milka,76222107639400,363,108.9,1334.597376,2020-10-26,2020,Milka Oreo 300 grs,0,69.28070175438596,15.35964912280702,3.6765767933884295,12.255255977961431
Walmart,Chocolate,TABLET,FILLED,Milka,76222107639400,379,113.7,1414.7395919999997,2020-11-02,2020,Milka Oreo 300 grs,0,69.28070175438596,15.35964912280702,3.7328221424802104,12.442740474934034
Walmart,Chocolate,TABLET,FILLED,Milka,76222107639400,323,96.9,1175.960856,2020-11-09,2020,Milka Oreo 300 grs,0,69.28070175438596,15.35964912280702,3.640745684210526,12.135818947368419
Walmart,Chocolate,TABLET,FILLED,Milka,76222107639400,348,104.39999999999999,1285.322808,2020-11-16,2020,Milka Oreo 300 grs,0,69.28070175438596,15.35964912280702,3.693456344827586,12.311521149425287
Walmart,Chocolate,TABLET,FILLED,Milka,76222107639400,376,112.8,1398.0291359999999,2020-11-23,2020,Milka Oreo 300 grs,0,69.28070175438596,15.35964912280702,3.7181625957446807,12.393875319148936
Walmart,Chocolate,TABLET,FILLED,Milka,76222107639400,337,101.1,1211.502348,2020-11-30,2020,Milka Oreo 300 grs,0,69.28070175438596,15.35964912280702,3.5949624569732936,11.98320818991098
Walmart,Chocolate,TABLET,FILLED,Milka,76222107639400,471,141.3,1466.0561999999998,2020-12-07,2020,Milka Oreo 300 grs,0,69.28070175438596,15.35964912280702,3.112645859872611,10.375486199575368
Walmart,Chocolate,TABLET,FILLED,Milka,76222107639400,443,132.9,1652.527296,2020-12-14,2020,Milka Oreo 300 grs,0,69.28070175438596,15.35964912280702,3.730309923250564,12.434366410835214
Walmart,Chocolate,TABLET,FILLED,Milka,76222107639400,485,145.5,1823.6088359999999,2020-12-21,2020,Milka Oreo 300 grs,0,69.28070175438596,15.35964912280702,3.760018218556701,12.533394061855669
Walmart,Chocolate,TABLET,FILLED,Milka,76222107639400,268,80.4,1025.34684,2020-12-28,2020,Milka Oreo 300 grs,0,69.28070175438596,15.35964912280702,3.825921044776119,12.75307014925373
Walmart,Chocolate,TABLET,FILLED,Milka,76222107639400,309,92.7,1186.033968,2021-01-04,2021,Milka Oreo 300 grs,1,69.28070175438596,15.35964912280702,3.838297631067961,12.794325436893203
Walmart,Chocolate,TABLET,FILLED,Milka,76222107639400,299,89.7,1141.5246359999999,2021-01-11,2021,Milka Oreo 300 grs,1,69.28070175438596,15.35964912280702,3.8178081471571903,12.726027157190634
Walmart,Chocolate,TABLET,FILLED,Milka,76222107639400,251,75.3,960.4242479999999,2021-01-18,2021,Milka Oreo 300 grs,1,69.28070175438596,15.35964912280702,3.8263914262948204,12.754638087649402
Walmart,Chocolate,TABLET,FILLED,Milka,76222107639400,309,92.7,1152.8186879999998,2021-01-25,2021,Milka Oreo 300 grs,1,69.28070175438596,15.35964912280702,3.73080481553398,12.436016051779934
Walmart,Chocolate,TABLET,FILLED,Milka,76222107639400,294,88.2,1096.644024,2021-02-01,2021,Milka Oreo 300 grs,1,69.28070175438596,15.35964912280702,3.730081714285714,12.433605714285713
Walmart,Chocolate,TABLET,FILLED,Milka,76222107639400,329,98.7,1254.874992,2021-02-08,2021,Milka Oreo 300 grs,1,69.28070175438596,15.35964912280702,3.8142097021276595,12.71403234042553
Walmart,Chocolate,TABLET,FILLED,Milka,76222107639400,198,59.4,756.9242519999999,2021-02-15,2021,Milka Oreo 300 grs,1,69.28070175438596,15.35964912280702,3.822849757575757,12.742832525252524
Walmart,Chocolate,TABLET,FILLED,Milka,76222107639400,279,83.7,1045.0460999999998,2021-02-22,2021,Milka Oreo 300 grs,1,69.28070175438596,15.35964912280702,3.7456849462365582,12.485616487455195
Walmart,Chocolate,TABLET,FILLED,Milka,76222107639400,227,68.1,861.8736839999999,2021-03-01,2021,Milka Oreo 300 grs,1,69.28070175438596,15.35964912280702,3.7968003700440525,12.656001233480175
Walmart,Chocolate,TABLET,FILLED,Milka,76222107639400,108,32.4,412.9319039999999,2021-03-08,2021,Milka Oreo 300 grs,1,69.28070175438596,15.35964912280702,3.8234435555555546,12.74481185185185
Walmart,Biscuits,DULCES,GALLETAS SANDWICH,Oreo,77501680155200,2578,556.848,3229.453416,2019-01-07,2019,Oreo Reg Chi 28x6x36 grs,0,69.3157894736842,15.342105263157897,1.2526972133436771,5.7995241358503575
Walmart,Biscuits,DULCES,GALLETAS SANDWICH,Oreo,77501680155200,2522,544.7520000000001,3161.9661359999996,2019-01-14,2019,Oreo Reg Chi 28x6x36 grs,0,69.3157894736842,15.342105263157897,1.253753424266455,5.804414001233587
Walmart,Biscuits,DULCES,GALLETAS SANDWICH,Oreo,77501680155200,2544,549.504,3183.414696,2019-01-21,2019,Oreo Reg Chi 28x6x36 grs,0,69.3157894736842,15.342105263157897,1.251342254716981,5.793251179245282
Walmart,Biscuits,DULCES,GALLETAS SANDWICH,Oreo,77501680155200,2878,621.648,3602.555544,2019-01-28,2019,Oreo Reg Chi 28x6x36 grs,0,69.3157894736842,15.342105263157897,1.251756617095205,5.795169523588911
Walmart,Biscuits,DULCES,GALLETAS SANDWICH,Oreo,77501680155200,2754,594.864,3445.712592,2019-02-04,2019,Oreo Reg Chi 28x6x36 grs,0,69.3157894736842,15.342105263157897,1.2511665185185186,5.7924375857338815
Walmart,Biscuits,DULCES,GALLETAS SANDWICH,Oreo,77501680155200,1985,428.76,2489.0696879999996,2019-02-11,2019,Oreo Reg Chi 28x6x36 grs,0,69.3157894736842,15.342105263157897,1.2539393894206547,5.805274951021549
Walmart,Biscuits,DULCES,GALLETAS SANDWICH,Oreo,77501680155200,2130,460.08,2664.4280879999997,2019-02-18,2019,Oreo Reg Chi 28x6x36 grs,0,69.3157894736842,15.342105263157897,1.2509052056338026,5.791227803860198
Walmart,Biscuits,DULCES,GALLETAS SANDWICH,Oreo,77501680155200,3206,692.496,4023.2343479999995,2019-02-25,2019,Oreo Reg Chi 28x6x36 grs,0,69.3157894736842,15.342105263157897,1.2549077816593885,5.809758248423095
Walmart,Biscuits,DULCES,GALLETAS SANDWICH,Oreo,77501680155200,2857,617.112,3568.4663279999995,2019-03-04,2019,Oreo Reg Chi 28x6x36 grs,0,69.3157894736842,15.342105263157897,1.249025666083304,5.782526231867148
Walmart,Biscuits,DULCES,GALLETAS SANDWICH,Oreo,77501680155200,2954,638.064,3697.935948,2019-03-11,2019,Oreo Reg Chi 28x6x36 grs,0,69.3157894736842,15.342105263157897,1.2518401990521326,5.795556477093207
Walmart,Biscuits,DULCES,GALLETAS SANDWICH,Oreo,77501680155200,2068,446.688,2586.252228,2019-03-18,2019,Oreo Reg Chi 28x6x36 grs,0,69.3157894736842,15.342105263157897,1.2506055261121856,5.789840398667526
