data/sales_data.csv
Retailer,Category,Segment,Sub-Segment,Brand,KNAC-14,Units,Volume,Value,Date,year,SKU,pred_flag,R2,MAPE,Unit Price,Vol Price
Walmart,Biscuits,DULCES,GALLETAS SANDWICH,Oreo,77501680155200,535,115.56,671.185704,2019-03-25,2019,Oreo Reg Chi 28x6x36 grs,0,69.3157894736842,15.342105263157897,1.2545527177570093,5.808114434060228
Walmart,Biscuits,DULCES,GALLETAS SANDWICH,Oreo,77501680155200,152,32.832,191.21634,2019-04-01,2019,Oreo Reg Chi 28x6x36 grs,0,69.3157894736842,15.342105263157897,1.2580022368421053,5.824084429824562
Walmart,Biscuits,DULCES,GALLETAS SANDWICH,Oreo,77501680155200,66,14.256,83.126736,2019-04-08,2019,Oreo Reg Chi 28x6x36 grs,0,69.3157894736842,15.342105263157897,1.259496,5.8309999999999995
Walmart,Biscuits,DULCES,GALLETAS SANDWICH,Oreo,77501680155200,20,4.32,24.962867999999997,2019-04-15,2019,Oreo Reg Chi 28x6x36 grs,0,69.3157894736842,15.342105263157897,1.2481433999999998,5.778441666666666
Walmart,Biscuits,DULCES,GALLETAS SANDWICH,Oreo,77501680155200,63,13.608,79.34824799999998,2019-04-22,2019,Oreo Reg Chi 28x6x36 grs,0,69.3157894736842,15.342105263157897,1.2594959999999997,5.830999999999999
Walmart,Biscuits,DULCES,GALLETAS SANDWICH,Oreo,77501680155200,267,57.672,335.15017199999994,2019-04-29,2019,Oreo Reg Chi 28x6x36 grs,0,69.3157894736842,15.342105263157897,1.2552440898876402,5.811315230961298
Walmart,Biscuits,DULCES,GALLETAS SANDWICH,Oreo,77501680155200,139,30.024,174.46447199999997,2019-05-06,2019,Oreo Reg Chi 28x6x36 grs,0,69.3157894736842,15.342105263157897,1.255140086330935,5.810833733013588
Walmart,Biscuits,DULCES,GALLETAS SANDWICH,Oreo,77501680155200,2413,521.208,3021.8065079999997,2019-05-13,2019,Oreo Reg Chi 28x6x36 grs,0,69.3157894736842,15.342105263157897,1.2523027384997927,5.7976978634249665
Walmart,Biscuits,DULCES,GALLETAS SANDWICH,Oreo,77501680155200,2756,595.296,3446.5408319999997,2019-05-20,2019,Oreo Reg Chi 28x6x36 grs,0,69.3157894736842,15.342105263157897,1.250559082728592,5.789625383002741
Walmart,Biscuits,DULCES,GALLETAS SANDWICH,Oreo,77501680155200,3687,796.392,4603.495008,2019-05-27,2019,Oreo Reg Chi 28x6x36 grs,0,69.3157894736842,15.342105263157897,1.2485747241659886,5.7804385378055025
Walmart,Biscuits,DULCES,GALLETAS SANDWICH,Oreo,77501680155200,2952,637.632,3695.0385359999996,2019-06-03,2019,Oreo Reg Chi 28x6x36 grs,0,69.3157894736842,15.342105263157897,1.2517068211382112,5.794938986750979
Walmart,Biscuits,DULCES,GALLETAS SANDWICH,Oreo,77501680155200,2023,436.968,2536.169412,2019-06-10,2019,Oreo Reg Chi 28x6x36 grs,0,69.3157894736842,15.342105263157897,1.2536675294117647,5.804016339869281
Walmart,Biscuits,DULCES,GALLETAS SANDWICH,Oreo,77501680155200,3686,796.176,4622.731596,2019-06-17,2019,Oreo Reg Chi 28x6x36 grs,0,69.3157894736842,15.342105263157897,1.2541322832338577,5.8061679779345265
Walmart,Biscuits,DULCES,GALLETAS SANDWICH,Oreo,77501680155200,4184,903.744,5246.109288,2019-06-24,2019,Oreo Reg Chi 28x6x36 grs,0,69.3157894736842,15.342105263157897,1.2538502122370936,5.804862093690248
Walmart,Biscuits,DULCES,GALLETAS SANDWICH,Oreo,77501680155200,3206,692.496,4013.5110959999997,2019-07-01,2019,Oreo Reg Chi 28x6x36 grs,0,69.3157894736842,15.342105263157897,1.2518749519650654,5.795717370208636
Walmart,Biscuits,DULCES,GALLETAS SANDWICH,Oreo,77501680155200,2174,469.584,2712.0561719999996,2019-07-08,2019,Oreo Reg Chi 28x6x36 grs,0,69.3157894736842,15.342105263157897,1.2474959392824285,5.775444163344576
Walmart,Biscuits,DULCES,GALLETAS SANDWICH,Oreo,77501680155200,2852,616.032,3574.793796,2019-07-15,2019,Oreo Reg Chi 28x6x36 grs,0,69.3157894736842,15.342105263157897,1.2534340098176717,5.802935230637369
Walmart,Biscuits,DULCES,GALLETAS SANDWICH,Oreo,77501680155200,4458,962.928,5583.31578,2019-07-22,2019,Oreo Reg Chi 28x6x36 grs,0,69.3157894736842,15.342105263157897,1.2524261507402423,5.79826921639001
Walmart,Biscuits,DULCES,GALLETAS SANDWICH,Oreo,77501680155200,5418,1170.288,6780.2910839999995,2019-07-29,2019,Oreo Reg Chi 28x6x36 grs,0,69.3157894736842,15.342105263157897,1.2514379999999998,5.793694444444444
Walmart,Biscuits,DULCES,GALLETAS SANDWICH,Oreo,77501680155200,3988,861.408,4987.6270079999995,2019-08-05,2019,Oreo Reg Chi 28x6x36 grs,0,69.3157894736842,15.342105263157897,1.2506587281845536,5.790086704558118
Walmart,Biscuits,DULCES,GALLETAS SANDWICH,Oreo,77501680155200,4124,890.784,5169.744132,2019-08-12,2019,Oreo Reg Chi 28x6x36 grs,0,69.3157894736842,15.342105263157897,1.2535752017458777,5.8035888969716565
Walmart,Biscuits,DULCES,GALLETAS SANDWICH,Oreo,77501680155200,17621,3806.136,19388.345843999996,2019-08-19,2019,Oreo Reg Chi 28x6x36 grs,0,69.3157894736842,15.342105263157897,1.1002977041030586,5.093970852328975
Walmart,Biscuits,DULCES,GALLETAS SANDWICH,Oreo,77501680155200,38074,8223.984,38704.42632,2019-08-26,2019,Oreo Reg Chi 28x6x36 grs,0,69.3157894736842,15.342105263157897,1.0165579219414824,4.706286675655011
Walmart,Biscuits,DULCES,GALLETAS SANDWICH,Oreo,77501680155200,35639,7698.024,35466.937547999994,2019-09-02,2019,Oreo Reg Chi 28x6x36 grs,0,69.3157894736842,15.342105263157897,0.9951720740761524,4.607278120722928
Walmart,Biscuits,DULCES,GALLETAS SANDWICH,Oreo,77501680155200,23599,5097.384,23465.191595999997,2019-09-09,2019,Oreo Reg Chi 28x6x36 grs,0,69.3157894736842,15.342105263157897,0.99432991211492,4.603379222754259
Walmart,Biscuits,DULCES,GALLETAS SANDWICH,Oreo,77501680155200,16863,3642.408,16820.7333,2019-09-16,2019,Oreo Reg Chi 28x6x36 grs,0,69.3157894736842,15.342105263157897,0.9974935242839352,4.6180255753885895
Walmart,Biscuits,DULCES,GALLETAS SANDWICH,Oreo,77501680155200,26016,5619.456,27314.224223999998,2019-09-23,2019,Oreo Reg Chi 28x6x36 grs,0,69.3157894736842,15.342105263157897,1.049900992619926,4.8606527436107685
Walmart,Biscuits,DULCES,GALLETAS SANDWICH,Oreo,77501680155200,24570,5307.12,25868.451336,2019-09-30,2019,Oreo Reg Chi 28x6x36 grs,0,69.3157894736842,15.342105263157897,1.0528470222222222,4.874291769547325
Walmart,Biscuits,DULCES,GALLETAS SANDWICH,Oreo,77501680155200,14596,3152.736,15213.420768,2019-10-07,2019,Oreo Reg Chi 28x6x36 grs,0,69.3157894736842,15.342105263157897,1.0423006829268293,4.825466124661247
Walmart,Biscuits,DULCES,GALLETAS SANDWICH,Oreo,77501680155200,7120,1537.92,8575.765463999998,2019-10-14,2019,Oreo Reg Chi 28x6x36 grs,0,69.3157894736842,15.342105263157897,1.2044614415730335,5.576210377652933
Walmart,Biscuits,DULCES,GALLETAS SANDWICH,Oreo,77501680155200,4441,959.256,5576.578475999999,2019-10-21,2019,Oreo Reg Chi 28x6x36 grs,0,69.3157894736842,15.342105263157897,1.2557033271785631,5.813441329530385
Walmart,Biscuits,DULCES,GALLETAS SANDWICH,Oreo,77501680155200,6155,1329.48,7635.902988,2019-10-28,2019,Oreo Reg Chi 28x6x36 grs,0,69.3157894736842,15.342105263157897,1.240601622745735,5.743526031230255
Walmart,Biscuits,DULCES,GALLETAS SANDWICH,Oreo,77501680155200,6191,1337.256,7714.504392,2019-11-04,2019,Oreo Reg Chi 28x6x36 grs,0,69.3157894736842,15.342105263157897,1.2460837331610402,5.768906172041852
Walmart,Biscuits,DULCES,GALLETAS SANDWICH,Oreo,77501680155200,5255,1135.08,6586.205892,2019-11-11,2019,Oreo Reg Chi 28x6x36 grs,0,69.3157894736842,15.342105263157897,1.253321768220742,5.802415593614548
Walmart,Biscuits,DULCES,GALLETAS SANDWICH,Oreo,77501680155200,5389,1164.024,6768.035988,2019-11-18,2019,Oreo Reg Chi 28x6x36 grs,0,69.3157894736842,15.342105263157897,1.255898309148265,5.81434402383456
Walmart,Biscuits,DULCES,GALLETAS SANDWICH,Oreo,77501680155200,5788,1250.208,7254.334247999999,2019-11-25,2019,Oreo Reg Chi 28x6x36 grs,0,69.3157894736842,15.342105263157897,1.2533404022114718,5.802501862090147
Walmart,Biscuits,DULCES,GALLETAS SANDWICH,Oreo,77501680155200,4765,1029.24,6033.856919999999,2019-12-02,2019,Oreo Reg Chi 28x6x36 grs,0,69.3157894736842,15.342105263157897,1.266286866736621,5.862439197854727
Walmart,Biscuits,DULCES,GALLETAS SANDWICH,Oreo,77501680155200,3981,859.896,5087.084352,2019-12-09,2019,Oreo Reg Chi 28x6x36 grs,0,69.3157894736842,15.342105263157897,1.277840831951771,5.915929777554495
Walmart,Biscuits,DULCES,GALLETAS SANDWICH,Oreo,77501680155200,3873,836.568,4980.5412719999995,2019-12-16,2019,Oreo Reg Chi 28x6x36 grs,0,69.3157894736842,15.342105263157897,1.2859646971340044,5.9535402645092805
Walmart,Biscuits,DULCES,GALLETAS SANDWICH,Oreo,77501680155200,3606,778.896,4617.850692,2019-12-23,2019,Oreo Reg Chi 28x6x36 grs,0,69.3157894736842,15.342105263157897,1.2806019667221298,5.928712808898749
Walmart,Biscuits,DULCES,GALLETAS SANDWICH,Oreo,77501680155200,4175,901.8,5331.3109079999995,2019-12-30,2019,Oreo Reg Chi 28x6x36 grs,0,69.3157894736842,15.342105263157897,1.276960696526946,5.911855076513639
Walmart,Biscuits,DULCES,GALLETAS SANDWICH,Oreo,77501680155200,4243,916.4879999999999,5510.213604,2020-01-06,2020,Oreo Reg Chi 28x6x36 grs,0,69.3157894736842,15.342105263157897,1.2986598171105348,6.012313968104329
Walmart,Biscuits,DULCES,GALLETAS SANDWICH,Oreo,77501680155200,3938,850.6080000000001,5345.935055999999,2020-01-13,2020,Oreo Reg Chi 28x6x36 grs,0,69.3157894736842,15.342105263157897,1.3575254078212289,6.284839851024207
Walmart,Biscuits,DULCES,GALLETAS SANDWICH,Oreo,77501680155200,3059,660.744,4152.643992,2020-01-20,2020,Oreo Reg Chi 28x6x36 grs,0,69.3157894736842,15.342105263157897,1.3575168329519451,6.2848001525553014
Walmart,Biscuits,DULCES,GALLETAS SANDWICH,Oreo,77501680155200,4234,914.544,5760.34494,2020-01-27,2020,Oreo Reg Chi 28x6x36 grs,0,69.3157894736842,15.342105263157897,1.3604971516296647,6.2985979242114105
Walmart,Biscuits,DULCES,GALLETAS SANDWICH,Oreo,77501680155200,4112,888.192,5608.79844,2020-02-03,2020,Oreo Reg Chi 28x6x36 grs,0,69.3157894736842,15.342105263157897,1.3640074027237352,6.314849086683959
Walmart,Biscuits,DULCES,GALLETAS SANDWICH,Oreo,77501680155200,3835,828.36,5268.501756,2020-02-10,2020,Oreo Reg Chi 28x6x36 grs,0,69.3157894736842,15.342105263157897,1.3737944604954366,6.360159539330725
Walmart,Biscuits,DULCES,GALLETAS SANDWICH,Oreo,77501680155200,3392,732.672,4667.339459999999,2020-02-17,2020,Oreo Reg Chi 28x6x36 grs,0,69.3157894736842,15.342105263157897,1.3759845106132074,6.37029866024633
Walmart,Biscuits,DULCES,GALLETAS SANDWICH,Oreo,77501680155200,4754,1026.864,6536.871348,2020-02-24,2020,Oreo Reg Chi 28x6x36 grs,0,69.3157894736842,15.342105263157897,1.3750255254522508,6.36585891413079
Walmart,Biscuits,DULCES,GALLETAS SANDWICH,Oreo,77501680155200,4446,960.336,6106.6149479999995,2020-03-02,2020,Oreo Reg Chi 28x6x36 grs,0,69.3157894736842,15.342105263157897,1.3735076356275302,6.358831646423751
Walmart,Biscuits,DULCES,GALLETAS SANDWICH,Oreo,77501680155200,3349,723.384,4613.165424,2020-03-09,2020,Oreo Reg Chi 28x6x36 grs,0,69.3157894736842,15.342105263157897,1.3774754923857868,6.3772013536379015
Walmart,Biscuits,DULCES,GALLETAS SANDWICH,Oreo,77501680155200,3735,806.76,5149.679303999999,2020-03-16,2020,Oreo Reg Chi 28x6x36 grs,0,69.3157894736842,15.342105263157897,1.3787628658634536,6.383161416034508
Walmart,Biscuits,DULCES,GALLETAS SANDWICH,Oreo,77501680155200,3138,677.808,4326.307355999999,2020-03-23,2020,Oreo Reg Chi 28x6x36 grs,0,69.3157894736842,15.342105263157897,1.3786830325047799,6.382791817151759
Walmart,Biscuits,DULCES,GALLETAS SANDWICH,Oreo,77501680155200,6543,1413.288,9020.236175999999,2020-03-30,2020,Oreo Reg Chi 28x6x36 grs,0,69.3157894736842,15.342105263157897,1.3786086162310864,6.382447297366141
Walmart,Biscuits,DULCES,GALLETAS SANDWICH,Oreo,77501680155200,4539,980.424,6255.124092,2020-04-06,2020,Oreo Reg Chi 28x6x36 grs,0,69.3157894736842,15.342105263157897,1.378084179775281,6.3800193508114855
Walmart,Biscuits,DULCES,GALLETAS SANDWICH,Oreo,77501680155200,5309,1146.744,7311.664163999999,2020-04-13,2020,Oreo Reg Chi 28x6x36 grs,0,69.3157894736842,15.342105263157897,1.3772205997362967,6.376021295075448
Walmart,Biscuits,DULCES,GALLETAS SANDWICH,Oreo,77501680155200,5921,1278.936,7206.226355999999,2020-04-20,2020,Oreo Reg Chi 28x6x36 grs,0,69.3157894736842,15.342105263157897,1.2170623806789391,5.634548058698793
Walmart,Biscuits,DULCES,GALLETAS SANDWICH,Oreo,77501680155200,6296,1359.936,7163.163587999999,2020-04-27,2020,Oreo Reg Chi 28x6x36 grs,0,69.3157894736842,15.342105263157897,1.1377324631512071,5.267279921996329
Walmart,Biscuits,DULCES,GALLETAS SANDWICH,Oreo,77501680155200,7182,1551.312,8146.524371999999,2020-05-04,2020,Oreo Reg Chi 28x6x36 grs,0,69.3157894736842,15.342105263157897,1.134297461988304,5.251377138834741
Walmart,Biscuits,DULCES,GALLETAS SANDWICH,Oreo,77501680155200,7161,1546.776,8151.453828,2020-05-11,2020,Oreo Reg Chi 28x6x36 grs,0,69.3157894736842,15.342105263157897,1.1383122228739002,5.269963994786575
Walmart,Biscuits,DULCES,GALLETAS SANDWICH,Oreo,77501680155200,6216,1342.656,8085.66444,2020-05-18,2020,Oreo Reg Chi 28x6x36 grs,0,69.3157894736842,15.342105263157897,1.3007825675675675,6.022141516516516
Walmart,Biscuits,DULCES,GALLETAS SANDWICH,Oreo,77501680155200,7443,1607.688,10238.951352,2020-05-25,2020,Oreo Reg Chi 28x6x36 grs,0,69.3157894736842,15.342105263157897,1.375648441757356,6.3687427859136845
Walmart,Biscuits,DULCES,GALLETAS SANDWICH,Oreo,77501680155200,15355,3316.68,21117.826631999997,2020-06-01,2020,Oreo Reg Chi 28x6x36 grs,0,69.3157894736842,15.342105263157897,1.3753061955063495,6.367158312529396
Walmart,Biscuits,DULCES,GALLETAS SANDWICH,Oreo,77501680155200,18334,3960.144,25201.248323999997,2020-06-08,2020,Oreo Reg Chi 28x6x36 grs,0,69.3157894736842,15.342105263157897,1.37456356081597,6.363720188962825
Walmart,Biscuits,DULCES,GALLETAS SANDWICH,Oreo,77501680155200,19024,4109.184,24228.961679999997,2020-06-15,2020,Oreo Reg Chi 28x6x36 grs,0,69.3157894736842,15.342105263157897,1.2735997518923463,5.896295147649751
Walmart,Biscuits,DULCES,GALLETAS SANDWICH,Oreo,77501680155200,21551,4655.016,25813.924583999997,2020-06-22,2020,Oreo Reg Chi 28x6x36 grs,0,69.3157894736842,15.342105263157897,1.1978063469908586,5.54539975458731
Walmart,Biscuits,DULCES,GALLETAS SANDWICH,Oreo,77501680155200,27213,5878.008,32560.032203999996,2020-06-29,2020,Oreo Reg Chi 28x6x36 grs,0,69.3157894736842,15.342105263157897,1.1964881565428287,5.539297021031614
Walmart,Biscuits,DULCES,GALLETAS SANDWICH,Oreo,77501680155200,26900,5810.4,32192.233667999997,2020-07-06,2020,Oreo Reg Chi 28x6x36 grs,0,69.3157894736842,15.342105263157897,1.1967373110780668,5.54045051425031
Walmart,Biscuits,DULCES,GALLETAS SANDWICH,Oreo,77501680155200,22667,4896.072,27166.738955999997,2020-07-13,2020,Oreo Reg Chi 28x6x36 grs,0,69.3157894736842,15.342105263157897,1.1985149757797677,5.548680443424851
Walmart,Biscuits,DULCES,GALLETAS SANDWICH,Oreo,77501680155200,19194,4145.9039999999995,22721.106492,2020-07-20,2020,Oreo Reg Chi 28x6x36 grs,0,69.3157894736842,15.342105263157897,1.1837608884026258,5.48037448334549
Walmart,Biscuits,DULCES,GALLETAS SANDWICH,Oreo,77501680155200,21317,4604.472,25030.568052,2020-07-27,2020,Oreo Reg Chi 28x6x36 grs,0,69.3157894736842,15.342105263157897,1.174206879579678,5.436142961017029
Walmart,Biscuits,DULCES,GALLETAS SANDWICH,Oreo,77501680155200,14971,3233.736,17579.571072,2020-08-03,2020,Oreo Reg Chi 28x6x36 grs,0,69.3157894736842,15.342105263157897,1.174241605236791,5.436303727948107
Walmart,Biscuits,DULCES,GALLETAS SANDWICH,Oreo,77501680155200,17759,3835.944,20862.046127999998,2020-08-10,2020,Oreo Reg Chi 28x6x36 grs,0,69.3157894736842,15.342105263157897,1.1747309042175798,5.4385690010073136
Walmart,Biscuits,DULCES,GALLETAS SANDWICH,Oreo,77501680155200,18454,3986.064,21680.148755999995,2020-08-17,2020,Oreo Reg Chi 28x6x36 grs,0,69.3157894736842,15.342105263157897,1.1748211095697407,5.438986618378429
Walmart,Biscuits,DULCES,GALLETAS SANDWICH,Oreo,77501680155200,21402,4622.832,25135.086228,2020-08-24,2020,Oreo Reg Chi 28x6x36 grs,0,69.3157894736842,15.342105263157897,1.1744269800953182,5.437161944885732
Walmart,Biscuits,DULCES,GALLETAS SANDWICH,Oreo,77501680155200,13406,2895.696,15737.379672,2020-08-31,2020,Oreo Reg Chi 28x6x36 grs,0,69.3157894736842,15.342105263157897,1.173905689392809,5.434748562003746
Walmart,Biscuits,DULCES,GALLETAS SANDWICH,Oreo,77501680155200,5587,1206.792,6556.790519999999,2020-09-07,2020,Oreo Reg Chi 28x6x36 grs,0,69.3157894736842,15.342105263157897,1.1735798317522819,5.4332399618161205
Walmart,Biscuits,DULCES,GALLETAS SANDWICH,Oreo,77501680155200,2721,587.736,3194.598792,2020-09-14,2020,Oreo Reg Chi 28x6x36 grs,0,69.3157894736842,15.342105263157897,1.1740532127894157,5.435431540691739
Walmart,Biscuits,DULCES,GALLETAS SANDWICH,Oreo,77501680155200,4050,874.8,5662.232771999999,2020-09-21,2020,Oreo Reg Chi 28x6x36 grs,0,69.3157894736842,15.342105263157897,1.3980821659259257,6.472602620027435
Walmart,Biscuits,DULCES,GALLETAS SANDWICH,Oreo,77501680155200,4741,1024.056,6931.957536,2020-09-28,2020,Oreo Reg Chi 28x6x36 grs,0,69.3157894736842,15.342105263157897,1.4621298325247838,6.769119595022147
Walmart,Biscuits,DULCES,GALLETAS SANDWICH,Oreo,77501680155200,8725,1884.6,12729.860303999998,2020-10-05,2020,Oreo Reg Chi 28x6x36 grs,0,69.3157894736842,15.342105263157897,1.4590097769627506,6.754674893346067
Walmart,Biscuits,DULCES,GALLETAS SANDWICH,Oreo,77501680155200,8648,1867.968,12631.546788,2020-10-12,2020,Oreo Reg Chi 28x6x36 grs,0,69.3157894736842,15.342105263157897,1.460632144773358,6.762185855432213
Walmart,Biscuits,DULCES,GALLETAS SANDWICH,Oreo,77501680155200,7882,1702.512,11504.494931999998,2020-10-19,2020,Oreo Reg Chi 28x6x36 grs,0,69.3157894736842,15.342105263157897,1.459590831261101,6.757364959542135
Walmart,Biscuits,DULCES,GALLETAS SANDWICH,Oreo,77501680155200,8993,1942.488,13129.597488,2020-10-26,2020,Oreo Reg Chi 28x6x36 grs,0,69.3157894736842,15.342105263157897,1.4599797051039698,6.759165301407267
Walmart,Biscuits,DULCES,GALLETAS SANDWICH,Oreo,77501680155200,8049,1738.584,11740.743251999998,2020-11-02,2020,Oreo Reg Chi 28x6x36 grs,0,69.3157894736842,15.342105263157897,1.4586586224375697,6.753049177951711
Walmart,Biscuits,DULCES,GALLETAS SANDWICH,Oreo,77501680155200,8028,1734.048,11725.383683999999,2020-11-09,2020,Oreo Reg Chi 28x6x36 grs,0,69.3157894736842,15.342105263157897,1.4605609970104632,6.761856467641033
