data/sales_data.csv
Retailer,Category,Segment,Sub-Segment,Brand,KNAC-14,Units,Volume,Value,Date,year,SKU,pred_flag,R2,MAPE,Unit Price,Vol Price
Walmart,Biscuits,DULCES,GALLETAS SANDWICH,Oreo,77501680155200,12796,2763.936,16267.567511999998,2020-11-16,2020,Oreo Reg Chi 28x6x36 grs,0,69.3157894736842,15.342105263157897,1.2713009934354484,5.8856527473863345
Walmart,Biscuits,DULCES,GALLETAS SANDWICH,Oreo,77501680155200,15021,3244.536,18046.207199999997,2020-11-23,2020,Oreo Reg Chi 28x6x36 grs,0,69.3157894736842,15.342105263157897,1.201398522069103,5.5620301947643656
Walmart,Biscuits,DULCES,GALLETAS SANDWICH,Oreo,77501680155200,19536,4219.776,23452.188228,2020-11-30,2020,Oreo Reg Chi 28x6x36 grs,0,69.3157894736842,15.342105263157897,1.2004600853808354,5.55768558046683
Walmart,Biscuits,DULCES,GALLETAS SANDWICH,Oreo,77501680155200,17579,3797.064,21086.903292,2020-12-07,2020,Oreo Reg Chi 28x6x36 grs,0,69.3157894736842,15.342105263157897,1.199550787416804,5.5534758676703895
Walmart,Biscuits,DULCES,GALLETAS SANDWICH,Oreo,77501680155200,20128,4347.648,24150.047544,2020-12-14,2020,Oreo Reg Chi 28x6x36 grs,0,69.3157894736842,15.342105263157897,1.1998235067567569,5.554738457207208
Walmart,Biscuits,DULCES,GALLETAS SANDWICH,Oreo,77501680155200,15800,3412.8,18952.714451999997,2020-12-21,2020,Oreo Reg Chi 28x6x36 grs,0,69.3157894736842,15.342105263157897,1.1995388893670884,5.5534207841068906
Walmart,Biscuits,DULCES,GALLETAS SANDWICH,Oreo,77501680155200,14473,3126.168,17371.937016,2020-12-28,2020,Oreo Reg Chi 28x6x36 grs,0,69.3157894736842,15.342105263157897,1.2002996625440476,5.556942882148368
Walmart,Biscuits,DULCES,GALLETAS SANDWICH,Oreo,77501680155200,18485,3992.76,22171.944816,2021-01-04,2021,Oreo Reg Chi 28x6x36 grs,1,69.3157894736842,15.342105263157897,1.1994560354882338,5.553037201334415
Walmart,Biscuits,DULCES,GALLETAS SANDWICH,Oreo,77501680155200,17407,3759.912,20835.645263999995,2021-01-11,2021,Oreo Reg Chi 28x6x36 grs,1,69.3157894736842,15.342105263157897,1.1969693378525879,5.541524712280499
Walmart,Biscuits,DULCES,GALLETAS SANDWICH,Oreo,77501680155200,13577,2932.632,16271.161788,2021-01-18,2021,Oreo Reg Chi 28x6x36 grs,1,69.3157894736842,15.342105263157897,1.1984357212933638,5.548313524506313
Walmart,Biscuits,DULCES,GALLETAS SANDWICH,Oreo,77501680155200,21225,4584.6,25432.097375999998,2021-01-25,2021,Oreo Reg Chi 28x6x36 grs,1,69.3157894736842,15.342105263157897,1.1982142462190812,5.5472881769401905
Walmart,Biscuits,DULCES,GALLETAS SANDWICH,Oreo,77501680155200,35580,7685.28,42653.818788,2021-02-01,2021,Oreo Reg Chi 28x6x36 grs,1,69.3157894736842,15.342105263157897,1.1988144684654298,5.55006698363625
Walmart,Biscuits,DULCES,GALLETAS SANDWICH,Oreo,77501680155200,31864,6882.624,38188.614155999996,2021-02-08,2021,Oreo Reg Chi 28x6x36 grs,1,69.3157894736842,15.342105263157897,1.1984877653778558,5.548554469341925
Walmart,Biscuits,DULCES,GALLETAS SANDWICH,Oreo,77501680155200,18142,3918.672,24531.015095999996,2021-02-15,2021,Oreo Reg Chi 28x6x36 grs,1,69.3157894736842,15.342105263157897,1.352167076176827,6.260032760077903
Walmart,Biscuits,DULCES,GALLETAS SANDWICH,Oreo,77501680155200,17952,3877.632,26111.492651999997,2021-02-22,2021,Oreo Reg Chi 28x6x36 grs,1,69.3157894736842,15.342105263157897,1.454517193181818,6.733875894360269
Walmart,Biscuits,DULCES,GALLETAS SANDWICH,Oreo,77501680155200,16346,3530.736,23821.798896,2021-03-01,2021,Oreo Reg Chi 28x6x36 grs,1,69.3157894736842,15.342105263157897,1.4573472957298421,6.746978220971492
Walmart,Biscuits,DULCES,GALLETAS SANDWICH,Oreo,77501680155200,4673,1009.368,6800.133143999999,2021-03-08,2021,Oreo Reg Chi 28x6x36 grs,1,69.3157894736842,15.342105263157897,1.455196478493473,6.737020733766078
Walmart,Biscuits,DULCES,GALLETAS SANDWICH,Oreo,76222106620300,10440,1315.44,7255.909332,2019-01-07,2019,Oreo Rollo C&C Chile 30x126 grs,0,70.06140350877193,14.969298245614034,0.6950104724137931,5.515956130268199
Walmart,Biscuits,DULCES,GALLETAS SANDWICH,Oreo,76222106620300,11501,1449.126,7993.154315999999,2019-01-14,2019,Oreo Rollo C&C Chile 30x126 grs,0,70.06140350877193,14.969298245614034,0.6949964625684723,5.515844941019621
Walmart,Biscuits,DULCES,GALLETAS SANDWICH,Oreo,76222106620300,9296,1171.296,6458.078592,2019-01-21,2019,Oreo Rollo C&C Chile 30x126 grs,0,70.06140350877193,14.969298245614034,0.6947158554216867,5.513617900172116
Walmart,Biscuits,DULCES,GALLETAS SANDWICH,Oreo,76222106620300,9949,1253.574,6916.035336,2019-01-28,2019,Oreo Rollo C&C Chile 30x126 grs,0,70.06140350877193,14.969298245614034,0.6951487924414514,5.517053908265487
Walmart,Biscuits,DULCES,GALLETAS SANDWICH,Oreo,76222106620300,6719,846.5939999999999,4669.512876,2019-02-04,2019,Oreo Rollo C&C Chile 30x126 grs,0,70.06140350877193,14.969298245614034,0.6949714058639678,5.515646078285459
Walmart,Biscuits,DULCES,GALLETAS SANDWICH,Oreo,76222106620300,10283,1295.658,7147.896839999999,2019-02-11,2019,Oreo Rollo C&C Chile 30x126 grs,0,70.06140350877193,14.969298245614034,0.6951178488767868,5.516808324418944
Walmart,Biscuits,DULCES,GALLETAS SANDWICH,Oreo,76222106620300,24341,3066.966,13853.552076,2019-02-18,2019,Oreo Rollo C&C Chile 30x126 grs,0,70.06140350877193,14.969298245614034,0.569144738342714,4.517021732878682
Walmart,Biscuits,DULCES,GALLETAS SANDWICH,Oreo,76222106620300,31787,4005.1620000000003,17406.695964,2019-02-25,2019,Oreo Rollo C&C Chile 30x126 grs,0,70.06140350877193,14.969298245614034,0.5476042395948029,4.346065393609546
Walmart,Biscuits,DULCES,GALLETAS SANDWICH,Oreo,76222106620300,31566,3977.316,17286.652572,2019-03-04,2019,Oreo Rollo C&C Chile 30x126 grs,0,70.06140350877193,14.969298245614034,0.5476351952100361,4.346311073095524
Walmart,Biscuits,DULCES,GALLETAS SANDWICH,Oreo,76222106620300,15078,1899.828,8298.0009,2019-03-11,2019,Oreo Rollo C&C Chile 30x126 grs,0,70.06140350877193,14.969298245614034,0.5503383008356545,4.367764292346465
Walmart,Biscuits,DULCES,GALLETAS SANDWICH,Oreo,76222106620300,17875,2252.25,9854.553743999999,2019-03-18,2019,Oreo Rollo C&C Chile 30x126 grs,0,70.06140350877193,14.969298245614034,0.5513037059580419,4.3754262377622375
Walmart,Biscuits,DULCES,GALLETAS SANDWICH,Oreo,76222106620300,13275,1672.65,8167.768728,2019-03-25,2019,Oreo Rollo C&C Chile 30x126 grs,0,70.06140350877193,14.969298245614034,0.6152744804519774,4.883130797237915
Walmart,Biscuits,DULCES,GALLETAS SANDWICH,Oreo,76222106620300,8128,1024.128,5645.456628,2019-04-01,2019,Oreo Rollo C&C Chile 30x126 grs,0,70.06140350877193,14.969298245614034,0.6945689749015748,5.512452181758531
Walmart,Biscuits,DULCES,GALLETAS SANDWICH,Oreo,76222106620300,4139,521.514,2876.3647079999996,2019-04-08,2019,Oreo Rollo C&C Chile 30x126 grs,0,70.06140350877193,14.969298245614034,0.6949419444310219,5.5154122573890625
Walmart,Biscuits,DULCES,GALLETAS SANDWICH,Oreo,76222106620300,5403,680.778,3871.0138319999996,2019-04-15,2019,Oreo Rollo C&C Chile 30x126 grs,0,70.06140350877193,14.969298245614034,0.7164563820099944,5.686161761984082
Walmart,Biscuits,DULCES,GALLETAS SANDWICH,Oreo,76222106620300,18858,2376.108,11176.660403999998,2019-04-22,2019,Oreo Rollo C&C Chile 30x126 grs,0,70.06140350877193,14.969298245614034,0.5926747483296213,4.703767843885883
Walmart,Biscuits,DULCES,GALLETAS SANDWICH,Oreo,76222106620300,26086,3286.836,14805.880991999999,2019-04-29,2019,Oreo Rollo C&C Chile 30x126 grs,0,70.06140350877193,14.969298245614034,0.5675795826113623,4.504599861994939
Walmart,Biscuits,DULCES,GALLETAS SANDWICH,Oreo,76222106620300,15945,2009.07,9147.026867999999,2019-05-06,2019,Oreo Rollo C&C Chile 30x126 grs,0,70.06140350877193,14.969298245614034,0.573661139416745,4.552866185847183
Walmart,Biscuits,DULCES,GALLETAS SANDWICH,Oreo,76222106620300,5449,686.574,3228.083964,2019-05-13,2019,Oreo Rollo C&C Chile 30x126 grs,0,70.06140350877193,14.969298245614034,0.5924176847127913,4.701727656450725
Walmart,Biscuits,DULCES,GALLETAS SANDWICH,Oreo,76222106620300,10833,1364.958,7021.050455999999,2019-05-20,2019,Oreo Rollo C&C Chile 30x126 grs,0,70.06140350877193,14.969298245614034,0.6481169072279146,5.143784977999322
Walmart,Biscuits,DULCES,GALLETAS SANDWICH,Oreo,76222106620300,13117,1652.742,8923.913292,2019-05-27,2019,Oreo Rollo C&C Chile 30x126 grs,0,70.06140350877193,14.969298245614034,0.6803318816802622,5.39945937841478
Walmart,Biscuits,DULCES,GALLETAS SANDWICH,Oreo,76222106620300,7694,969.444,5175.890243999999,2019-06-03,2019,Oreo Rollo C&C Chile 30x126 grs,0,70.06140350877193,14.969298245614034,0.6727177338185598,5.339029633480633
Walmart,Biscuits,DULCES,GALLETAS SANDWICH,Oreo,76222106620300,8140,1025.64,5856.272267999999,2019-06-10,2019,Oreo Rollo C&C Chile 30x126 grs,0,70.06140350877193,14.969298245614034,0.7194437675675674,5.709871171171169
Walmart,Biscuits,DULCES,GALLETAS SANDWICH,Oreo,76222106620300,17758,2237.508,10482.431064,2019-06-17,2019,Oreo Rollo C&C Chile 30x126 grs,0,70.06140350877193,14.969298245614034,0.5902934488118031,4.684868641363518
Walmart,Biscuits,DULCES,GALLETAS SANDWICH,Oreo,76222106620300,20977,2643.102,11723.071752,2019-06-24,2019,Oreo Rollo C&C Chile 30x126 grs,0,70.06140350877193,14.969298245614034,0.5588535897411451,4.435345950326548
Walmart,Biscuits,DULCES,GALLETAS SANDWICH,Oreo,76222106620300,19482,2454.732,10990.974708,2019-07-01,2019,Oreo Rollo C&C Chile 30x126 grs,0,70.06140350877193,14.969298245614034,0.5641604921465968,4.477464223385689
Walmart,Biscuits,DULCES,GALLETAS SANDWICH,Oreo,76222106620300,15880,2000.8799999999999,8981.176092,2019-07-08,2019,Oreo Rollo C&C Chile 30x126 grs,0,70.06140350877193,14.969298245614034,0.5655652450881612,4.4886130562552475
Walmart,Biscuits,DULCES,GALLETAS SANDWICH,Oreo,76222106620300,14883,1875.258,9417.814224,2019-07-15,2019,Oreo Rollo C&C Chile 30x126 grs,0,70.06140350877193,14.969298245614034,0.6327900439427535,5.022143205894869
Walmart,Biscuits,DULCES,GALLETAS SANDWICH,Oreo,76222106620300,16088,2027.088,11380.541675999999,2019-07-22,2019,Oreo Rollo C&C Chile 30x126 grs,0,70.06140350877193,14.969298245614034,0.7073931921929387,5.614231684070942
Walmart,Biscuits,DULCES,GALLETAS SANDWICH,Oreo,76222106620300,16679,2101.554,11994.377472,2019-07-29,2019,Oreo Rollo C&C Chile 30x126 grs,0,70.06140350877193,14.969298245614034,0.7191304917561004,5.707384855207146
Walmart,Biscuits,DULCES,GALLETAS SANDWICH,Oreo,76222106620300,14055,1770.93,10107.98376,2019-08-05,2019,Oreo Rollo C&C Chile 30x126 grs,0,70.06140350877193,14.969298245614034,0.7191735154749199,5.707726313293015
Walmart,Biscuits,DULCES,GALLETAS SANDWICH,Oreo,76222106620300,8566,1079.316,6159.696563999999,2019-08-12,2019,Oreo Rollo C&C Chile 30x126 grs,0,70.06140350877193,14.969298245614034,0.7190866873686667,5.707037201338625
Walmart,Biscuits,DULCES,GALLETAS SANDWICH,Oreo,76222106620300,6569,827.694,4725.657552,2019-08-19,2019,Oreo Rollo C&C Chile 30x126 grs,0,70.06140350877193,14.969298245614034,0.719387662049018,5.709425889277921
Walmart,Biscuits,DULCES,GALLETAS SANDWICH,Oreo,76222106620300,16258,2048.508,11487.034776,2019-08-26,2019,Oreo Rollo C&C Chile 30x126 grs,0,70.06140350877193,14.969298245614034,0.7065466094230533,5.607512773198836
Walmart,Biscuits,DULCES,GALLETAS SANDWICH,Oreo,76222106620300,17171,2163.546,11903.175395999999,2019-09-02,2019,Oreo Rollo C&C Chile 30x126 grs,0,70.06140350877193,14.969298245614034,0.6932138719934773,5.50169739677363
Walmart,Biscuits,DULCES,GALLETAS SANDWICH,Oreo,76222106620300,16132,2032.632,11181.328535999999,2019-09-09,2019,Oreo Rollo C&C Chile 30x126 grs,0,70.06140350877193,14.969298245614034,0.6931148361021572,5.500911397636168
Walmart,Biscuits,DULCES,GALLETAS SANDWICH,Oreo,76222106620300,15023,1892.898,10409.29176,2019-09-16,2019,Oreo Rollo C&C Chile 30x126 grs,0,70.06140350877193,14.969298245614034,0.692890352126739,5.499129778783643
Walmart,Biscuits,DULCES,GALLETAS SANDWICH,Oreo,76222106620300,14682,1849.932,10174.904123999999,2019-09-23,2019,Oreo Rollo C&C Chile 30x126 grs,0,70.06140350877193,14.969298245614034,0.6930189431957499,5.500150342823411
Walmart,Biscuits,DULCES,GALLETAS SANDWICH,Oreo,76222106620300,15900,2003.4,11019.858864,2019-09-30,2019,Oreo Rollo C&C Chile 30x126 grs,0,70.06140350877193,14.969298245614034,0.6930728845283018,5.500578448637317
Walmart,Biscuits,DULCES,GALLETAS SANDWICH,Oreo,76222106620300,12357,1556.982,8563.911635999999,2019-10-07,2019,Oreo Rollo C&C Chile 30x126 grs,0,70.06140350877193,14.969298245614034,0.6930413236222384,5.50032796525586
Walmart,Biscuits,DULCES,GALLETAS SANDWICH,Oreo,76222106620300,9499,1196.874,6584.106732,2019-10-14,2019,Oreo Rollo C&C Chile 30x126 grs,0,70.06140350877193,14.969298245614034,0.6931368282977156,5.501085938870759
Walmart,Biscuits,DULCES,GALLETAS SANDWICH,Oreo,76222106620300,8185,1031.31,5678.954651999999,2019-10-21,2019,Oreo Rollo C&C Chile 30x126 grs,0,70.06140350877193,14.969298245614034,0.6938246367745876,5.506544736306251
Walmart,Biscuits,DULCES,GALLETAS SANDWICH,Oreo,76222106620300,12447,1568.322,8634.520524,2019-10-28,2019,Oreo Rollo C&C Chile 30x126 grs,0,70.06140350877193,14.969298245614034,0.693702942395758,5.505578907902842
Walmart,Biscuits,DULCES,GALLETAS SANDWICH,Oreo,76222106620300,9906,1248.156,6870.54354,2019-11-04,2019,Oreo Rollo C&C Chile 30x126 grs,0,70.06140350877193,14.969298245614034,0.6935739491217444,5.5045551517598765
Walmart,Biscuits,DULCES,GALLETAS SANDWICH,Oreo,76222106620300,9349,1177.974,6484.727928,2019-11-11,2019,Oreo Rollo C&C Chile 30x126 grs,0,70.06140350877193,14.969298245614034,0.693627973900952,5.504983919848826
Walmart,Biscuits,DULCES,GALLETAS SANDWICH,Oreo,76222106620300,9340,1176.84,6478.074876,2019-11-18,2019,Oreo Rollo C&C Chile 30x126 grs,0,70.06140350877193,14.969298245614034,0.6935840338329764,5.504635189150607
Walmart,Biscuits,DULCES,GALLETAS SANDWICH,Oreo,76222106620300,10635,1340.01,7377.659184,2019-11-25,2019,Oreo Rollo C&C Chile 30x126 grs,0,70.06140350877193,14.969298245614034,0.6937150149506347,5.5056747218304345
Walmart,Biscuits,DULCES,GALLETAS SANDWICH,Oreo,76222106620300,9978,1257.228,6989.163215999999,2019-12-02,2019,Oreo Rollo C&C Chile 30x126 grs,0,70.06140350877193,14.969298245614034,0.7004573277209861,5.559185140642747
Walmart,Biscuits,DULCES,GALLETAS SANDWICH,Oreo,76222106620300,9085,1144.71,6406.527792,2019-12-09,2019,Oreo Rollo C&C Chile 30x126 grs,0,70.06140350877193,14.969298245614034,0.7051764217941662,5.596638268207668
Walmart,Biscuits,DULCES,GALLETAS SANDWICH,Oreo,76222106620300,9464,1192.464,6676.202735999999,2019-12-16,2019,Oreo Rollo C&C Chile 30x126 grs,0,70.06140350877193,14.969298245614034,0.7054313964497041,5.598661876584953
Walmart,Biscuits,DULCES,GALLETAS SANDWICH,Oreo,76222106620300,10918,1375.668,7700.544263999999,2019-12-23,2019,Oreo Rollo C&C Chile 30x126 grs,0,70.06140350877193,14.969298245614034,0.7053072233009708,5.5976763754045304
Walmart,Biscuits,DULCES,GALLETAS SANDWICH,Oreo,76222106620300,13289,1674.414,9366.927443999999,2019-12-30,2019,Oreo Rollo C&C Chile 30x126 grs,0,70.06140350877193,14.969298245614034,0.7048632285348784,5.5941526074196695
Walmart,Biscuits,DULCES,GALLETAS SANDWICH,Oreo,76222106620300,12741,1605.366,8978.878439999999,2020-01-06,2020,Oreo Rollo C&C Chile 30x126 grs,0,70.06140350877193,14.969298245614034,0.704723211678832,5.593041362530413
Walmart,Biscuits,DULCES,GALLETAS SANDWICH,Oreo,76222106620300,13410,1689.66,9445.326071999998,2020-01-13,2020,Oreo Rollo C&C Chile 30x126 grs,0,70.06140350877193,14.969298245614034,0.704349446085011,5.590074968928659
Walmart,Biscuits,DULCES,GALLETAS SANDWICH,Oreo,76222106620300,13673,1722.798,9631.907124,2020-01-20,2020,Oreo Rollo C&C Chile 30x126 grs,0,70.06140350877193,14.969298245614034,0.7044472408396109,5.590851117774689
Walmart,Biscuits,DULCES,GALLETAS SANDWICH,Oreo,76222106620300,13494,1700.244,9490.255235999999,2020-01-27,2020,Oreo Rollo C&C Chile 30x126 grs,0,70.06140350877193,14.969298245614034,0.703294444642063,5.581701941603676
Walmart,Biscuits,DULCES,GALLETAS SANDWICH,Oreo,76222106620300,9956,1254.456,6994.128371999999,2020-02-03,2020,Oreo Rollo C&C Chile 30x126 grs,0,70.06140350877193,14.969298245614034,0.7025038541582964,5.575427413954734
Walmart,Biscuits,DULCES,GALLETAS SANDWICH,Oreo,76222106620300,9600,1209.6,6763.817676,2020-02-10,2020,Oreo Rollo C&C Chile 30x126 grs,0,70.06140350877193,14.969298245614034,0.70456434125,5.591780486111111
Walmart,Biscuits,DULCES,GALLETAS SANDWICH,Oreo,76222106620300,19852,2501.352,11911.831932,2020-02-17,2020,Oreo Rollo C&C Chile 30x126 grs,0,70.06140350877193,14.969298245614034,0.600031832157969,4.762157398079118
Walmart,Biscuits,DULCES,GALLETAS SANDWICH,Oreo,76222106620300,24477,3084.102,14223.151319999999,2020-02-24,2020,Oreo Rollo C&C Chile 30x126 grs,0,70.06140350877193,14.969298245614034,0.5810822943988233,4.611764241260503
Walmart,Biscuits,DULCES,GALLETAS SANDWICH,Oreo,76222106620300,15228,1918.728,8860.058844,2020-03-02,2020,Oreo Rollo C&C Chile 30x126 grs,0,70.06140350877193,14.969298245614034,0.5818268219070133,4.617673189738201
Walmart,Biscuits,DULCES,GALLETAS SANDWICH,Oreo,76222106620300,22738,2864.988,13294.955603999999,2020-03-09,2020,Oreo Rollo C&C Chile 30x126 grs,0,70.06140350877193,14.969298245614034,0.5847020672002814,4.640492596827631
Walmart,Biscuits,DULCES,GALLETAS SANDWICH,Oreo,76222106620300,28158,3547.908,16473.4437,2020-03-16,2020,Oreo Rollo C&C Chile 30x126 grs,0,70.06140350877193,14.969298245614034,0.5850360004261667,4.643142860525132
Walmart,Biscuits,DULCES,GALLETAS SANDWICH,Oreo,76222106620300,14549,1833.174,9444.269352,2020-03-23,2020,Oreo Rollo C&C Chile 30x126 grs,0,70.06140350877193,14.969298245614034,0.6491352912227644,5.151867390656861
Walmart,Biscuits,DULCES,GALLETAS SANDWICH,Oreo,76222106620300,9597,1209.222,6742.603307999999,2020-03-30,2020,Oreo Rollo C&C Chile 30x126 grs,0,70.06140350877193,14.969298245614034,0.7025740656455141,5.57598464798027
Walmart,Biscuits,DULCES,GALLETAS SANDWICH,Oreo,76222106620300,7646,963.396,5381.223792,2020-04-06,2020,Oreo Rollo C&C Chile 30x126 grs,0,70.06140350877193,14.969298245614034,0.7037959445461679,5.585682099572761
