data/sales_data.csv
Retailer,Category,Segment,Sub-Segment,Brand,KNAC-14,Units,Volume,Value,Date,year,SKU,pred_flag,R2,MAPE,Unit Price,Vol Price
Walmart,Biscuits,DULCES,GALLETAS SANDWICH,Oreo,76222106620300,12996,1637.496,9147.606635999999,2020-04-13,2020,Oreo Rollo C&C Chile 30x126 grs,0,70.06140350877193,14.969298245614034,0.7038786269621421,5.58633830922335
Walmart,Biscuits,DULCES,GALLETAS SANDWICH,Oreo,76222106620300,13264,1671.264,9338.782991999999,2020-04-20,2020,Oreo Rollo C&C Chile 30x126 grs,0,70.06140350877193,14.969298245614034,0.7040698878166465,5.587856252513068
Walmart,Biscuits,DULCES,GALLETAS SANDWICH,Oreo,76222106620300,10993,1385.118,7726.271111999999,2020-04-27,2020,Oreo Rollo C&C Chile 30x126 grs,0,70.06140350877193,14.969298245614034,0.7028355418902937,5.578059856272173
Walmart,Biscuits,DULCES,GALLETAS SANDWICH,Oreo,76222106620300,15575,1962.45,10961.590752,2020-05-04,2020,Oreo Rollo C&C Chile 30x126 grs,0,70.06140350877193,14.969298245614034,0.703793948764045,5.585666260032102
Walmart,Biscuits,DULCES,GALLETAS SANDWICH,Oreo,76222106620300,14021,1766.646,9856.89138,2020-05-11,2020,Oreo Rollo C&C Chile 30x126 grs,0,70.06140350877193,14.969298245614034,0.7030091562656016,5.579437748139695
Walmart,Biscuits,DULCES,GALLETAS SANDWICH,Oreo,76222106620300,7730,973.98,5418.287532,2020-05-18,2020,Oreo Rollo C&C Chile 30x126 grs,0,70.06140350877193,14.969298245614034,0.700942759637775,5.563037774902976
Walmart,Biscuits,DULCES,GALLETAS SANDWICH,Oreo,76222106620300,4321,544.446,3017.354004,2020-05-25,2020,Oreo Rollo C&C Chile 30x126 grs,0,70.06140350877193,14.969298245614034,0.6982999314973385,5.5420629483915755
Walmart,Biscuits,DULCES,GALLETAS SANDWICH,Oreo,76222106620300,1779,224.154,1240.300824,2020-06-01,2020,Oreo Rollo C&C Chile 30x126 grs,0,70.06140350877193,14.969298245614034,0.6971898954468803,5.533253138467304
Walmart,Biscuits,DULCES,GALLETAS SANDWICH,Oreo,76222106620300,754,95.004,526.3779359999999,2020-06-08,2020,Oreo Rollo C&C Chile 30x126 grs,0,70.06140350877193,14.969298245614034,0.6981139734748009,5.540587091069848
Walmart,Biscuits,DULCES,GALLETAS SANDWICH,Oreo,76222106620300,326,41.076,227.35759199999998,2020-06-15,2020,Oreo Rollo C&C Chile 30x126 grs,0,70.06140350877193,14.969298245614034,0.6974159263803681,5.535047034764825
Walmart,Biscuits,DULCES,GALLETAS SANDWICH,Oreo,76222106620300,119,14.994,82.99964399999999,2020-06-22,2020,Oreo Rollo C&C Chile 30x126 grs,0,70.06140350877193,14.969298245614034,0.6974759999999999,5.535523809523809
Walmart,Biscuits,DULCES,GALLETAS SANDWICH,Oreo,76222106620300,226,28.476,158.27666399999998,2020-06-29,2020,Oreo Rollo C&C Chile 30x126 grs,0,70.06140350877193,14.969298245614034,0.700339221238938,5.558247787610619
Walmart,Biscuits,DULCES,GALLETAS SANDWICH,Oreo,76222106620300,4402,554.652,3081.886752,2020-07-06,2020,Oreo Rollo C&C Chile 30x126 grs,0,70.06140350877193,14.969298245614034,0.700110575193094,5.556433136453126
Walmart,Biscuits,DULCES,GALLETAS SANDWICH,Oreo,76222106620300,11285,1421.91,7940.5010999999995,2020-07-13,2020,Oreo Rollo C&C Chile 30x126 grs,0,70.06140350877193,14.969298245614034,0.703633238812583,5.584390784226849
Walmart,Biscuits,DULCES,GALLETAS SANDWICH,Oreo,76222106620300,10821,1363.446,7610.962967999999,2020-07-20,2020,Oreo Rollo C&C Chile 30x126 grs,0,70.06140350877193,14.969298245614034,0.7033511660659827,5.582152111634784
Walmart,Biscuits,DULCES,GALLETAS SANDWICH,Oreo,76222106620300,12287,1548.162,8639.89266,2020-07-27,2020,Oreo Rollo C&C Chile 30x126 grs,0,70.06140350877193,14.969298245614034,0.7031734890534711,5.58074197661485
Walmart,Biscuits,DULCES,GALLETAS SANDWICH,Oreo,76222106620300,12076,1521.576,8512.887767999999,2020-08-03,2020,Oreo Rollo C&C Chile 30x126 grs,0,70.06140350877193,14.969298245614034,0.7049426770453792,5.594783151153803
Walmart,Biscuits,DULCES,GALLETAS SANDWICH,Oreo,76222106620300,14381,1812.006,10088.088864,2020-08-10,2020,Oreo Rollo C&C Chile 30x126 grs,0,70.06140350877193,14.969298245614034,0.7014873001877476,5.567359525299585
Walmart,Biscuits,DULCES,GALLETAS SANDWICH,Oreo,76222106620300,12794,1612.044,8954.819496,2020-08-17,2020,Oreo Rollo C&C Chile 30x126 grs,0,70.06140350877193,14.969298245614034,0.6999233622010317,5.554947319055807
Walmart,Biscuits,DULCES,GALLETAS SANDWICH,Oreo,76222106620300,15379,1937.754,10771.28976,2020-08-24,2020,Oreo Rollo C&C Chile 30x126 grs,0,70.06140350877193,14.969298245614034,0.700389476558944,5.558646639356699
Walmart,Biscuits,DULCES,GALLETAS SANDWICH,Oreo,76222106620300,16319,2056.194,11430.248927999999,2020-08-31,2020,Oreo Rollo C&C Chile 30x126 grs,0,70.06140350877193,14.969298245614034,0.7004258182486671,5.5589350654656124
Walmart,Biscuits,DULCES,GALLETAS SANDWICH,Oreo,76222106620300,12258,1544.508,8572.20546,2020-09-07,2020,Oreo Rollo C&C Chile 30x126 grs,0,70.06140350877193,14.969298245614034,0.699315178658835,5.55012046554631
Walmart,Biscuits,DULCES,GALLETAS SANDWICH,Oreo,76222106620300,6904,869.904,4815.420203999999,2020-09-14,2020,Oreo Rollo C&C Chile 30x126 grs,0,70.06140350877193,14.969298245614034,0.6974826483198144,5.5355765739667815
Walmart,Biscuits,DULCES,GALLETAS SANDWICH,Oreo,76222106620300,9157,1153.782,5296.944659999999,2020-09-21,2020,Oreo Rollo C&C Chile 30x126 grs,0,70.06140350877193,14.969298245614034,0.5784585191656655,4.590940628298933
Walmart,Biscuits,DULCES,GALLETAS SANDWICH,Oreo,76222106620300,15958,2010.708,9204.583836,2020-09-28,2020,Oreo Rollo C&C Chile 30x126 grs,0,70.06140350877193,14.969298245614034,0.5768005913021682,4.577782470652128
Walmart,Biscuits,DULCES,GALLETAS SANDWICH,Oreo,76222106620300,12412,1563.912,7152.5792519999995,2020-10-05,2020,Oreo Rollo C&C Chile 30x126 grs,0,70.06140350877193,14.969298245614034,0.576263233322591,4.5735177247824685
Walmart,Biscuits,DULCES,GALLETAS SANDWICH,Oreo,76222106620300,12691,1599.066,7656.353376,2020-10-12,2020,Oreo Rollo C&C Chile 30x126 grs,0,70.06140350877193,14.969298245614034,0.6032899988968561,4.788015864260762
Walmart,Biscuits,DULCES,GALLETAS SANDWICH,Oreo,76222106620300,34274,4318.524,20752.549944,2020-10-19,2020,Oreo Rollo C&C Chile 30x126 grs,0,70.06140350877193,14.969298245614034,0.6054895823072883,4.805472875454669
Walmart,Biscuits,DULCES,GALLETAS SANDWICH,Oreo,76222106620300,38200,4813.2,23177.476727999998,2020-10-26,2020,Oreo Rollo C&C Chile 30x126 grs,0,70.06140350877193,14.969298245614034,0.6067402284816753,4.8153986387434555
Walmart,Biscuits,DULCES,GALLETAS SANDWICH,Oreo,76222106620300,19307,2432.682,11719.566012,2020-11-02,2020,Oreo Rollo C&C Chile 30x126 grs,0,70.06140350877193,14.969298245614034,0.6070112400683689,4.817549524352135
Walmart,Biscuits,DULCES,GALLETAS SANDWICH,Oreo,76222106620300,8403,1058.778,5142.026652,2020-11-09,2020,Oreo Rollo C&C Chile 30x126 grs,0,70.06140350877193,14.969298245614034,0.6119274844698321,4.85656733706216
Walmart,Biscuits,DULCES,GALLETAS SANDWICH,Oreo,76222106620300,10158,1279.908,6712.646723999999,2020-11-16,2020,Oreo Rollo C&C Chile 30x126 grs,0,70.06140350877193,14.969298245614034,0.6608236585942114,5.24463221106517
Walmart,Biscuits,DULCES,GALLETAS SANDWICH,Oreo,76222106620300,11487,1447.362,8066.64348,2020-11-23,2020,Oreo Rollo C&C Chile 30x126 grs,0,70.06140350877193,14.969298245614034,0.7022410968921389,5.573342038826499
Walmart,Biscuits,DULCES,GALLETAS SANDWICH,Oreo,76222106620300,10255,1292.1299999999999,7241.3680079999995,2020-11-30,2020,Oreo Rollo C&C Chile 30x126 grs,0,70.06140350877193,14.969298245614034,0.7061304737201365,5.604210108889973
Walmart,Biscuits,DULCES,GALLETAS SANDWICH,Oreo,76222106620300,6238,785.9879999999999,4412.765616,2020-12-07,2020,Oreo Rollo C&C Chile 30x126 grs,0,70.06140350877193,14.969298245614034,0.7074007079192048,5.614291332692102
Walmart,Biscuits,DULCES,GALLETAS SANDWICH,Oreo,76222106620300,9825,1237.95,6944.405411999999,2020-12-14,2020,Oreo Rollo C&C Chile 30x126 grs,0,70.06140350877193,14.969298245614034,0.7068097111450381,5.609600882103477
Walmart,Biscuits,DULCES,GALLETAS SANDWICH,Oreo,76222106620300,8624,1086.624,6094.002852,2020-12-21,2020,Oreo Rollo C&C Chile 30x126 grs,0,70.06140350877193,14.969298245614034,0.7066329837662337,5.608198283858997
Walmart,Biscuits,DULCES,GALLETAS SANDWICH,Oreo,76222106620300,9518,1199.268,6732.950028,2020-12-28,2020,Oreo Rollo C&C Chile 30x126 grs,0,70.06140350877193,14.969298245614034,0.7073912616095819,5.614216361980809
Walmart,Biscuits,DULCES,GALLETAS SANDWICH,Oreo,76222106620300,15598,1965.348,9854.839344,2021-01-04,2021,Oreo Rollo C&C Chile 30x126 grs,1,70.06140350877193,14.969298245614034,0.6318014709578151,5.0142973885540885
Walmart,Biscuits,DULCES,GALLETAS SANDWICH,Oreo,76222106620300,12779,1610.154,7947.878148,2021-01-11,2021,Oreo Rollo C&C Chile 30x126 grs,1,70.06140350877193,14.969298245614034,0.621948364347758,4.936098129744111
Walmart,Biscuits,DULCES,GALLETAS SANDWICH,Oreo,76222106620300,18001,2268.126,11251.410491999999,2021-01-18,2021,Oreo Rollo C&C Chile 30x126 grs,1,70.06140350877193,14.969298245614034,0.6250436360202211,4.960663777938262
Walmart,Biscuits,DULCES,GALLETAS SANDWICH,Oreo,76222106620300,26010,3277.26,16316.889204,2021-01-25,2021,Oreo Rollo C&C Chile 30x126 grs,1,70.06140350877193,14.969298245614034,0.6273313803921569,4.978820479302832
Walmart,Biscuits,DULCES,GALLETAS SANDWICH,Oreo,76222106620300,25677,3235.302,16077.315072,2021-02-01,2021,Oreo Rollo C&C Chile 30x126 grs,1,70.06140350877193,14.969298245614034,0.6261368178525528,4.969339824226609
Walmart,Biscuits,DULCES,GALLETAS SANDWICH,Oreo,76222106620300,25029,3153.654,15737.669555999997,2021-02-08,2021,Oreo Rollo C&C Chile 30x126 grs,1,70.06140350877193,14.969298245614034,0.6287774004554716,4.990296829011679
Walmart,Biscuits,DULCES,GALLETAS SANDWICH,Oreo,76222106620300,28338,3570.588,16963.410492,2021-02-15,2021,Oreo Rollo C&C Chile 30x126 grs,1,70.06140350877193,14.969298245614034,0.5986100110099513,4.750873103253581
Walmart,Biscuits,DULCES,GALLETAS SANDWICH,Oreo,76222106620300,31800,4006.8,18745.934339999996,2021-02-22,2021,Oreo Rollo C&C Chile 30x126 grs,1,70.06140350877193,14.969298245614034,0.5894947905660376,4.678530083857441
Walmart,Biscuits,DULCES,GALLETAS SANDWICH,Oreo,76222106620300,31583,3979.458,18621.938243999997,2021-03-01,2021,Oreo Rollo C&C Chile 30x126 grs,1,70.06140350877193,14.969298245614034,0.5896190432827786,4.679516216529989
Walmart,Biscuits,DULCES,GALLETAS SANDWICH,Oreo,76222106620300,12729,1603.854,7494.569543999999,2021-03-08,2021,Oreo Rollo C&C Chile 30x126 grs,1,70.06140350877193,14.969298245614034,0.5887791298609474,4.672850236991645
Walmart,Biscuits,DULCES,GALLETAS SANDWICH,Oreo,76222106368600,5242,660.492,3641.8398239999997,2019-01-07,2019,Oreo Rollo Golden Chile 30x126 grs,0,69.52631578947368,15.236842105263158,0.6947424311331553,5.513828818517105
Walmart,Biscuits,DULCES,GALLETAS SANDWICH,Oreo,76222106368600,4897,617.022,3401.623092,2019-01-14,2019,Oreo Rollo Golden Chile 30x126 grs,0,69.52631578947368,15.236842105263158,0.6946340804574229,5.512968892519229
Walmart,Biscuits,DULCES,GALLETAS SANDWICH,Oreo,76222106368600,5344,673.344,3712.284492,2019-01-21,2019,Oreo Rollo Golden Chile 30x126 grs,0,69.52631578947368,15.236842105263158,0.6946640142215569,5.513206462075847
Walmart,Biscuits,DULCES,GALLETAS SANDWICH,Oreo,76222106368600,6421,809.046,4461.199092,2019-01-28,2019,Oreo Rollo Golden Chile 30x126 grs,0,69.52631578947368,15.236842105263158,0.6947826027098583,5.51414764055443
Walmart,Biscuits,DULCES,GALLETAS SANDWICH,Oreo,76222106368600,6169,777.294,4285.480836,2019-02-04,2019,Oreo Rollo Golden Chile 30x126 grs,0,69.52631578947368,15.236842105263158,0.6946799863835305,5.513333225266115
Walmart,Biscuits,DULCES,GALLETAS SANDWICH,Oreo,76222106368600,4785,602.91,3323.250168,2019-02-11,2019,Oreo Rollo Golden Chile 30x126 grs,0,69.52631578947368,15.236842105263158,0.69451414169279,5.512016997561825
Walmart,Biscuits,DULCES,GALLETAS SANDWICH,Oreo,76222106368600,7597,957.222,4341.785448,2019-02-18,2019,Oreo Rollo Golden Chile 30x126 grs,0,69.52631578947368,15.236842105263158,0.5715131562458865,4.535818700364178
Walmart,Biscuits,DULCES,GALLETAS SANDWICH,Oreo,76222106368600,16310,2055.06,8926.529387999999,2019-02-25,2019,Oreo Rollo Golden Chile 30x126 grs,0,69.52631578947368,15.236842105263158,0.547304070386266,4.343683098303699
Walmart,Biscuits,DULCES,GALLETAS SANDWICH,Oreo,76222106368600,14235,1793.61,7792.887311999999,2019-03-04,2019,Oreo Rollo Golden Chile 30x126 grs,0,69.52631578947368,15.236842105263158,0.5474455435194941,4.344805900948367
Walmart,Biscuits,DULCES,GALLETAS SANDWICH,Oreo,76222106368600,13348,1681.848,7298.72934,2019-03-11,2019,Oreo Rollo Golden Chile 30x126 grs,0,69.52631578947368,15.236842105263158,0.5468032169613425,4.339708071121766
Walmart,Biscuits,DULCES,GALLETAS SANDWICH,Oreo,76222106368600,9134,1150.884,5013.97218,2019-03-18,2019,Oreo Rollo Golden Chile 30x126 grs,0,69.52631578947368,15.236842105263158,0.5489349879570834,4.356626888548281
Walmart,Biscuits,DULCES,GALLETAS SANDWICH,Oreo,76222106368600,4142,521.8919999999999,2605.6944479999997,2019-03-25,2019,Oreo Rollo Golden Chile 30x126 grs,0,69.52631578947368,15.236842105263158,0.6290908855625301,4.9927848060518265
Walmart,Biscuits,DULCES,GALLETAS SANDWICH,Oreo,76222106368600,6179,778.554,4293.571883999999,2019-04-01,2019,Oreo Rollo Golden Chile 30x126 grs,0,69.52631578947368,15.236842105263158,0.6948651697685708,5.514802934671197
Walmart,Biscuits,DULCES,GALLETAS SANDWICH,Oreo,76222106368600,5877,740.502,4081.6752479999996,2019-04-08,2019,Oreo Rollo Golden Chile 30x126 grs,0,69.52631578947368,15.236842105263158,0.6945168024502296,5.512038114684363
Walmart,Biscuits,DULCES,GALLETAS SANDWICH,Oreo,76222106368600,3205,403.83,2286.0452159999995,2019-04-15,2019,Oreo Rollo Golden Chile 30x126 grs,0,69.52631578947368,15.236842105263158,0.7132746383775349,5.660909828393135
Walmart,Biscuits,DULCES,GALLETAS SANDWICH,Oreo,76222106368600,4721,594.846,2752.3200599999996,2019-04-22,2019,Oreo Rollo Golden Chile 30x126 grs,0,69.52631578947368,15.236842105263158,0.5829951408599872,4.62694556238085
Walmart,Biscuits,DULCES,GALLETAS SANDWICH,Oreo,76222106368600,14659,1847.034,8315.078351999999,2019-04-29,2019,Oreo Rollo Golden Chile 30x126 grs,0,69.52631578947368,15.236842105263158,0.567233668872365,4.50185451486004
Walmart,Biscuits,DULCES,GALLETAS SANDWICH,Oreo,76222106368600,12971,1634.346,7408.512551999999,2019-05-06,2019,Oreo Rollo Golden Chile 30x126 grs,0,69.52631578947368,15.236842105263158,0.5711597064220183,4.533013543031891
Walmart,Biscuits,DULCES,GALLETAS SANDWICH,Oreo,76222106368600,7348,925.848,4232.530596,2019-05-13,2019,Oreo Rollo Golden Chile 30x126 grs,0,69.52631578947368,15.236842105263158,0.5760112406096897,4.571517782616585
Walmart,Biscuits,DULCES,GALLETAS SANDWICH,Oreo,76222106368600,7777,979.902,4956.325247999999,2019-05-20,2019,Oreo Rollo Golden Chile 30x126 grs,0,69.52631578947368,15.236842105263158,0.6373055481548153,5.057980540911233
Walmart,Biscuits,DULCES,GALLETAS SANDWICH,Oreo,76222106368600,6319,796.194,4201.143155999999,2019-05-27,2019,Oreo Rollo Golden Chile 30x126 grs,0,69.52631578947368,15.236842105263158,0.6648430378224401,5.276532046209843
Walmart,Biscuits,DULCES,GALLETAS SANDWICH,Oreo,76222106368600,5127,646.002,3226.9030079999993,2019-06-03,2019,Oreo Rollo Golden Chile 30x126 grs,0,69.52631578947368,15.236842105263158,0.6293939941486248,4.99519042975099
Walmart,Biscuits,DULCES,GALLETAS SANDWICH,Oreo,76222106368600,3385,426.51,2428.0469639999997,2019-06-10,2019,Oreo Rollo Golden Chile 30x126 grs,0,69.52631578947368,15.236842105263158,0.7172960011816838,5.6928254062038395
Walmart,Biscuits,DULCES,GALLETAS SANDWICH,Oreo,76222106368600,10122,1275.372,5926.915428,2019-06-17,2019,Oreo Rollo Golden Chile 30x126 grs,0,69.52631578947368,15.236842105263158,0.5855478589211619,4.64720522953303
Walmart,Biscuits,DULCES,GALLETAS SANDWICH,Oreo,76222106368600,11407,1437.282,6324.4077959999995,2019-06-24,2019,Oreo Rollo Golden Chile 30x126 grs,0,69.52631578947368,15.236842105263158,0.554432172876304,4.400255340288127
Walmart,Biscuits,DULCES,GALLETAS SANDWICH,Oreo,76222106368600,6790,855.54,3787.300188,2019-07-01,2019,Oreo Rollo Golden Chile 30x126 grs,0,69.52631578947368,15.236842105263158,0.557776169072165,4.42679499263623
Walmart,Biscuits,DULCES,GALLETAS SANDWICH,Oreo,76222106368600,1066,134.316,600.01704,2019-07-08,2019,Oreo Rollo Golden Chile 30x126 grs,0,69.52631578947368,15.236842105263158,0.5628677673545965,4.467204502814258
Walmart,Biscuits,DULCES,GALLETAS SANDWICH,Oreo,76222106368600,570,71.82,359.439024,2019-07-15,2019,Oreo Rollo Golden Chile 30x126 grs,0,69.52631578947368,15.236842105263158,0.6305947789473685,5.0047204678362585
Walmart,Biscuits,DULCES,GALLETAS SANDWICH,Oreo,76222106368600,4808,605.808,3459.0101279999994,2019-07-22,2019,Oreo Rollo Golden Chile 30x126 grs,0,69.52631578947368,15.236842105263158,0.7194280632279533,5.709746533555185
Walmart,Biscuits,DULCES,GALLETAS SANDWICH,Oreo,76222106368600,8030,1011.78,5775.019067999999,2019-07-29,2019,Oreo Rollo Golden Chile 30x126 grs,0,69.52631578947368,15.236842105263158,0.7191804567870484,5.707781403071813
Walmart,Biscuits,DULCES,GALLETAS SANDWICH,Oreo,76222106368600,6313,795.438,4537.90554,2019-08-05,2019,Oreo Rollo Golden Chile 30x126 grs,0,69.52631578947368,15.236842105263158,0.7188191889751306,5.704914198215323
Walmart,Biscuits,DULCES,GALLETAS SANDWICH,Oreo,76222106368600,6510,820.26,4680.871188,2019-08-12,2019,Oreo Rollo Golden Chile 30x126 grs,0,69.52631578947368,15.236842105263158,0.7190278322580645,5.706570097286226
Walmart,Biscuits,DULCES,GALLETAS SANDWICH,Oreo,76222106368600,6290,792.54,4521.277907999999,2019-08-19,2019,Oreo Rollo Golden Chile 30x126 grs,0,69.52631578947368,15.236842105263158,0.7188041189189188,5.704794594594594
Walmart,Biscuits,DULCES,GALLETAS SANDWICH,Oreo,76222106368600,7958,1002.708,5602.576644,2019-08-26,2019,Oreo Rollo Golden Chile 30x126 grs,0,69.52631578947368,15.236842105263158,0.7040181759235988,5.5874458406634835
