data/sales_data.csv
Retailer,Category,Segment,Sub-Segment,Brand,KNAC-14,Units,Volume,Value,Date,year,SKU,pred_flag,R2,MAPE,Unit Price,Vol Price
Walmart,Biscuits,DULCES,GALLETAS SANDWICH,Oreo,76222106368600,7509,946.134,5213.552315999999,2019-09-02,2019,Oreo Rollo Golden Chile 30x126 grs,0,69.52631578947368,15.236842105263158,0.6943071402317218,5.510374128823189
Walmart,Biscuits,DULCES,GALLETAS SANDWICH,Oreo,76222106368600,6856,863.856,4763.31534,2019-09-09,2019,Oreo Rollo Golden Chile 30x126 grs,0,69.52631578947368,15.236842105263158,0.6947659480746792,5.5140154609101515
Walmart,Biscuits,DULCES,GALLETAS SANDWICH,Oreo,76222106368600,6258,788.508,4347.268967999999,2019-09-16,2019,Oreo Rollo Golden Chile 30x126 grs,0,69.52631578947368,15.236842105263158,0.6946738523489931,5.513284542452326
Walmart,Biscuits,DULCES,GALLETAS SANDWICH,Oreo,76222106368600,6831,860.706,4745.55816,2019-09-23,2019,Oreo Rollo Golden Chile 30x126 grs,0,69.52631578947368,15.236842105263158,0.6947091436100131,5.513564631825501
Walmart,Biscuits,DULCES,GALLETAS SANDWICH,Oreo,76222106368600,7463,940.338,5185.066571999999,2019-09-30,2019,Oreo Rollo Golden Chile 30x126 grs,0,69.52631578947368,15.236842105263158,0.6947697403189065,5.5140455580865595
Walmart,Biscuits,DULCES,GALLETAS SANDWICH,Oreo,76222106368600,6068,764.568,4215.300348,2019-10-07,2019,Oreo Rollo Golden Chile 30x126 grs,0,69.52631578947368,15.236842105263158,0.6946770514172709,5.513309931883103
Walmart,Biscuits,DULCES,GALLETAS SANDWICH,Oreo,76222106368600,4606,580.356,3198.7328519999996,2019-10-14,2019,Oreo Rollo Golden Chile 30x126 grs,0,69.52631578947368,15.236842105263158,0.6944708753799391,5.511673614126501
Walmart,Biscuits,DULCES,GALLETAS SANDWICH,Oreo,76222106368600,4053,510.678,2816.77998,2019-10-21,2019,Oreo Rollo Golden Chile 30x126 grs,0,69.52631578947368,15.236842105263158,0.6949864248704662,5.5157652767497325
Walmart,Biscuits,DULCES,GALLETAS SANDWICH,Oreo,76222106368600,6007,756.8820000000001,4174.9622039999995,2019-10-28,2019,Oreo Rollo Golden Chile 30x126 grs,0,69.52631578947368,15.236842105263158,0.695016181787914,5.516001442761222
Walmart,Biscuits,DULCES,GALLETAS SANDWICH,Oreo,76222106368600,5188,653.688,3604.554744,2019-11-04,2019,Oreo Rollo Golden Chile 30x126 grs,0,69.52631578947368,15.236842105263158,0.6947869591364688,5.5141822153688
Walmart,Biscuits,DULCES,GALLETAS SANDWICH,Oreo,76222106368600,4965,625.59,3440.3661599999996,2019-11-11,2019,Oreo Rollo Golden Chile 30x126 grs,0,69.52631578947368,15.236842105263158,0.6929236978851963,5.499394427660287
Walmart,Biscuits,DULCES,GALLETAS SANDWICH,Oreo,76222106368600,4534,571.284,3149.699616,2019-11-18,2019,Oreo Rollo Golden Chile 30x126 grs,0,69.52631578947368,15.236842105263158,0.6946845205116894,5.513369210410234
Walmart,Biscuits,DULCES,GALLETAS SANDWICH,Oreo,76222106368600,5350,674.1,3706.3839959999996,2019-11-25,2019,Oreo Rollo Golden Chile 30x126 grs,0,69.52631578947368,15.236842105263158,0.6927820553271027,5.498270280373831
Walmart,Biscuits,DULCES,GALLETAS SANDWICH,Oreo,76222106368600,5258,662.508,3688.7025,2019-12-02,2019,Oreo Rollo Golden Chile 30x126 grs,0,69.52631578947368,15.236842105263158,0.7015409851654621,5.567785596551286
Walmart,Biscuits,DULCES,GALLETAS SANDWICH,Oreo,76222106368600,4612,581.112,3262.2517199999998,2019-12-09,2019,Oreo Rollo Golden Chile 30x126 grs,0,69.52631578947368,15.236842105263158,0.707339921942758,5.613808904307604
Walmart,Biscuits,DULCES,GALLETAS SANDWICH,Oreo,76222106368600,4314,543.564,3053.1968039999997,2019-12-16,2019,Oreo Rollo Golden Chile 30x126 grs,0,69.52631578947368,15.236842105263158,0.7077414937413073,5.616995982073868
Walmart,Biscuits,DULCES,GALLETAS SANDWICH,Oreo,76222106368600,4639,584.514,3282.24372,2019-12-23,2019,Oreo Rollo Golden Chile 30x126 grs,0,69.52631578947368,15.236842105263158,0.7075325975425738,5.615338075734713
Walmart,Biscuits,DULCES,GALLETAS SANDWICH,Oreo,76222106368600,5960,750.96,4217.316683999999,2019-12-30,2019,Oreo Rollo Golden Chile 30x126 grs,0,69.52631578947368,15.236842105263158,0.7076034704697985,5.615900559284115
Walmart,Biscuits,DULCES,GALLETAS SANDWICH,Oreo,76222106368600,5411,681.786,3828.7793039999997,2020-01-06,2020,Oreo Rollo Golden Chile 30x126 grs,0,69.52631578947368,15.236842105263158,0.7075918137128072,5.61580804533974
Walmart,Biscuits,DULCES,GALLETAS SANDWICH,Oreo,76222106368600,5645,711.27,3994.9485239999995,2020-01-13,2020,Oreo Rollo Golden Chile 30x126 grs,0,69.52631578947368,15.236842105263158,0.7076968155890168,5.616641393563625
Walmart,Biscuits,DULCES,GALLETAS SANDWICH,Oreo,76222106368600,5698,717.948,4032.2021879999993,2020-01-20,2020,Oreo Rollo Golden Chile 30x126 grs,0,69.52631578947368,15.236842105263158,0.7076521916461915,5.616287235287235
Walmart,Biscuits,DULCES,GALLETAS SANDWICH,Oreo,76222106368600,6590,830.34,4662.886955999999,2020-01-27,2020,Oreo Rollo Golden Chile 30x126 grs,0,69.52631578947368,15.236842105263158,0.7075700995447647,5.615635710672736
Walmart,Biscuits,DULCES,GALLETAS SANDWICH,Oreo,76222106368600,6780,854.28,4796.3278439999995,2020-02-03,2020,Oreo Rollo Golden Chile 30x126 grs,0,69.52631578947368,15.236842105263158,0.7074229858407078,5.61446814159292
Walmart,Biscuits,DULCES,GALLETAS SANDWICH,Oreo,76222106368600,5901,743.526,4175.352048,2020-02-10,2020,Oreo Rollo Golden Chile 30x126 grs,0,69.52631578947368,15.236842105263158,0.7075668612099644,5.615610009602892
Walmart,Biscuits,DULCES,GALLETAS SANDWICH,Oreo,76222106368600,11471,1445.346,6937.770923999999,2020-02-17,2020,Oreo Rollo Golden Chile 30x126 grs,0,69.52631578947368,15.236842105263158,0.6048096002092231,4.800076192136691
Walmart,Biscuits,DULCES,GALLETAS SANDWICH,Oreo,76222106368600,13459,1695.834,7843.961159999999,2020-02-24,2020,Oreo Rollo Golden Chile 30x126 grs,0,69.52631578947368,15.236842105263158,0.582804157812616,4.62542982390965
Walmart,Biscuits,DULCES,GALLETAS SANDWICH,Oreo,76222106368600,14374,1811.124,8402.299163999998,2020-03-02,2020,Oreo Rollo Golden Chile 30x126 grs,0,69.52631578947368,15.236842105263158,0.5845484321691943,4.639273271184082
Walmart,Biscuits,DULCES,GALLETAS SANDWICH,Oreo,76222106368600,19695,2481.57,11499.147072,2020-03-09,2020,Oreo Rollo Golden Chile 30x126 grs,0,69.52631578947368,15.236842105263158,0.5838612374714395,4.633819345011424
Walmart,Biscuits,DULCES,GALLETAS SANDWICH,Oreo,76222106368600,12718,1602.468,7428.9072479999995,2020-03-16,2020,Oreo Rollo Golden Chile 30x126 grs,0,69.52631578947368,15.236842105263158,0.5841254323006762,4.635916129370446
Walmart,Biscuits,DULCES,GALLETAS SANDWICH,Oreo,76222106368600,8490,1069.74,5624.8962839999995,2020-03-23,2020,Oreo Rollo Golden Chile 30x126 grs,0,69.52631578947368,15.236842105263158,0.6625319533568904,5.258190106007066
Walmart,Biscuits,DULCES,GALLETAS SANDWICH,Oreo,76222106368600,9144,1152.144,6466.309584,2020-03-30,2020,Oreo Rollo Golden Chile 30x126 grs,0,69.52631578947368,15.236842105263158,0.707164215223097,5.612414406532516
Walmart,Biscuits,DULCES,GALLETAS SANDWICH,Oreo,76222106368600,8182,1030.932,5788.3694399999995,2020-04-06,2020,Oreo Rollo Golden Chile 30x126 grs,0,69.52631578947368,15.236842105263158,0.7074516548521144,5.614695673429479
Walmart,Biscuits,DULCES,GALLETAS SANDWICH,Oreo,76222106368600,10116,1274.616,7154.915459999999,2020-04-13,2020,Oreo Rollo Golden Chile 30x126 grs,0,69.52631578947368,15.236842105263158,0.7072870166073546,5.61338902069329
Walmart,Biscuits,DULCES,GALLETAS SANDWICH,Oreo,76222106368600,9828,1238.328,6955.820844,2020-04-20,2020,Oreo Rollo Golden Chile 30x126 grs,0,69.52631578947368,15.236842105263158,0.7077554786324786,5.61710697327364
Walmart,Biscuits,DULCES,GALLETAS SANDWICH,Oreo,76222106368600,8042,1013.292,5690.994119999999,2020-04-27,2020,Oreo Rollo Golden Chile 30x126 grs,0,69.52631578947368,15.236842105263158,0.7076590549614523,5.616341706043272
Walmart,Biscuits,DULCES,GALLETAS SANDWICH,Oreo,76222106368600,5819,733.194,4117.539468,2020-05-04,2020,Oreo Rollo Golden Chile 30x126 grs,0,69.52631578947368,15.236842105263158,0.7076025894483589,5.615893567050467
Walmart,Biscuits,DULCES,GALLETAS SANDWICH,Oreo,76222106368600,7576,954.576,5362.826867999999,2020-05-11,2020,Oreo Rollo Golden Chile 30x126 grs,0,69.52631578947368,15.236842105263158,0.7078704947201688,5.61801979936642
Walmart,Biscuits,DULCES,GALLETAS SANDWICH,Oreo,76222106368600,8804,1109.304,6229.8013679999995,2020-05-18,2020,Oreo Rollo Golden Chile 30x126 grs,0,69.52631578947368,15.236842105263158,0.7076103325761017,5.615955020445251
Walmart,Biscuits,DULCES,GALLETAS SANDWICH,Oreo,76222106368600,9796,1234.296,6934.509372,2020-05-25,2020,Oreo Rollo Golden Chile 30x126 grs,0,69.52631578947368,15.236842105263158,0.7078919326255615,5.61818994147271
Walmart,Biscuits,DULCES,GALLETAS SANDWICH,Oreo,76222106368600,8709,1097.334,6161.114567999999,2020-06-01,2020,Oreo Rollo Golden Chile 30x126 grs,0,69.52631578947368,15.236842105263158,0.7074422514640026,5.6146210433651005
Walmart,Biscuits,DULCES,GALLETAS SANDWICH,Oreo,76222106368600,2644,333.144,1869.076356,2020-06-08,2020,Oreo Rollo Golden Chile 30x126 grs,0,69.52631578947368,15.236842105263158,0.7069123888048412,5.610415784165406
Walmart,Biscuits,DULCES,GALLETAS SANDWICH,Oreo,76222106368600,552,69.55199999999999,389.97823199999993,2020-06-15,2020,Oreo Rollo Golden Chile 30x126 grs,0,69.52631578947368,15.236842105263158,0.706482304347826,5.607002415458937
Walmart,Biscuits,DULCES,GALLETAS SANDWICH,Oreo,76222106368600,189,23.814,133.75361999999998,2020-06-22,2020,Oreo Rollo Golden Chile 30x126 grs,0,69.52631578947368,15.236842105263158,0.707691111111111,5.6165961199294525
Walmart,Biscuits,DULCES,GALLETAS SANDWICH,Oreo,76222106368600,198,24.948,140.24102399999998,2020-06-29,2020,Oreo Rollo Golden Chile 30x126 grs,0,69.52631578947368,15.236842105263158,0.7082879999999999,5.621333333333332
Walmart,Biscuits,DULCES,GALLETAS SANDWICH,Oreo,76222106368600,134,16.884,94.910592,2020-07-06,2020,Oreo Rollo Golden Chile 30x126 grs,0,69.52631578947368,15.236842105263158,0.7082879999999999,5.621333333333333
Walmart,Biscuits,DULCES,GALLETAS SANDWICH,Oreo,76222106368600,54,6.804,38.20614,2020-07-13,2020,Oreo Rollo Golden Chile 30x126 grs,0,69.52631578947368,15.236842105263158,0.707521111111111,5.615246913580246
Walmart,Biscuits,DULCES,GALLETAS SANDWICH,Oreo,76222106368600,3162,398.412,2239.2810719999998,2020-07-20,2020,Oreo Rollo Golden Chile 30x126 grs,0,69.52631578947368,15.236842105263158,0.7081850322580644,5.620516129032258
Walmart,Biscuits,DULCES,GALLETAS SANDWICH,Oreo,76222106368600,8930,1125.18,6320.893488,2020-07-27,2020,Oreo Rollo Golden Chile 30x126 grs,0,69.52631578947368,15.236842105263158,0.7078268183650616,5.617673161627472
Walmart,Biscuits,DULCES,GALLETAS SANDWICH,Oreo,76222106368600,8034,1012.284,5684.301084,2020-08-03,2020,Oreo Rollo Golden Chile 30x126 grs,0,69.52631578947368,15.236842105263158,0.7075306303211352,5.6153224628661516
Walmart,Biscuits,DULCES,GALLETAS SANDWICH,Oreo,76222106368600,7367,928.242,5213.113919999999,2020-08-10,2020,Oreo Rollo Golden Chile 30x126 grs,0,69.52631578947368,15.236842105263158,0.7076305035971221,5.616115107913668
Walmart,Biscuits,DULCES,GALLETAS SANDWICH,Oreo,76222106368600,6193,780.318,4384.032827999999,2020-08-17,2020,Oreo Rollo Golden Chile 30x126 grs,0,69.52631578947368,15.236842105263158,0.7079013124495397,5.618264384520157
Walmart,Biscuits,DULCES,GALLETAS SANDWICH,Oreo,76222106368600,7917,997.542,5598.242663999999,2020-08-24,2020,Oreo Rollo Golden Chile 30x126 grs,0,69.52631578947368,15.236842105263158,0.7071166684350132,5.612037051071533
Walmart,Biscuits,DULCES,GALLETAS SANDWICH,Oreo,76222106368600,7952,1001.952,5626.395684,2020-08-31,2020,Oreo Rollo Golden Chile 30x126 grs,0,69.52631578947368,15.236842105263158,0.7075447288732395,5.615434356136821
Walmart,Biscuits,DULCES,GALLETAS SANDWICH,Oreo,76222106368600,6539,823.914,4628.200835999999,2020-09-07,2020,Oreo Rollo Golden Chile 30x126 grs,0,69.52631578947368,15.236842105263158,0.7077841926900136,5.617334862619156
Walmart,Biscuits,DULCES,GALLETAS SANDWICH,Oreo,76222106368600,5049,636.174,3571.725024,2020-09-14,2020,Oreo Rollo Golden Chile 30x126 grs,0,69.52631578947368,15.236842105263158,0.7074123636363636,5.614383838383838
Walmart,Biscuits,DULCES,GALLETAS SANDWICH,Oreo,76222106368600,11187,1409.562,6642.643307999999,2020-09-21,2020,Oreo Rollo Golden Chile 30x126 grs,0,69.52631578947368,15.236842105263158,0.5937823641727004,4.712558445815082
Walmart,Biscuits,DULCES,GALLETAS SANDWICH,Oreo,76222106368600,20390,2569.14,11892.556788,2020-09-28,2020,Oreo Rollo Golden Chile 30x126 grs,0,69.52631578947368,15.236842105263158,0.5832543790093183,4.6290030080104625
Walmart,Biscuits,DULCES,GALLETAS SANDWICH,Oreo,76222106368600,17788,2241.288,10336.470899999998,2020-10-05,2020,Oreo Rollo Golden Chile 30x126 grs,0,69.52631578947368,15.236842105263158,0.5810923600179896,4.6118441271269015
Walmart,Biscuits,DULCES,GALLETAS SANDWICH,Oreo,76222106368600,18218,2295.468,11024.841156,2020-10-12,2020,Oreo Rollo Golden Chile 30x126 grs,0,69.52631578947368,15.236842105263158,0.6051619912174773,4.802872946170455
Walmart,Biscuits,DULCES,GALLETAS SANDWICH,Oreo,76222106368600,14423,1817.298,8750.040012,2020-10-19,2020,Oreo Rollo Golden Chile 30x126 grs,0,69.52631578947368,15.236842105263158,0.6066726764196075,4.8148625112667265
Walmart,Biscuits,DULCES,GALLETAS SANDWICH,Oreo,76222106368600,11725,1477.35,7116.73074,2020-10-26,2020,Oreo Rollo Golden Chile 30x126 grs,0,69.52631578947368,15.236842105263158,0.6069706388059701,4.817227292110874
Walmart,Biscuits,DULCES,GALLETAS SANDWICH,Oreo,76222106368600,10976,1382.9759999999999,6662.605319999999,2020-11-02,2020,Oreo Rollo Golden Chile 30x126 grs,0,69.52631578947368,15.236842105263158,0.6070157908163264,4.8175856413994165
Walmart,Biscuits,DULCES,GALLETAS SANDWICH,Oreo,76222106368600,15018,1892.268,9112.456415999999,2020-11-09,2020,Oreo Rollo Golden Chile 30x126 grs,0,69.52631578947368,15.236842105263158,0.6067689716340391,4.815626759000311
Walmart,Biscuits,DULCES,GALLETAS SANDWICH,Oreo,76222106368600,9227,1162.602,5974.959059999999,2020-11-16,2020,Oreo Rollo Golden Chile 30x126 grs,0,69.52631578947368,15.236842105263158,0.647551648423106,5.139298797008777
Walmart,Biscuits,DULCES,GALLETAS SANDWICH,Oreo,76222106368600,7405,933.03,5261.8072919999995,2020-11-23,2020,Oreo Rollo Golden Chile 30x126 grs,0,69.52631578947368,15.236842105263158,0.7105749212694125,5.639483502138194
Walmart,Biscuits,DULCES,GALLETAS SANDWICH,Oreo,76222106368600,7085,892.71,5066.2284119999995,2020-11-30,2020,Oreo Rollo Golden Chile 30x126 grs,0,69.52631578947368,15.236842105263158,0.7150639960479886,5.675111079745942
Walmart,Biscuits,DULCES,GALLETAS SANDWICH,Oreo,76222106368600,4479,564.354,3206.0384999999997,2020-12-07,2020,Oreo Rollo Golden Chile 30x126 grs,0,69.52631578947368,15.236842105263158,0.7157933690555927,5.680899754409466
Walmart,Biscuits,DULCES,GALLETAS SANDWICH,Oreo,76222106368600,4740,597.24,3398.200176,2020-12-14,2020,Oreo Rollo Golden Chile 30x126 grs,0,69.52631578947368,15.236842105263158,0.7169198683544303,5.689840225035161
Walmart,Biscuits,DULCES,GALLETAS SANDWICH,Oreo,76222106368600,4575,576.45,3275.743464,2020-12-21,2020,Oreo Rollo Golden Chile 30x126 grs,0,69.52631578947368,15.236842105263158,0.7160095003278689,5.682615081967213
Walmart,Biscuits,DULCES,GALLETAS SANDWICH,Oreo,76222106368600,6389,805.014,4582.046448,2020-12-28,2020,Oreo Rollo Golden Chile 30x126 grs,0,69.52631578947368,15.236842105263158,0.7171774061668493,5.691884175927375
Walmart,Biscuits,DULCES,GALLETAS SANDWICH,Oreo,76222106368600,9648,1215.648,6254.520047999999,2021-01-04,2021,Oreo Rollo Golden Chile 30x126 grs,1,69.52631578947368,15.236842105263158,0.6482711492537313,5.14500912106136
Walmart,Biscuits,DULCES,GALLETAS SANDWICH,Oreo,76222106368600,10093,1271.718,6453.637511999999,2021-01-11,2021,Oreo Rollo Golden Chile 30x126 grs,1,69.52631578947368,15.236842105263158,0.6394171715050034,5.074739456388915
Walmart,Biscuits,DULCES,GALLETAS SANDWICH,Oreo,76222106368600,10444,1315.944,6683.4384119999995,2021-01-18,2021,Oreo Rollo Golden Chile 30x126 grs,1,69.52631578947368,15.236842105263158,0.639930908847185,5.078816736882421
Walmart,Biscuits,DULCES,GALLETAS SANDWICH,Oreo,76222106368600,12355,1556.73,7884.540636,2021-01-25,2021,Oreo Rollo Golden Chile 30x126 grs,1,69.52631578947368,15.236842105263158,0.638165976203966,5.064809334952111
Walmart,Biscuits,DULCES,GALLETAS SANDWICH,Oreo,76222106368600,12643,1593.018,8079.31698,2021-02-01,2021,Oreo Rollo Golden Chile 30x126 grs,1,69.52631578947368,15.236842105263158,0.6390348002847425,5.071704764164623
Walmart,Biscuits,DULCES,GALLETAS SANDWICH,Oreo,76222106368600,11173,1407.798,7151.672471999999,2021-02-08,2021,Oreo Rollo Golden Chile 30x126 grs,1,69.52631578947368,15.236842105263158,0.6400852476505862,5.080041648020525
Walmart,Biscuits,DULCES,GALLETAS SANDWICH,Oreo,76222106368600,13551,1707.426,8273.976228,2021-02-15,2021,Oreo Rollo Golden Chile 30x126 grs,1,69.52631578947368,15.236842105263158,0.6105804905911002,4.845876909453176
Walmart,Biscuits,DULCES,GALLETAS SANDWICH,Oreo,76222106368600,17471,2201.346,10488.801372,2021-02-22,2021,Oreo Rollo Golden Chile 30x126 grs,1,69.52631578947368,15.236842105263158,0.600354952320989,4.764721843817373
Walmart,Biscuits,DULCES,GALLETAS SANDWICH,Oreo,76222106368600,19127,2410.002,11476.730327999998,2021-03-01,2021,Oreo Rollo Golden Chile 30x126 grs,1,69.52631578947368,15.236842105263158,0.6000277266691064,4.762124814834178
Walmart,Biscuits,DULCES,GALLETAS SANDWICH,Oreo,76222106368600,6188,779.688,3728.7107759999994,2021-03-08,2021,Oreo Rollo Golden Chile 30x126 grs,1,69.52631578947368,15.236842105263158,0.6025712307692307,4.7823113553113545
Walmart,Biscuits,DULCES,GALLETAS SANDWICH,Oreo,76223007668700,31868,4015.368,22133.581595999996,2019-01-07,2019,Oreo Rollo Regular 30x126 grs Exp,0,70.62280701754386,14.688596491228068,0.6945393998995857,5.512217459520521
