data/sales_data.csv
Retailer,Category,Segment,Sub-Segment,Brand,KNAC-14,Units,Volume,Value,Date,year,SKU,pred_flag,R2,MAPE,Unit Price,Vol Price
Walmart,Biscuits,DULCES,GALLETAS SANDWICH,Oreo,76223007668700,30714,3869.964,21341.505696,2019-01-14,2019,Oreo Rollo Regular 30x126 grs Exp,0,70.62280701754386,14.688596491228068,0.6948461840203165,5.514652254129496
Walmart,Biscuits,DULCES,GALLETAS SANDWICH,Oreo,76223007668700,29523,3719.898,20510.271179999996,2019-01-21,2019,Oreo Rollo Regular 30x126 grs Exp,0,70.62280701754386,14.688596491228068,0.694721782339193,5.513664939199945
Walmart,Biscuits,DULCES,GALLETAS SANDWICH,Oreo,76223007668700,34310,4323.06,23839.66032,2019-01-28,2019,Oreo Rollo Regular 30x126 grs Exp,0,70.62280701754386,14.688596491228068,0.6948312538618479,5.514533760808316
Walmart,Biscuits,DULCES,GALLETAS SANDWICH,Oreo,76223007668700,24109,3037.734,16749.845952,2019-02-04,2019,Oreo Rollo Regular 30x126 grs Exp,0,70.62280701754386,14.688596491228068,0.6947549028163756,5.513927800129966
Walmart,Biscuits,DULCES,GALLETAS SANDWICH,Oreo,76223007668700,29424,3707.424,20448.958571999996,2019-02-11,2019,Oreo Rollo Regular 30x126 grs Exp,0,70.62280701754386,14.688596491228068,0.6949754816476345,5.515678425774877
Walmart,Biscuits,DULCES,GALLETAS SANDWICH,Oreo,76223007668700,47946,6041.196,27882.408287999995,2019-02-18,2019,Oreo Rollo Regular 30x126 grs Exp,0,70.62280701754386,14.688596491228068,0.581537735952947,4.6153788567694205
Walmart,Biscuits,DULCES,GALLETAS SANDWICH,Oreo,76223007668700,75257,9482.382,41415.033072,2019-02-25,2019,Oreo Rollo Regular 30x126 grs Exp,0,70.62280701754386,14.688596491228068,0.5503146959352618,4.367576951867157
Walmart,Biscuits,DULCES,GALLETAS SANDWICH,Oreo,76223007668700,73998,9323.748,40660.702068,2019-03-04,2019,Oreo Rollo Regular 30x126 grs Exp,0,70.62280701754386,14.688596491228068,0.5494837977783184,4.360982522050145
Walmart,Biscuits,DULCES,GALLETAS SANDWICH,Oreo,76223007668700,70682,8905.932,38748.962783999996,2019-03-11,2019,Oreo Rollo Regular 30x126 grs Exp,0,70.62280701754386,14.688596491228068,0.5482154266149797,4.3509160842458705
Walmart,Biscuits,DULCES,GALLETAS SANDWICH,Oreo,76223007668700,63903,8051.778,35070.420504,2019-03-18,2019,Oreo Rollo Regular 30x126 grs Exp,0,70.62280701754386,14.688596491228068,0.5488071061452514,4.355611953533741
Walmart,Biscuits,DULCES,GALLETAS SANDWICH,Oreo,76223007668700,45379,5717.754,28301.507723999996,2019-03-25,2019,Oreo Rollo Regular 30x126 grs Exp,0,70.62280701754386,14.688596491228068,0.6236697089843318,4.949759595113745
Walmart,Biscuits,DULCES,GALLETAS SANDWICH,Oreo,76223007668700,36227,4564.602,25166.645028,2019-04-01,2019,Oreo Rollo Regular 30x126 grs Exp,0,70.62280701754386,14.688596491228068,0.6946930473955889,5.513436884091975
Walmart,Biscuits,DULCES,GALLETAS SANDWICH,Oreo,76223007668700,38356,4832.856,26649.563051999998,2019-04-08,2019,Oreo Rollo Regular 30x126 grs Exp,0,70.62280701754386,14.688596491228068,0.694795157263531,5.514247279869294
Walmart,Biscuits,DULCES,GALLETAS SANDWICH,Oreo,76223007668700,36880,4646.88,26335.607255999996,2019-04-15,2019,Oreo Rollo Regular 30x126 grs Exp,0,70.62280701754386,14.688596491228068,0.7140891338394793,5.667374078091105
Walmart,Biscuits,DULCES,GALLETAS SANDWICH,Oreo,76223007668700,62480,7872.48,37632.421008,2019-04-22,2019,Oreo Rollo Regular 30x126 grs Exp,0,70.62280701754386,14.688596491228068,0.602311475800256,4.7802498079385405
Walmart,Biscuits,DULCES,GALLETAS SANDWICH,Oreo,76223007668700,99141,12491.766,56363.11002,2019-04-29,2019,Oreo Rollo Regular 30x126 grs Exp,0,70.62280701754386,14.688596491228068,0.5685146409658971,4.512020960046802
Walmart,Biscuits,DULCES,GALLETAS SANDWICH,Oreo,76223007668700,93181,11740.806,53124.968651999996,2019-05-06,2019,Oreo Rollo Regular 30x126 grs Exp,0,70.62280701754386,14.688596491228068,0.5701266207917923,4.52481445072851
Walmart,Biscuits,DULCES,GALLETAS SANDWICH,Oreo,76223007668700,99859,12582.234,56890.65463199999,2019-05-13,2019,Oreo Rollo Regular 30x126 grs Exp,0,70.62280701754386,14.688596491228068,0.5697098371904384,4.521506644368559
Walmart,Biscuits,DULCES,GALLETAS SANDWICH,Oreo,76223007668700,59583,7507.458,37219.81468799999,2019-05-20,2019,Oreo Rollo Regular 30x126 grs Exp,0,70.62280701754386,14.688596491228068,0.624671713206787,4.957712009577675
Walmart,Biscuits,DULCES,GALLETAS SANDWICH,Oreo,76223007668700,43191,5442.066,29493.000936,2019-05-27,2019,Oreo Rollo Regular 30x126 grs Exp,0,70.62280701754386,14.688596491228068,0.6828506155449052,5.41944932972147
Walmart,Biscuits,DULCES,GALLETAS SANDWICH,Oreo,76223007668700,46823,5899.698,30334.137204,2019-06-03,2019,Oreo Rollo Regular 30x126 grs Exp,0,70.62280701754386,14.688596491228068,0.647846938555838,5.141642369490777
Walmart,Biscuits,DULCES,GALLETAS SANDWICH,Oreo,76223007668700,41464,5224.464,29782.977755999997,2019-06-10,2019,Oreo Rollo Regular 30x126 grs Exp,0,70.62280701754386,14.688596491228068,0.7182852053829828,5.700676233198275
Walmart,Biscuits,DULCES,GALLETAS SANDWICH,Oreo,76223007668700,61958,7806.708,37120.767179999995,2019-06-17,2019,Oreo Rollo Regular 30x126 grs Exp,0,70.62280701754386,14.688596491228068,0.5991279121340262,4.7549834296351285
Walmart,Biscuits,DULCES,GALLETAS SANDWICH,Oreo,76223007668700,85248,10741.248,47438.879711999994,2019-06-24,2019,Oreo Rollo Regular 30x126 grs Exp,0,70.62280701754386,14.688596491228068,0.5564808524774774,4.4165147022022015
Walmart,Biscuits,DULCES,GALLETAS SANDWICH,Oreo,76223007668700,83575,10530.45,46658.630508,2019-07-01,2019,Oreo Rollo Regular 30x126 grs Exp,0,70.62280701754386,14.688596491228068,0.5582845409273108,4.430829689899292
Walmart,Biscuits,DULCES,GALLETAS SANDWICH,Oreo,76223007668700,47265,5955.39,26572.760928,2019-07-08,2019,Oreo Rollo Regular 30x126 grs Exp,0,70.62280701754386,14.688596491228068,0.5622079959377975,4.461968221728552
Walmart,Biscuits,DULCES,GALLETAS SANDWICH,Oreo,76223007668700,38823,4891.698,24867.07776,2019-07-15,2019,Oreo Rollo Regular 30x126 grs Exp,0,70.62280701754386,14.688596491228068,0.6405243736960049,5.083526775365118
Walmart,Biscuits,DULCES,GALLETAS SANDWICH,Oreo,76223007668700,36215,4563.09,25823.800632,2019-07-22,2019,Oreo Rollo Regular 30x126 grs Exp,0,70.62280701754386,14.688596491228068,0.713069187684661,5.6592792673385794
Walmart,Biscuits,DULCES,GALLETAS SANDWICH,Oreo,76223007668700,43880,5528.88,31554.250391999998,2019-07-29,2019,Oreo Rollo Regular 30x126 grs Exp,0,70.62280701754386,14.688596491228068,0.7191032450319051,5.7071686113643265
Walmart,Biscuits,DULCES,GALLETAS SANDWICH,Oreo,76223007668700,33589,4232.214,24145.460807999996,2019-08-05,2019,Oreo Rollo Regular 30x126 grs Exp,0,70.62280701754386,14.688596491228068,0.7188502428771323,5.705160657755018
Walmart,Biscuits,DULCES,GALLETAS SANDWICH,Oreo,76223007668700,35254,4442.004,25353.563087999995,2019-08-12,2019,Oreo Rollo Regular 30x126 grs Exp,0,70.62280701754386,14.688596491228068,0.7191684089181368,5.707685785064578
Walmart,Biscuits,DULCES,GALLETAS SANDWICH,Oreo,76223007668700,39738,5006.988,28574.94402,2019-08-19,2019,Oreo Rollo Regular 30x126 grs Exp,0,70.62280701754386,14.688596491228068,0.719083598067341,5.707012683074135
Walmart,Biscuits,DULCES,GALLETAS SANDWICH,Oreo,76223007668700,38723,4879.098,27413.401679999995,2019-08-26,2019,Oreo Rollo Regular 30x126 grs Exp,0,70.62280701754386,14.688596491228068,0.7079358954626448,5.6185388528781335
Walmart,Biscuits,DULCES,GALLETAS SANDWICH,Oreo,76223007668700,39218,4941.468,27202.360415999996,2019-09-02,2019,Oreo Rollo Regular 30x126 grs Exp,0,70.62280701754386,14.688596491228068,0.6936192670712427,5.5049148180257355
Walmart,Biscuits,DULCES,GALLETAS SANDWICH,Oreo,76223007668700,39407,4965.282,27320.141855999995,2019-09-09,2019,Oreo Rollo Regular 30x126 grs Exp,0,70.62280701754386,14.688596491228068,0.6932814438044002,5.5022336809873025
Walmart,Biscuits,DULCES,GALLETAS SANDWICH,Oreo,76223007668700,31672,3990.672,21958.917204,2019-09-16,2019,Oreo Rollo Regular 30x126 grs Exp,0,70.62280701754386,14.688596491228068,0.6933227205102299,5.502561273890714
Walmart,Biscuits,DULCES,GALLETAS SANDWICH,Oreo,76223007668700,41418,5218.668,28724.744076,2019-09-23,2019,Oreo Rollo Regular 30x126 grs Exp,0,70.62280701754386,14.688596491228068,0.6935328619440823,5.504229063048272
Walmart,Biscuits,DULCES,GALLETAS SANDWICH,Oreo,76223007668700,46051,5802.426,31920.116844,2019-09-30,2019,Oreo Rollo Regular 30x126 grs Exp,0,70.62280701754386,14.688596491228068,0.6931470943953443,5.501167415836066
Walmart,Biscuits,DULCES,GALLETAS SANDWICH,Oreo,76223007668700,41197,5190.822,28569.009252,2019-10-07,2019,Oreo Rollo Regular 30x126 grs Exp,0,70.62280701754386,14.688596491228068,0.6934730502706508,5.503754367227387
Walmart,Biscuits,DULCES,GALLETAS SANDWICH,Oreo,76223007668700,32735,4124.61,22699.83786,2019-10-14,2019,Oreo Rollo Regular 30x126 grs Exp,0,70.62280701754386,14.688596491228068,0.6934424273713151,5.503511328343771
Walmart,Biscuits,DULCES,GALLETAS SANDWICH,Oreo,76223007668700,24614,3101.364,17084.629127999997,2019-10-21,2019,Oreo Rollo Regular 30x126 grs Exp,0,70.62280701754386,14.688596491228068,0.6941021015682131,5.508746837842961
Walmart,Biscuits,DULCES,GALLETAS SANDWICH,Oreo,76223007668700,35042,4415.292,24315.615576,2019-10-28,2019,Oreo Rollo Regular 30x126 grs Exp,0,70.62280701754386,14.688596491228068,0.6938991945665202,5.507136464813652
Walmart,Biscuits,DULCES,GALLETAS SANDWICH,Oreo,76223007668700,33893,4270.518,23511.110363999996,2019-11-04,2019,Oreo Rollo Regular 30x126 grs Exp,0,70.62280701754386,14.688596491228068,0.6936863176467116,5.505446965450092
Walmart,Biscuits,DULCES,GALLETAS SANDWICH,Oreo,76223007668700,31765,4002.39,22036.204847999998,2019-11-11,2019,Oreo Rollo Regular 30x126 grs Exp,0,70.62280701754386,14.688596491228068,0.6937259514560049,5.505761519492103
Walmart,Biscuits,DULCES,GALLETAS SANDWICH,Oreo,76223007668700,33183,4181.058,23019.519936,2019-11-18,2019,Oreo Rollo Regular 30x126 grs Exp,0,70.62280701754386,14.688596491228068,0.693714249344544,5.505668645591618
Walmart,Biscuits,DULCES,GALLETAS SANDWICH,Oreo,76223007668700,37021,4664.646,25688.898899999997,2019-11-25,2019,Oreo Rollo Regular 30x126 grs Exp,0,70.62280701754386,14.688596491228068,0.6939007293157936,5.507148645363442
Walmart,Biscuits,DULCES,GALLETAS SANDWICH,Oreo,76223007668700,34473,4343.598,24145.319435999998,2019-12-02,2019,Oreo Rollo Regular 30x126 grs Exp,0,70.62280701754386,14.688596491228068,0.7004124803759463,5.558829209332908
Walmart,Biscuits,DULCES,GALLETAS SANDWICH,Oreo,76223007668700,34009,4285.134,23989.904484,2019-12-09,2019,Oreo Rollo Regular 30x126 grs Exp,0,70.62280701754386,14.688596491228068,0.705398702813961,5.598402403285404
Walmart,Biscuits,DULCES,GALLETAS SANDWICH,Oreo,76223007668700,36196,4560.696,25529.444136,2019-12-16,2019,Oreo Rollo Regular 30x126 grs Exp,0,70.62280701754386,14.688596491228068,0.7053111983644601,5.597707923527461
Walmart,Biscuits,DULCES,GALLETAS SANDWICH,Oreo,76223007668700,35724,4501.224,25189.917144,2019-12-23,2019,Oreo Rollo Regular 30x126 grs Exp,0,70.62280701754386,14.688596491228068,0.7051258857910648,5.596237188817974
Walmart,Biscuits,DULCES,GALLETAS SANDWICH,Oreo,76223007668700,40756,5135.256,28735.398383999996,2019-12-30,2019,Oreo Rollo Regular 30x126 grs Exp,0,70.62280701754386,14.688596491228068,0.7050593381097261,5.595709032616873
Walmart,Biscuits,DULCES,GALLETAS SANDWICH,Oreo,76223007668700,44569,5615.6939999999995,31435.940592,2020-01-06,2020,Oreo Rollo Regular 30x126 grs Exp,0,70.62280701754386,14.688596491228068,0.7053319704727501,5.597872781529763
Walmart,Biscuits,DULCES,GALLETAS SANDWICH,Oreo,76223007668700,42705,5380.83,30112.29312,2020-01-13,2020,Oreo Rollo Regular 30x126 grs Exp,0,70.62280701754386,14.688596491228068,0.7051233607305936,5.596217148655505
Walmart,Biscuits,DULCES,GALLETAS SANDWICH,Oreo,76223007668700,44288,5580.288,31227.745331999995,2020-01-20,2020,Oreo Rollo Regular 30x126 grs Exp,0,70.62280701754386,14.688596491228068,0.7051062439486994,5.596081301180154
Walmart,Biscuits,DULCES,GALLETAS SANDWICH,Oreo,76223007668700,50110,6313.86,35311.802484,2020-01-27,2020,Oreo Rollo Regular 30x126 grs Exp,0,70.62280701754386,14.688596491228068,0.7046857410496907,5.592743976584847
Walmart,Biscuits,DULCES,GALLETAS SANDWICH,Oreo,76223007668700,51648,6507.648,36383.660712,2020-02-03,2020,Oreo Rollo Regular 30x126 grs Exp,0,70.62280701754386,14.688596491228068,0.7044543973048326,5.590907915117719
Walmart,Biscuits,DULCES,GALLETAS SANDWICH,Oreo,76223007668700,48811,6150.186,34401.793776,2020-02-10,2020,Oreo Rollo Regular 30x126 grs Exp,0,70.62280701754386,14.688596491228068,0.7047959225584397,5.593618433003489
Walmart,Biscuits,DULCES,GALLETAS SANDWICH,Oreo,76223007668700,78803,9929.178,47710.391063999996,2020-02-17,2020,Oreo Rollo Regular 30x126 grs Exp,0,70.62280701754386,14.688596491228068,0.605438765833788,4.805069570109429
Walmart,Biscuits,DULCES,GALLETAS SANDWICH,Oreo,76223007668700,89395,11263.77,52032.055991999994,2020-02-24,2020,Oreo Rollo Regular 30x126 grs Exp,0,70.62280701754386,14.688596491228068,0.5820466020694669,4.619417476741801
Walmart,Biscuits,DULCES,GALLETAS SANDWICH,Oreo,76223007668700,71303,8984.178,41597.472924,2020-03-02,2020,Oreo Rollo Regular 30x126 grs Exp,0,70.62280701754386,14.688596491228068,0.5833902209444203,4.63008111860651
Walmart,Biscuits,DULCES,GALLETAS SANDWICH,Oreo,76223007668700,82400,10382.4,48046.893551999994,2020-03-09,2020,Oreo Rollo Regular 30x126 grs Exp,0,70.62280701754386,14.688596491228068,0.5830933683495145,4.627725145631068
Walmart,Biscuits,DULCES,GALLETAS SANDWICH,Oreo,76223007668700,72591,9146.466,42167.64904799999,2020-03-16,2020,Oreo Rollo Regular 30x126 grs Exp,0,70.62280701754386,14.688596491228068,0.5808936238376657,4.61026685585449
Walmart,Biscuits,DULCES,GALLETAS SANDWICH,Oreo,76223007668700,48932,6165.432,31997.141735999998,2020-03-23,2020,Oreo Rollo Regular 30x126 grs Exp,0,70.62280701754386,14.688596491228068,0.6539103600098095,5.189764761982615
Walmart,Biscuits,DULCES,GALLETAS SANDWICH,Oreo,76223007668700,70596,8895.096,49711.690224,2020-03-30,2020,Oreo Rollo Regular 30x126 grs Exp,0,70.62280701754386,14.688596491228068,0.7041714859765426,5.588662587115417
Walmart,Biscuits,DULCES,GALLETAS SANDWICH,Oreo,76223007668700,61949,7805.574,43654.88105999999,2020-04-06,2020,Oreo Rollo Regular 30x126 grs Exp,0,70.62280701754386,14.688596491228068,0.704690649728002,5.592782934349222
Walmart,Biscuits,DULCES,GALLETAS SANDWICH,Oreo,76223007668700,55555,6999.93,39153.800784,2020-04-13,2020,Oreo Rollo Regular 30x126 grs Exp,0,70.62280701754386,14.688596491228068,0.7047754618666187,5.5934560465604655
Walmart,Biscuits,DULCES,GALLETAS SANDWICH,Oreo,76223007668700,62152,7831.152,43832.46999599999,2020-04-20,2020,Oreo Rollo Regular 30x126 grs Exp,0,70.62280701754386,14.688596491228068,0.7052463315098467,5.597193107221005
Walmart,Biscuits,DULCES,GALLETAS SANDWICH,Oreo,76223007668700,61963,7807.338,43681.253364,2020-04-27,2020,Oreo Rollo Regular 30x126 grs Exp,0,70.62280701754386,14.688596491228068,0.7049570447525135,5.594897180575504
Walmart,Biscuits,DULCES,GALLETAS SANDWICH,Oreo,76223007668700,72792,9171.792,51339.246084,2020-05-04,2020,Oreo Rollo Regular 30x126 grs Exp,0,70.62280701754386,14.688596491228068,0.7052869282888229,5.597515303879548
Walmart,Biscuits,DULCES,GALLETAS SANDWICH,Oreo,76223007668700,62030,7815.78,43757.091587999996,2020-05-11,2020,Oreo Rollo Regular 30x126 grs Exp,0,70.62280701754386,14.688596491228068,0.7054182103498307,5.598557224998657
Walmart,Biscuits,DULCES,GALLETAS SANDWICH,Oreo,76223007668700,65754,8285.004,46364.642435999995,2020-05-18,2020,Oreo Rollo Regular 30x126 grs Exp,0,70.62280701754386,14.688596491228068,0.7051227672232867,5.596212438280053
Walmart,Biscuits,DULCES,GALLETAS SANDWICH,Oreo,76223007668700,66159,8336.034,46644.25197599999,2020-05-25,2020,Oreo Rollo Regular 30x126 grs Exp,0,70.62280701754386,14.688596491228068,0.7050326029111684,5.595496848501337
Walmart,Biscuits,DULCES,GALLETAS SANDWICH,Oreo,76223007668700,51210,6452.46,36087.149364,2020-06-01,2020,Oreo Rollo Regular 30x126 grs Exp,0,70.62280701754386,14.688596491228068,0.704689501347393,5.592773820217405
Walmart,Biscuits,DULCES,GALLETAS SANDWICH,Oreo,76223007668700,17993,2267.118,12632.917668,2020-06-08,2020,Oreo Rollo Regular 30x126 grs Exp,0,70.62280701754386,14.688596491228068,0.7021017989218029,5.572236499379389
Walmart,Biscuits,DULCES,GALLETAS SANDWICH,Oreo,76223007668700,46897,5909.022,33037.324067999994,2020-06-15,2020,Oreo Rollo Regular 30x126 grs Exp,0,70.62280701754386,14.688596491228068,0.7044656175874788,5.590996964979991
Walmart,Biscuits,DULCES,GALLETAS SANDWICH,Oreo,76223007668700,65864,8298.864,46399.92117599999,2020-06-22,2020,Oreo Rollo Regular 30x126 grs Exp,0,70.62280701754386,14.688596491228068,0.7044807660634033,5.591117190979391
Walmart,Biscuits,DULCES,GALLETAS SANDWICH,Oreo,76223007668700,65304,8228.304,46006.038792,2020-06-29,2020,Oreo Rollo Regular 30x126 grs Exp,0,70.62280701754386,14.688596491228068,0.7044903649393606,5.591193372534607
Walmart,Biscuits,DULCES,GALLETAS SANDWICH,Oreo,76223007668700,65622,8268.372,46241.97437999999,2020-07-06,2020,Oreo Rollo Regular 30x126 grs Exp,0,70.62280701754386,14.688596491228068,0.7046718231690591,5.592633517214755
Walmart,Biscuits,DULCES,GALLETAS SANDWICH,Oreo,76223007668700,64207,8090.082,45235.597092,2020-07-13,2020,Oreo Rollo Regular 30x126 grs Exp,0,70.62280701754386,14.688596491228068,0.7045274984347502,5.591488082815477
Walmart,Biscuits,DULCES,GALLETAS SANDWICH,Oreo,76223007668700,64085,8074.71,45147.428088,2020-07-20,2020,Oreo Rollo Regular 30x126 grs Exp,0,70.62280701754386,14.688596491228068,0.704492909229929,5.591213565316897
Walmart,Biscuits,DULCES,GALLETAS SANDWICH,Oreo,76223007668700,68527,8634.402,48256.529663999994,2020-07-27,2020,Oreo Rollo Regular 30x126 grs Exp,0,70.62280701754386,14.688596491228068,0.7041973187794591,5.588867609360786
