data/sales_data.csv
Retailer,Category,Segment,Sub-Segment,Brand,KNAC-14,Units,Volume,Value,Date,year,SKU,pred_flag,R2,MAPE,Unit Price,Vol Price
Walmart,Biscuits,DULCES,GALLETAS SANDWICH,Oreo,76223007668700,66294,8353.044,46697.15509199999,2020-08-03,2020,Oreo Rollo Regular 30x126 grs Exp,0,70.62280701754386,14.688596491228068,0.7043948938365462,5.590435665369414
Walmart,Biscuits,DULCES,GALLETAS SANDWICH,Oreo,76223007668700,69146,8712.396,48594.351624,2020-08-10,2020,Oreo Rollo Regular 30x126 grs Exp,0,70.62280701754386,14.688596491228068,0.7027789260984005,5.57761052459048
Walmart,Biscuits,DULCES,GALLETAS SANDWICH,Oreo,76223007668700,59234,7463.484,41608.495656,2020-08-17,2020,Oreo Rollo Regular 30x126 grs Exp,0,70.62280701754386,14.688596491228068,0.7024427804301583,5.574942701826653
Walmart,Biscuits,DULCES,GALLETAS SANDWICH,Oreo,76223007668700,67513,8506.637999999999,47395.44138,2020-08-24,2020,Oreo Rollo Regular 30x126 grs Exp,0,70.62280701754386,14.688596491228068,0.7020194833587605,5.571583201260005
Walmart,Biscuits,DULCES,GALLETAS SANDWICH,Oreo,76223007668700,67679,8527.554,47521.76083199999,2020-08-31,2020,Oreo Rollo Regular 30x126 grs Exp,0,70.62280701754386,14.688596491228068,0.7021640513600969,5.572730566349975
Walmart,Biscuits,DULCES,GALLETAS SANDWICH,Oreo,76223007668700,67409,8493.534,47375.11951199999,2020-09-07,2020,Oreo Rollo Regular 30x126 grs Exp,0,70.62280701754386,14.688596491228068,0.7028011024047233,5.577786527021614
Walmart,Biscuits,DULCES,GALLETAS SANDWICH,Oreo,76223007668700,44198,5568.948,31042.141031999996,2020-09-14,2020,Oreo Rollo Regular 30x126 grs Exp,0,70.62280701754386,14.688596491228068,0.7023426632879315,5.574148121332789
Walmart,Biscuits,DULCES,GALLETAS SANDWICH,Oreo,76223007668700,94297,11881.422,55231.679915999994,2020-09-21,2020,Oreo Rollo Regular 30x126 grs Exp,0,70.62280701754386,14.688596491228068,0.585720435602405,4.648574885733374
Walmart,Biscuits,DULCES,GALLETAS SANDWICH,Oreo,76223007668700,114917,14479.542,65810.468136,2020-09-28,2020,Oreo Rollo Regular 30x126 grs Exp,0,70.62280701754386,14.688596491228068,0.5726782646257733,4.545065592268043
Walmart,Biscuits,DULCES,GALLETAS SANDWICH,Oreo,76223007668700,99846,12580.596,57405.982703999995,2020-10-05,2020,Oreo Rollo Regular 30x126 grs Exp,0,70.62280701754386,14.688596491228068,0.5749452427137791,4.56305748185539
Walmart,Biscuits,DULCES,GALLETAS SANDWICH,Oreo,76223007668700,118745,14961.87,71702.82739199999,2020-10-12,2020,Oreo Rollo Regular 30x126 grs Exp,0,70.62280701754386,14.688596491228068,0.6038387080887616,4.792370699117155
Walmart,Biscuits,DULCES,GALLETAS SANDWICH,Oreo,76223007668700,116110,14629.86,70328.820072,2020-10-19,2020,Oreo Rollo Regular 30x126 grs Exp,0,70.62280701754386,14.688596491228068,0.6057085528550513,4.807210736944851
Walmart,Biscuits,DULCES,GALLETAS SANDWICH,Oreo,76223007668700,138483,17448.858,83910.75512399999,2020-10-26,2020,Oreo Rollo Regular 30x126 grs Exp,0,70.62280701754386,14.688596491228068,0.6059282014687722,4.808953979910891
Walmart,Biscuits,DULCES,GALLETAS SANDWICH,Oreo,76223007668700,131082,16516.332,79357.78561199999,2020-11-02,2020,Oreo Rollo Regular 30x126 grs Exp,0,70.62280701754386,14.688596491228068,0.60540566677347,4.804806879154524
Walmart,Biscuits,DULCES,GALLETAS SANDWICH,Oreo,76223007668700,122517,15437.142,74322.853248,2020-11-09,2020,Oreo Rollo Regular 30x126 grs Exp,0,70.62280701754386,14.688596491228068,0.606632983569627,4.814547488647834
Walmart,Biscuits,DULCES,GALLETAS SANDWICH,Oreo,76223007668700,85029,10713.654,54527.870124,2020-11-16,2020,Oreo Rollo Regular 30x126 grs Exp,0,70.62280701754386,14.688596491228068,0.6412855628550259,5.089567959166873
Walmart,Biscuits,DULCES,GALLETAS SANDWICH,Oreo,76223007668700,54949,6923.574,38509.274412,2020-11-23,2020,Oreo Rollo Regular 30x126 grs Exp,0,70.62280701754386,14.688596491228068,0.7008184755318568,5.562051393109975
Walmart,Biscuits,DULCES,GALLETAS SANDWICH,Oreo,76223007668700,65640,8270.64,46001.41492799999,2020-11-30,2020,Oreo Rollo Regular 30x126 grs Exp,0,70.62280701754386,14.688596491228068,0.7008137557586835,5.562013934592727
Walmart,Biscuits,DULCES,GALLETAS SANDWICH,Oreo,76223007668700,57226,7210.476,40010.794991999996,2020-12-07,2020,Oreo Rollo Regular 30x126 grs Exp,0,70.62280701754386,14.688596491228068,0.69917161765631,5.548981092510397
Walmart,Biscuits,DULCES,GALLETAS SANDWICH,Oreo,76223007668700,61594,7760.844,43564.85279999999,2020-12-14,2020,Oreo Rollo Regular 30x126 grs Exp,0,70.62280701754386,14.688596491228068,0.7072905282982107,5.613416891255641
Walmart,Biscuits,DULCES,GALLETAS SANDWICH,Oreo,76223007668700,48526,6114.276,34338.890375999996,2020-12-21,2020,Oreo Rollo Regular 30x126 grs Exp,0,70.62280701754386,14.688596491228068,0.7076390053991674,5.6161825825330745
Walmart,Biscuits,DULCES,GALLETAS SANDWICH,Oreo,76223007668700,52315,6591.69,37033.550652,2020-12-28,2020,Oreo Rollo Regular 30x126 grs Exp,0,70.62280701754386,14.688596491228068,0.7078954535410493,5.618217885246424
Walmart,Biscuits,DULCES,GALLETAS SANDWICH,Oreo,76223007668700,79838,10059.588,50838.722087999995,2021-01-04,2021,Oreo Rollo Regular 30x126 grs Exp,1,70.62280701754386,14.688596491228068,0.6367734924221548,5.0537578763663085
Walmart,Biscuits,DULCES,GALLETAS SANDWICH,Oreo,76223007668700,82687,10418.562,51852.42644399999,2021-01-11,2021,Oreo Rollo Regular 30x126 grs Exp,1,70.62280701754386,14.688596491228068,0.6270928494684774,4.976927376733948
Walmart,Biscuits,DULCES,GALLETAS SANDWICH,Oreo,76223007668700,77821,9805.446,48888.80094,2021-01-18,2021,Oreo Rollo Regular 30x126 grs Exp,1,70.62280701754386,14.688596491228068,0.6282211863121779,4.985882431049031
Walmart,Biscuits,DULCES,GALLETAS SANDWICH,Oreo,76223007668700,84110,10597.86,52760.364552,2021-01-25,2021,Oreo Rollo Regular 30x126 grs Exp,1,70.62280701754386,14.688596491228068,0.6272781423374153,4.978397955058851
Walmart,Biscuits,DULCES,GALLETAS SANDWICH,Oreo,76223007668700,86145,10854.27,54013.081836,2021-02-01,2021,Oreo Rollo Regular 30x126 grs Exp,1,70.62280701754386,14.688596491228068,0.6270019366881421,4.976205846731286
Walmart,Biscuits,DULCES,GALLETAS SANDWICH,Oreo,76223007668700,74864,9432.864,47045.509979999995,2021-02-08,2021,Oreo Rollo Regular 30x126 grs Exp,1,70.62280701754386,14.688596491228068,0.628412988619363,4.987404671582246
Walmart,Biscuits,DULCES,GALLETAS SANDWICH,Oreo,76223007668700,77539,9769.914,46550.59231199999,2021-02-15,2021,Oreo Rollo Regular 30x126 grs Exp,1,70.62280701754386,14.688596491228068,0.6003506920646383,4.764688032259034
Walmart,Biscuits,DULCES,GALLETAS SANDWICH,Oreo,76223007668700,97188,12245.688,57278.056752,2021-02-22,2021,Oreo Rollo Regular 30x126 grs Exp,1,70.62280701754386,14.688596491228068,0.5893531789109766,4.677406181833148
Walmart,Biscuits,DULCES,GALLETAS SANDWICH,Oreo,76223007668700,88680,11173.68,52283.134092,2021-03-01,2021,Oreo Rollo Regular 30x126 grs Exp,1,70.62280701754386,14.688596491228068,0.589570749797023,4.679132934897008
Walmart,Biscuits,DULCES,GALLETAS SANDWICH,Oreo,76223007668700,37220,4689.72,21904.507547999998,2021-03-08,2021,Oreo Rollo Regular 30x126 grs Exp,1,70.62280701754386,14.688596491228068,0.5885144424502955,4.670749543256313
Walmart,Chocolate,TABLET,WITH ADDITIONS,Toblerone,76145000009000,1691,338.2,6064.498944,2019-01-07,2019,Tab Toblerone Leche 10x200 grs Pack,0,70.2719298245614,14.864035087719301,3.586338819633353,17.931694098166766
Walmart,Chocolate,TABLET,WITH ADDITIONS,Toblerone,76145000009000,1638,327.6,5871.4504799999995,2019-01-14,2019,Tab Toblerone Leche 10x200 grs Pack,0,70.2719298245614,14.864035087719301,3.584524102564102,17.92262051282051
Walmart,Chocolate,TABLET,WITH ADDITIONS,Toblerone,76145000009000,2041,408.2,6324.549167999999,2019-01-21,2019,Tab Toblerone Leche 10x200 grs Pack,0,70.2719298245614,14.864035087719301,3.098750204801567,15.493751024007837
Walmart,Chocolate,TABLET,WITH ADDITIONS,Toblerone,76145000009000,2364,472.8,6778.628892,2019-01-28,2019,Tab Toblerone Leche 10x200 grs Pack,0,70.2719298245614,14.864035087719301,2.86744030964467,14.33720154822335
Walmart,Chocolate,TABLET,WITH ADDITIONS,Toblerone,76145000009000,2377,475.4,6805.483859999999,2019-02-04,2019,Tab Toblerone Leche 10x200 grs Pack,0,70.2719298245614,14.864035087719301,2.863055893984013,14.315279469920066
Walmart,Chocolate,TABLET,WITH ADDITIONS,Toblerone,76145000009000,3995,799.0,11434.550064,2019-02-11,2019,Tab Toblerone Leche 10x200 grs Pack,0,70.2719298245614,14.864035087719301,2.862215285106383,14.311076425531914
Walmart,Chocolate,TABLET,WITH ADDITIONS,Toblerone,76145000009000,1398,279.6,4624.565148,2019-02-18,2019,Tab Toblerone Leche 10x200 grs Pack,0,70.2719298245614,14.864035087719301,3.307986515021459,16.539932575107294
Walmart,Chocolate,TABLET,WITH ADDITIONS,Toblerone,76145000009000,1634,326.8,5814.461855999999,2019-02-25,2019,Tab Toblerone Leche 10x200 grs Pack,0,70.2719298245614,14.864035087719301,3.5584221884944913,17.792110942472455
Walmart,Chocolate,TABLET,WITH ADDITIONS,Toblerone,76145000009000,1937,387.4,6946.266095999999,2019-03-04,2019,Tab Toblerone Leche 10x200 grs Pack,0,70.2719298245614,14.864035087719301,3.586095041817243,17.930475209086215
Walmart,Chocolate,TABLET,WITH ADDITIONS,Toblerone,76145000009000,1387,277.4,4971.730511999999,2019-03-11,2019,Tab Toblerone Leche 10x200 grs Pack,0,70.2719298245614,14.864035087719301,3.584520917087238,17.922604585436194
Walmart,Chocolate,TABLET,WITH ADDITIONS,Toblerone,76145000009000,1503,300.6,5389.032096,2019-03-18,2019,Tab Toblerone Leche 10x200 grs Pack,0,70.2719298245614,14.864035087719301,3.5855170299401196,17.927585149700597
Walmart,Chocolate,TABLET,WITH ADDITIONS,Toblerone,76145000009000,1616,323.2,5796.463344,2019-03-25,2019,Tab Toblerone Leche 10x200 grs Pack,0,70.2719298245614,14.864035087719301,3.5869203861386136,17.93460193069307
Walmart,Chocolate,TABLET,WITH ADDITIONS,Toblerone,76145000009000,1823,364.6,6534.510863999999,2019-04-01,2019,Tab Toblerone Leche 10x200 grs Pack,0,70.2719298245614,14.864035087719301,3.58448209764125,17.92241048820625
Walmart,Chocolate,TABLET,WITH ADDITIONS,Toblerone,76145000009000,1736,347.2,6226.442711999999,2019-04-08,2019,Tab Toblerone Leche 10x200 grs Pack,0,70.2719298245614,14.864035087719301,3.5866605483870964,17.93330274193548
Walmart,Chocolate,TABLET,WITH ADDITIONS,Toblerone,76145000009000,2138,427.6,7442.447544,2019-04-15,2019,Tab Toblerone Leche 10x200 grs Pack,0,70.2719298245614,14.864035087719301,3.4810325275958838,17.40516263797942
Walmart,Chocolate,TABLET,WITH ADDITIONS,Toblerone,76145000009000,1995,399.0,6412.849547999999,2019-04-22,2019,Tab Toblerone Leche 10x200 grs Pack,0,70.2719298245614,14.864035087719301,3.2144609263157893,16.072304631578945
Walmart,Chocolate,TABLET,WITH ADDITIONS,Toblerone,76145000009000,2461,492.2,7053.921587999999,2019-04-29,2019,Tab Toblerone Leche 10x200 grs Pack,0,70.2719298245614,14.864035087719301,2.8662826444534737,14.33141322226737
Walmart,Chocolate,TABLET,WITH ADDITIONS,Toblerone,76145000009000,5783,1156.6,16573.212348,2019-05-06,2019,Tab Toblerone Leche 10x200 grs Pack,0,70.2719298245614,14.864035087719301,2.865850310911292,14.32925155455646
Walmart,Chocolate,TABLET,WITH ADDITIONS,Toblerone,76145000009000,2462,492.4,7047.769763999999,2019-05-13,2019,Tab Toblerone Leche 10x200 grs Pack,0,70.2719298245614,14.864035087719301,2.862619725426482,14.31309862713241
Walmart,Chocolate,TABLET,WITH ADDITIONS,Toblerone,76145000009000,2152,430.4,6857.558736,2019-05-20,2019,Tab Toblerone Leche 10x200 grs Pack,0,70.2719298245614,14.864035087719301,3.1865979256505574,15.93298962825279
Walmart,Chocolate,TABLET,WITH ADDITIONS,Toblerone,76145000009000,2045,409.0,7080.482387999999,2019-05-27,2019,Tab Toblerone Leche 10x200 grs Pack,0,70.2719298245614,14.864035087719301,3.4623385760391194,17.311692880195597
Walmart,Chocolate,TABLET,WITH ADDITIONS,Toblerone,76145000009000,1843,368.6,6386.904215999999,2019-06-03,2019,Tab Toblerone Leche 10x200 grs Pack,0,70.2719298245614,14.864035087719301,3.4654933347802492,17.327466673901245
Walmart,Chocolate,TABLET,WITH ADDITIONS,Toblerone,76145000009000,2796,559.2,9687.953268,2019-06-10,2019,Tab Toblerone Leche 10x200 grs Pack,0,70.2719298245614,14.864035087719301,3.4649332145922744,17.32466607296137
Walmart,Chocolate,TABLET,WITH ADDITIONS,Toblerone,76145000009000,1980,396.0,6863.5691879999995,2019-06-17,2019,Tab Toblerone Leche 10x200 grs Pack,0,70.2719298245614,14.864035087719301,3.4664490848484846,17.332245424242423
Walmart,Chocolate,TABLET,WITH ADDITIONS,Toblerone,76145000009000,2385,477.0,8264.801328,2019-06-24,2019,Tab Toblerone Leche 10x200 grs Pack,0,70.2719298245614,14.864035087719301,3.4653255044025157,17.32662752201258
Walmart,Chocolate,TABLET,WITH ADDITIONS,Toblerone,76145000009000,2533,506.6,8700.63264,2019-07-01,2019,Tab Toblerone Leche 10x200 grs Pack,0,70.2719298245614,14.864035087719301,3.4349122147651006,17.1745610738255
Walmart,Chocolate,TABLET,WITH ADDITIONS,Toblerone,76145000009000,1516,303.2,5238.538032,2019-07-08,2019,Tab Toblerone Leche 10x200 grs Pack,0,70.2719298245614,14.864035087719301,3.45550002110818,17.2775001055409
Walmart,Chocolate,TABLET,WITH ADDITIONS,Toblerone,76145000009000,1957,391.4,6774.093563999999,2019-07-15,2019,Tab Toblerone Leche 10x200 grs Pack,0,70.2719298245614,14.864035087719301,3.461468351558507,17.30734175779254
Walmart,Chocolate,TABLET,WITH ADDITIONS,Toblerone,76145000009000,1979,395.8,6857.891459999999,2019-07-22,2019,Tab Toblerone Leche 10x200 grs Pack,0,70.2719298245614,14.864035087719301,3.465331712986356,17.32665856493178
Walmart,Chocolate,TABLET,WITH ADDITIONS,Toblerone,76145000009000,2088,417.6,7237.192536,2019-07-29,2019,Tab Toblerone Leche 10x200 grs Pack,0,70.2719298245614,14.864035087719301,3.4660883793103445,17.330441896551722
Walmart,Chocolate,TABLET,WITH ADDITIONS,Toblerone,76145000009000,3022,604.4,10474.511376,2019-08-05,2019,Tab Toblerone Leche 10x200 grs Pack,0,70.2719298245614,14.864035087719301,3.466085829252151,17.330429146260755
Walmart,Chocolate,TABLET,WITH ADDITIONS,Toblerone,76145000009000,2066,413.2,7159.874903999999,2019-08-12,2019,Tab Toblerone Leche 10x200 grs Pack,0,70.2719298245614,14.864035087719301,3.4655735256534363,17.32786762826718
Walmart,Chocolate,TABLET,WITH ADDITIONS,Toblerone,76145000009000,2029,405.8,7031.1835439999995,2019-08-19,2019,Tab Toblerone Leche 10x200 grs Pack,0,70.2719298245614,14.864035087719301,3.465344279940857,17.326721399704287
Walmart,Chocolate,TABLET,WITH ADDITIONS,Toblerone,76145000009000,2055,411.0,7114.761528,2019-08-26,2019,Tab Toblerone Leche 10x200 grs Pack,0,70.2719298245614,14.864035087719301,3.4621710598540147,17.310855299270074
Walmart,Chocolate,TABLET,WITH ADDITIONS,Toblerone,76145000009000,2070,414.0,7111.06158,2019-09-02,2019,Tab Toblerone Leche 10x200 grs Pack,0,70.2719298245614,14.864035087719301,3.4352954492753622,17.17647724637681
Walmart,Chocolate,TABLET,WITH ADDITIONS,Toblerone,76145000009000,2307,461.4,7988.6604,2019-09-09,2019,Tab Toblerone Leche 10x200 grs Pack,0,70.2719298245614,14.864035087719301,3.462791677503251,17.313958387516255
Walmart,Chocolate,TABLET,WITH ADDITIONS,Toblerone,76145000009000,1963,392.6,6781.974695999999,2019-09-16,2019,Tab Toblerone Leche 10x200 grs Pack,0,70.2719298245614,14.864035087719301,3.454903054508405,17.274515272542025
Walmart,Chocolate,TABLET,WITH ADDITIONS,Toblerone,76145000009000,2208,441.6,7585.1133119999995,2019-09-23,2019,Tab Toblerone Leche 10x200 grs Pack,0,70.2719298245614,14.864035087719301,3.4352868260869562,17.17643413043478
Walmart,Chocolate,TABLET,WITH ADDITIONS,Toblerone,76145000009000,2410,482.0,8329.608252,2019-09-30,2019,Tab Toblerone Leche 10x200 grs Pack,0,70.2719298245614,14.864035087719301,3.456268984232365,17.281344921161825
Walmart,Chocolate,TABLET,WITH ADDITIONS,Toblerone,76145000009000,2089,417.8,7238.274959999999,2019-10-07,2019,Tab Toblerone Leche 10x200 grs Pack,0,70.2719298245614,14.864035087719301,3.464947324078506,17.324736620392528
Walmart,Chocolate,TABLET,WITH ADDITIONS,Toblerone,76145000009000,2044,408.8,7082.3530679999985,2019-10-14,2019,Tab Toblerone Leche 10x200 grs Pack,0,70.2719298245614,14.864035087719301,3.464947684931506,17.32473842465753
Walmart,Chocolate,TABLET,WITH ADDITIONS,Toblerone,76145000009000,1289,257.8,4468.023504,2019-10-21,2019,Tab Toblerone Leche 10x200 grs Pack,0,70.2719298245614,14.864035087719301,3.46627114352211,17.33135571761055
Walmart,Chocolate,TABLET,WITH ADDITIONS,Toblerone,76145000009000,2017,403.4,6982.030355999999,2019-10-28,2019,Tab Toblerone Leche 10x200 grs Pack,0,70.2719298245614,14.864035087719301,3.4615916489836387,17.307958244918193
Walmart,Chocolate,TABLET,WITH ADDITIONS,Toblerone,76145000009000,1827,365.4,6295.103807999999,2019-11-04,2019,Tab Toblerone Leche 10x200 grs Pack,0,70.2719298245614,14.864035087719301,3.445595954022988,17.227979770114942
Walmart,Chocolate,TABLET,WITH ADDITIONS,Toblerone,76145000009000,1554,310.8,5384.469636,2019-11-11,2019,Tab Toblerone Leche 10x200 grs Pack,0,70.2719298245614,14.864035087719301,3.4649096756756754,17.324548378378378
Walmart,Chocolate,TABLET,WITH ADDITIONS,Toblerone,76145000009000,1620,324.0,5614.640388,2019-11-18,2019,Tab Toblerone Leche 10x200 grs Pack,0,70.2719298245614,14.864035087719301,3.4658274,17.329137
Walmart,Chocolate,TABLET,WITH ADDITIONS,Toblerone,76145000009000,1729,345.8,5957.38752,2019-11-25,2019,Tab Toblerone Leche 10x200 grs Pack,0,70.2719298245614,14.864035087719301,3.445568259109312,17.227841295546558
Walmart,Chocolate,TABLET,WITH ADDITIONS,Toblerone,76145000009000,1698,339.6,6154.020263999999,2019-12-02,2019,Tab Toblerone Leche 10x200 grs Pack,0,70.2719298245614,14.864035087719301,3.6242757738515894,18.121378869257946
Walmart,Chocolate,TABLET,WITH ADDITIONS,Toblerone,76145000009000,1445,289.0,5363.26098,2019-12-09,2019,Tab Toblerone Leche 10x200 grs Pack,0,70.2719298245614,14.864035087719301,3.711599294117647,18.557996470588236
