data/sales_data.csv
Retailer,Category,Segment,Sub-Segment,Brand,KNAC-14,Units,Volume,Value,Date,year,SKU,pred_flag,R2,MAPE,Unit Price,Vol Price
Walmart,Chocolate,TABLET,WITH ADDITIONS,Toblerone,76145000009000,2062,412.40000000000003,7645.042187999999,2019-12-16,2019,Tab Toblerone Leche 10x200 grs Pack,0,70.2719298245614,14.864035087719301,3.707585930164888,18.537929650824438
Walmart,Chocolate,TABLET,WITH ADDITIONS,Toblerone,76145000009000,2562,512.4,9497.687976,2019-12-23,2019,Tab Toblerone Leche 10x200 grs Pack,0,70.2719298245614,14.864035087719301,3.707138163934426,18.53569081967213
Walmart,Chocolate,TABLET,WITH ADDITIONS,Toblerone,76145000009000,1459,291.8,5407.250519999999,2019-12-30,2019,Tab Toblerone Leche 10x200 grs Pack,0,70.2719298245614,14.864035087719301,3.706134694996572,18.53067347498286
Walmart,Chocolate,TABLET,WITH ADDITIONS,Toblerone,76145000009000,1345,269.0,4995.492431999999,2020-01-06,2020,Tab Toblerone Leche 10x200 grs Pack,0,70.2719298245614,14.864035087719301,3.7141207672862446,18.570603836431225
Walmart,Chocolate,TABLET,WITH ADDITIONS,Toblerone,76145000009000,1423,284.6,5285.989044,2020-01-13,2020,Tab Toblerone Leche 10x200 grs Pack,0,70.2719298245614,14.864035087719301,3.7146795811665494,18.573397905832746
Walmart,Chocolate,TABLET,WITH ADDITIONS,Toblerone,76145000009000,1404,280.8,5074.346592,2020-01-20,2020,Tab Toblerone Leche 10x200 grs Pack,0,70.2719298245614,14.864035087719301,3.614206974358974,18.071034871794872
Walmart,Chocolate,TABLET,WITH ADDITIONS,Toblerone,76145000009000,1590,318.0,5515.034532,2020-01-27,2020,Tab Toblerone Leche 10x200 grs Pack,0,70.2719298245614,14.864035087719301,3.4685751773584905,17.342875886792452
Walmart,Chocolate,TABLET,WITH ADDITIONS,Toblerone,76145000009000,1683,336.6,5878.073544,2020-02-03,2020,Tab Toblerone Leche 10x200 grs Pack,0,70.2719298245614,14.864035087719301,3.492616484848485,17.463082424242423
Walmart,Chocolate,TABLET,WITH ADDITIONS,Toblerone,76145000009000,3028,605.6,10645.801404,2020-02-10,2020,Tab Toblerone Leche 10x200 grs Pack,0,70.2719298245614,14.864035087719301,3.515786461030383,17.578932305151916
Walmart,Chocolate,TABLET,WITH ADDITIONS,Toblerone,76145000009000,1287,257.4,4706.146788,2020-02-17,2020,Tab Toblerone Leche 10x200 grs Pack,0,70.2719298245614,14.864035087719301,3.6566797109557108,18.283398554778557
Walmart,Chocolate,TABLET,WITH ADDITIONS,Toblerone,76145000009000,1326,265.2,4929.635928,2020-02-24,2020,Tab Toblerone Leche 10x200 grs Pack,0,70.2719298245614,14.864035087719301,3.7176741538461537,18.588370769230767
Walmart,Chocolate,TABLET,WITH ADDITIONS,Toblerone,76145000009000,1264,252.8,4699.775052,2020-03-02,2020,Tab Toblerone Leche 10x200 grs Pack,0,70.2719298245614,14.864035087719301,3.7181764651898734,18.590882325949366
Walmart,Chocolate,TABLET,WITH ADDITIONS,Toblerone,76145000009000,1259,251.8,4681.845084,2020-03-09,2020,Tab Toblerone Leche 10x200 grs Pack,0,70.2719298245614,14.864035087719301,3.7187014169976167,18.593507084988083
Walmart,Chocolate,TABLET,WITH ADDITIONS,Toblerone,76145000009000,1169,233.8,4347.050483999999,2020-03-16,2020,Tab Toblerone Leche 10x200 grs Pack,0,70.2719298245614,14.864035087719301,3.718606059880239,18.593030299401192
Walmart,Chocolate,TABLET,WITH ADDITIONS,Toblerone,76145000009000,1793,358.6,6667.027835999999,2020-03-23,2020,Tab Toblerone Leche 10x200 grs Pack,0,70.2719298245614,14.864035087719301,3.718364660345789,18.591823301728944
Walmart,Chocolate,TABLET,WITH ADDITIONS,Toblerone,76145000009000,1997,399.4,7414.661519999999,2020-03-30,2020,Tab Toblerone Leche 10x200 grs Pack,0,70.2719298245614,14.864035087719301,3.7129001101652475,18.56450055082624
Walmart,Chocolate,TABLET,WITH ADDITIONS,Toblerone,76145000009000,1813,362.6,6740.448455999999,2020-04-06,2020,Tab Toblerone Leche 10x200 grs Pack,0,70.2719298245614,14.864035087719301,3.7178425019305013,18.589212509652505
Walmart,Chocolate,TABLET,WITH ADDITIONS,Toblerone,76145000009000,1458,291.6,5421.239207999999,2020-04-13,2020,Tab Toblerone Leche 10x200 grs Pack,0,70.2719298245614,14.864035087719301,3.7182710617283945,18.59135530864197
Walmart,Chocolate,TABLET,WITH ADDITIONS,Toblerone,76145000009000,3343,668.6,10865.524908,2020-04-20,2020,Tab Toblerone Leche 10x200 grs Pack,0,70.2719298245614,14.864035087719301,3.2502318001794794,16.251159000897395
Walmart,Chocolate,TABLET,WITH ADDITIONS,Toblerone,76145000009000,4714,942.8,14639.790312,2020-04-27,2020,Tab Toblerone Leche 10x200 grs Pack,0,70.2719298245614,14.864035087719301,3.105598284259652,15.52799142129826
Walmart,Chocolate,TABLET,WITH ADDITIONS,Toblerone,76145000009000,8867,1773.4,27545.414567999997,2020-05-04,2020,Tab Toblerone Leche 10x200 grs Pack,0,70.2719298245614,14.864035087719301,3.106508917108379,15.532544585541894
Walmart,Chocolate,TABLET,WITH ADDITIONS,Toblerone,76145000009000,3047,609.4,9462.981864,2020-05-11,2020,Tab Toblerone Leche 10x200 grs Pack,0,70.2719298245614,14.864035087719301,3.1056717637020017,15.528358818510009
Walmart,Chocolate,TABLET,WITH ADDITIONS,Toblerone,76145000009000,2039,407.8,6330.498215999999,2020-05-18,2020,Tab Toblerone Leche 10x200 grs Pack,0,70.2719298245614,14.864035087719301,3.1047073153506615,15.523536576753308
Walmart,Chocolate,TABLET,WITH ADDITIONS,Toblerone,76145000009000,2645,529.0,8215.266864,2020-05-25,2020,Tab Toblerone Leche 10x200 grs Pack,0,70.2719298245614,14.864035087719301,3.1059610071833648,15.529805035916823
Walmart,Chocolate,TABLET,WITH ADDITIONS,Toblerone,76145000009000,1560,312.0,4841.469779999999,2020-06-01,2020,Tab Toblerone Leche 10x200 grs Pack,0,70.2719298245614,14.864035087719301,3.1035062692307687,15.517531346153845
Walmart,Chocolate,TABLET,WITH ADDITIONS,Toblerone,76145000009000,694,138.8,2156.0500919999995,2020-06-08,2020,Tab Toblerone Leche 10x200 grs Pack,0,70.2719298245614,14.864035087719301,3.106700420749279,15.533502103746393
Walmart,Chocolate,TABLET,WITH ADDITIONS,Toblerone,76145000009000,474,94.8,1602.0503519999997,2020-06-15,2020,Tab Toblerone Leche 10x200 grs Pack,0,70.2719298245614,14.864035087719301,3.3798530632911388,16.899265316455693
Walmart,Chocolate,TABLET,WITH ADDITIONS,Toblerone,76145000009000,200,40.0,743.3768159999998,2020-06-22,2020,Tab Toblerone Leche 10x200 grs Pack,0,70.2719298245614,14.864035087719301,3.7168840799999994,18.584420399999996
Walmart,Chocolate,TABLET,WITH ADDITIONS,Toblerone,76145000009000,1621,324.2,6024.046559999999,2020-06-29,2020,Tab Toblerone Leche 10x200 grs Pack,0,70.2719298245614,14.864035087719301,3.716253275755706,18.58126637877853
Walmart,Chocolate,TABLET,WITH ADDITIONS,Toblerone,76145000009000,2400,480.0,8916.243504,2020-07-06,2020,Tab Toblerone Leche 10x200 grs Pack,0,70.2719298245614,14.864035087719301,3.71510146,18.5755073
Walmart,Chocolate,TABLET,WITH ADDITIONS,Toblerone,76145000009000,2589,517.8,9620.173248,2020-07-13,2020,Tab Toblerone Leche 10x200 grs Pack,0,70.2719298245614,14.864035087719301,3.715787272305909,18.578936361529546
Walmart,Chocolate,TABLET,WITH ADDITIONS,Toblerone,76145000009000,3129,625.8,10333.769123999999,2020-07-20,2020,Tab Toblerone Leche 10x200 grs Pack,0,70.2719298245614,14.864035087719301,3.302578818791946,16.51289409395973
Walmart,Chocolate,TABLET,WITH ADDITIONS,Toblerone,76145000009000,3843,768.6,11939.963531999998,2020-07-27,2020,Tab Toblerone Leche 10x200 grs Pack,0,70.2719298245614,14.864035087719301,3.1069382076502725,15.534691038251363
Walmart,Chocolate,TABLET,WITH ADDITIONS,Toblerone,76145000009000,3074,614.8,9547.023948,2020-08-03,2020,Tab Toblerone Leche 10x200 grs Pack,0,70.2719298245614,14.864035087719301,3.1057332296681848,15.528666148340925
Walmart,Chocolate,TABLET,WITH ADDITIONS,Toblerone,76145000009000,2431,486.2,7551.2140199999985,2020-08-10,2020,Tab Toblerone Leche 10x200 grs Pack,0,70.2719298245614,14.864035087719301,3.106217202797202,15.53108601398601
Walmart,Chocolate,TABLET,WITH ADDITIONS,Toblerone,76145000009000,981,196.2,3048.164532,2020-08-17,2020,Tab Toblerone Leche 10x200 grs Pack,0,70.2719298245614,14.864035087719301,3.1072013577981648,15.536006788990825
Walmart,Chocolate,TABLET,WITH ADDITIONS,Toblerone,76145000009000,3015,603.0,9365.035344,2020-08-24,2020,Tab Toblerone Leche 10x200 grs Pack,0,70.2719298245614,14.864035087719301,3.106147709452736,15.530738547263681
Walmart,Chocolate,TABLET,WITH ADDITIONS,Toblerone,76145000009000,4067,813.4,12627.559812,2020-08-31,2020,Tab Toblerone Leche 10x200 grs Pack,0,70.2719298245614,14.864035087719301,3.1048831600688467,15.524415800344235
Walmart,Chocolate,TABLET,WITH ADDITIONS,Toblerone,76145000009000,4044,808.8,12562.093152,2020-09-07,2020,Tab Toblerone Leche 10x200 grs Pack,0,70.2719298245614,14.864035087719301,3.1063534005934716,15.53176700296736
Walmart,Chocolate,TABLET,WITH ADDITIONS,Toblerone,76145000009000,2776,555.2,8618.589756,2020-09-14,2020,Tab Toblerone Leche 10x200 grs Pack,0,70.2719298245614,14.864035087719301,3.1046793069164265,15.52339653458213
Walmart,Chocolate,TABLET,WITH ADDITIONS,Toblerone,76145000009000,3838,767.6,11917.158372,2020-09-21,2020,Tab Toblerone Leche 10x200 grs Pack,0,70.2719298245614,14.864035087719301,3.1050438697238145,15.525219348619071
Walmart,Chocolate,TABLET,WITH ADDITIONS,Toblerone,76145000009000,3861,772.2,11994.731616,2020-09-28,2020,Tab Toblerone Leche 10x200 grs Pack,0,70.2719298245614,14.864035087719301,3.106638595182595,15.533192975912973
Walmart,Chocolate,TABLET,WITH ADDITIONS,Toblerone,76145000009000,2893,578.6,8982.115715999998,2020-10-05,2020,Tab Toblerone Leche 10x200 grs Pack,0,70.2719298245614,14.864035087719301,3.1047755672312474,15.523877836156236
Walmart,Chocolate,TABLET,WITH ADDITIONS,Toblerone,76145000009000,1568,313.6,5657.329019999999,2020-10-12,2020,Tab Toblerone Leche 10x200 grs Pack,0,70.2719298245614,14.864035087719301,3.607990446428571,18.039952232142852
Walmart,Chocolate,TABLET,WITH ADDITIONS,Toblerone,76145000009000,1261,252.2,4689.062196,2020-10-19,2020,Tab Toblerone Leche 10x200 grs Pack,0,70.2719298245614,14.864035087719301,3.7185267216494844,18.59263360824742
Walmart,Chocolate,TABLET,WITH ADDITIONS,Toblerone,76145000009000,1993,398.6,7547.495507999999,2020-10-26,2020,Tab Toblerone Leche 10x200 grs Pack,0,70.2719298245614,14.864035087719301,3.787002261916708,18.93501130958354
Walmart,Chocolate,TABLET,WITH ADDITIONS,Toblerone,76145000009000,2182,436.4,8320.279128,2020-11-02,2020,Tab Toblerone Leche 10x200 grs Pack,0,70.2719298245614,14.864035087719301,3.8131435050412468,19.065717525206235
Walmart,Chocolate,TABLET,WITH ADDITIONS,Toblerone,76145000009000,2079,415.8,7944.846503999999,2020-11-09,2020,Tab Toblerone Leche 10x200 grs Pack,0,70.2719298245614,14.864035087719301,3.8214749898989897,19.107374949494947
Walmart,Chocolate,TABLET,WITH ADDITIONS,Toblerone,76145000009000,2747,549.4,9063.610247999999,2020-11-16,2020,Tab Toblerone Leche 10x200 grs Pack,0,70.2719298245614,14.864035087719301,3.2994576803785947,16.497288401892973
Walmart,Chocolate,TABLET,WITH ADDITIONS,Toblerone,76145000009000,3414,682.8,10612.706076,2020-11-23,2020,Tab Toblerone Leche 10x200 grs Pack,0,70.2719298245614,14.864035087719301,3.1085840878734623,15.542920439367313
Walmart,Chocolate,TABLET,WITH ADDITIONS,Toblerone,76145000009000,2947,589.4,9156.761543999999,2020-11-30,2020,Tab Toblerone Leche 10x200 grs Pack,0,70.2719298245614,14.864035087719301,3.107146774346793,15.535733871733965
Walmart,Chocolate,TABLET,WITH ADDITIONS,Toblerone,76145000009000,2041,408.2,6346.264764,2020-12-07,2020,Tab Toblerone Leche 10x200 grs Pack,0,70.2719298245614,14.864035087719301,3.1093898892699654,15.546949446349828
Walmart,Chocolate,TABLET,WITH ADDITIONS,Toblerone,76145000009000,2096,419.2,6490.377095999999,2020-12-14,2020,Tab Toblerone Leche 10x200 grs Pack,0,70.2719298245614,14.864035087719301,3.096553958015267,15.482769790076334
Walmart,Chocolate,TABLET,WITH ADDITIONS,Toblerone,76145000009000,1793,358.6,5553.252095999999,2020-12-21,2020,Tab Toblerone Leche 10x200 grs Pack,0,70.2719298245614,14.864035087719301,3.0971846603457887,15.485923301728944
Walmart,Chocolate,TABLET,WITH ADDITIONS,Toblerone,76145000009000,525,105.0,1626.8846999999998,2020-12-28,2020,Tab Toblerone Leche 10x200 grs Pack,0,70.2719298245614,14.864035087719301,3.0988279999999997,15.494139999999998
Walmart,Chocolate,TABLET,WITH ADDITIONS,Toblerone,76145000009000,1806,361.2,6774.164963999999,2021-01-04,2021,Tab Toblerone Leche 10x200 grs Pack,1,70.2719298245614,14.864035087719301,3.7509219069767434,18.754609534883716
Walmart,Chocolate,TABLET,WITH ADDITIONS,Toblerone,76145000009000,1885,377.0,7207.760028,2021-01-11,2021,Tab Toblerone Leche 10x200 grs Pack,1,70.2719298245614,14.864035087719301,3.823745372944297,19.118726864721484
Walmart,Chocolate,TABLET,WITH ADDITIONS,Toblerone,76145000009000,1182,236.4,4493.097755999999,2021-01-18,2021,Tab Toblerone Leche 10x200 grs Pack,1,70.2719298245614,14.864035087719301,3.801267137055837,19.006335685279183
Walmart,Chocolate,TABLET,WITH ADDITIONS,Toblerone,76145000009000,2812,562.4,9434.177676,2021-01-25,2021,Tab Toblerone Leche 10x200 grs Pack,1,70.2719298245614,14.864035087719301,3.354970724039829,16.774853620199146
Walmart,Chocolate,TABLET,WITH ADDITIONS,Toblerone,76145000009000,3514,702.8,11338.038684,2021-02-01,2021,Tab Toblerone Leche 10x200 grs Pack,1,70.2719298245614,14.864035087719301,3.2265334900398406,16.132667450199204
Walmart,Chocolate,TABLET,WITH ADDITIONS,Toblerone,76145000009000,5087,1017.4,16415.573999999997,2021-02-08,2021,Tab Toblerone Leche 10x200 grs Pack,1,70.2719298245614,14.864035087719301,3.226965598584627,16.134827992923135
Walmart,Chocolate,TABLET,WITH ADDITIONS,Toblerone,76145000009000,1303,260.6,4658.050319999999,2021-02-15,2021,Tab Toblerone Leche 10x200 grs Pack,1,70.2719298245614,14.864035087719301,3.5748659401381424,17.87432970069071
Walmart,Chocolate,TABLET,WITH ADDITIONS,Toblerone,76145000009000,940,188.0,3596.1823799999997,2021-02-22,2021,Tab Toblerone Leche 10x200 grs Pack,1,70.2719298245614,14.864035087719301,3.8257259361702123,19.128629680851063
Walmart,Chocolate,TABLET,WITH ADDITIONS,Toblerone,76145000009000,741,148.2,2836.434972,2021-03-01,2021,Tab Toblerone Leche 10x200 grs Pack,1,70.2719298245614,14.864035087719301,3.8278474655870447,19.139237327935223
Walmart,Chocolate,TABLET,WITH ADDITIONS,Toblerone,76145000009000,306,61.2,1171.0513919999999,2021-03-08,2021,Tab Toblerone Leche 10x200 grs Pack,1,70.2719298245614,14.864035087719301,3.826965333333333,19.13482666666666
Walmart,Chocolate,TABLET,WITH ADDITIONS,Toblerone,76222106911100,434,43.4,879.4766399999999,2019-01-07,2019,Tab.Toblerone Blanco 20x100 grs Pack,0,69.58771929824562,15.206140350877192,2.0264438709677415,20.264438709677417
Walmart,Chocolate,TABLET,WITH ADDITIONS,Toblerone,76222106911100,451,45.1,913.93428,2019-01-14,2019,Tab.Toblerone Blanco 20x100 grs Pack,0,69.58771929824562,15.206140350877192,2.026461818181818,20.26461818181818
Walmart,Chocolate,TABLET,WITH ADDITIONS,Toblerone,76222106911100,438,43.8,887.427744,2019-01-21,2019,Tab.Toblerone Blanco 20x100 grs Pack,0,69.58771929824562,15.206140350877192,2.0260907397260275,20.260907397260276
Walmart,Chocolate,TABLET,WITH ADDITIONS,Toblerone,76222106911100,451,45.1,913.5844199999999,2019-01-28,2019,Tab.Toblerone Blanco 20x100 grs Pack,0,69.58771929824562,15.206140350877192,2.0256860753880264,20.256860753880265
Walmart,Chocolate,TABLET,WITH ADDITIONS,Toblerone,76222106911100,484,48.4,980.8289399999999,2019-02-04,2019,Tab.Toblerone Blanco 20x100 grs Pack,0,69.58771929824562,15.206140350877192,2.026506074380165,20.26506074380165
Walmart,Chocolate,TABLET,WITH ADDITIONS,Toblerone,76222106911100,922,92.2,1868.3723519999999,2019-02-11,2019,Tab.Toblerone Blanco 20x100 grs Pack,0,69.58771929824562,15.206140350877192,2.0264342212581345,20.264342212581344
Walmart,Chocolate,TABLET,WITH ADDITIONS,Toblerone,76222106911100,412,41.2,833.782068,2019-02-18,2019,Tab.Toblerone Blanco 20x100 grs Pack,0,69.58771929824562,15.206140350877192,2.0237428834951454,20.237428834951455
Walmart,Chocolate,TABLET,WITH ADDITIONS,Toblerone,76222106911100,479,47.9,947.6593559999999,2019-02-25,2019,Tab.Toblerone Blanco 20x100 grs Pack,0,69.58771929824562,15.206140350877192,1.9784120167014612,19.784120167014613
Walmart,Chocolate,TABLET,WITH ADDITIONS,Toblerone,76222106911100,502,50.2,1016.8830839999998,2019-03-04,2019,Tab.Toblerone Blanco 20x100 grs Pack,0,69.58771929824562,15.206140350877192,2.025663513944223,20.256635139442228
Walmart,Chocolate,TABLET,WITH ADDITIONS,Toblerone,76222106911100,314,31.4,636.59526,2019-03-11,2019,Tab.Toblerone Blanco 20x100 grs Pack,0,69.58771929824562,15.206140350877192,2.027373439490446,20.273734394904462
Walmart,Chocolate,TABLET,WITH ADDITIONS,Toblerone,76222106911100,388,38.8,758.6849759999999,2019-03-18,2019,Tab.Toblerone Blanco 20x100 grs Pack,0,69.58771929824562,15.206140350877192,1.9553736494845357,19.55373649484536
Walmart,Chocolate,TABLET,WITH ADDITIONS,Toblerone,76222106911100,816,81.6,1390.6121039999998,2019-03-25,2019,Tab.Toblerone Blanco 20x100 grs Pack,0,69.58771929824562,15.206140350877192,1.7041814999999998,17.041815
Walmart,Chocolate,TABLET,WITH ADDITIONS,Toblerone,76222106911100,859,85.9,1471.8767279999997,2019-04-01,2019,Tab.Toblerone Blanco 20x100 grs Pack,0,69.58771929824562,15.206140350877192,1.7134769825378344,17.134769825378342
Walmart,Chocolate,TABLET,WITH ADDITIONS,Toblerone,76222106911100,878,87.8,1487.563308,2019-04-08,2019,Tab.Toblerone Blanco 20x100 grs Pack,0,69.58771929824562,15.206140350877192,1.6942634487471526,16.942634487471526
Walmart,Chocolate,TABLET,WITH ADDITIONS,Toblerone,76222106911100,1129,112.9,1924.4970359999998,2019-04-15,2019,Tab.Toblerone Blanco 20x100 grs Pack,0,69.58771929824562,15.206140350877192,1.7046032205491584,17.04603220549158
Walmart,Chocolate,TABLET,WITH ADDITIONS,Toblerone,76222106911100,491,49.1,930.257748,2019-04-22,2019,Tab.Toblerone Blanco 20x100 grs Pack,0,69.58771929824562,15.206140350877192,1.894618631364562,18.94618631364562
