data/sales_data.csv
Retailer,Category,Segment,Sub-Segment,Brand,KNAC-14,Units,Volume,Value,Date,year,SKU,pred_flag,R2,MAPE,Unit Price,Vol Price
Walmart,Chocolate,TABLET,WITH ADDITIONS,Toblerone,76222106911200,661,66.1,1339.6182239999998,2020-04-06,2020,Tab.Toblerone Dark 20x100 grs Pack,0,68.7719298245614,15.614035087719301,2.0266538940998484,20.266538940998487
Walmart,Chocolate,TABLET,WITH ADDITIONS,Toblerone,76222106911200,590,59.0,1194.9175559999999,2020-04-13,2020,Tab.Toblerone Dark 20x100 grs Pack,0,68.7719298245614,15.614035087719301,2.025283993220339,20.252839932203386
Walmart,Chocolate,TABLET,WITH ADDITIONS,Toblerone,76222106911200,659,65.9,1335.3185159999998,2020-04-20,2020,Tab.Toblerone Dark 20x100 grs Pack,0,68.7719298245614,15.614035087719301,2.026279993930197,20.262799939301967
Walmart,Chocolate,TABLET,WITH ADDITIONS,Toblerone,76222106911200,734,73.4,1487.1591839999999,2020-04-27,2020,Tab.Toblerone Dark 20x100 grs Pack,0,68.7719298245614,15.614035087719301,2.026102430517711,20.26102430517711
Walmart,Chocolate,TABLET,WITH ADDITIONS,Toblerone,76222106911200,1276,127.6,2656.0957079999994,2020-05-04,2020,Tab.Toblerone Dark 20x100 grs Pack,0,68.7719298245614,15.614035087719301,2.0815797084639494,20.815797084639495
Walmart,Chocolate,TABLET,WITH ADDITIONS,Toblerone,76222106911200,789,78.9,1655.943072,2020-05-11,2020,Tab.Toblerone Dark 20x100 grs Pack,0,68.7719298245614,15.614035087719301,2.098787163498099,20.987871634980987
Walmart,Chocolate,TABLET,WITH ADDITIONS,Toblerone,76222106911200,1111,111.1,2331.611268,2020-05-18,2020,Tab.Toblerone Dark 20x100 grs Pack,0,68.7719298245614,15.614035087719301,2.09866000720072,20.986600072007203
Walmart,Chocolate,TABLET,WITH ADDITIONS,Toblerone,76222106911200,1125,112.5,2361.020928,2020-05-25,2020,Tab.Toblerone Dark 20x100 grs Pack,0,68.7719298245614,15.614035087719301,2.098685269333333,20.986852693333333
Walmart,Chocolate,TABLET,WITH ADDITIONS,Toblerone,76222106911200,1034,103.4,2169.3761879999997,2020-06-01,2020,Tab.Toblerone Dark 20x100 grs Pack,0,68.7719298245614,15.614035087719301,2.098042735009671,20.980427350096708
Walmart,Chocolate,TABLET,WITH ADDITIONS,Toblerone,76222106911200,1067,106.7,2237.214756,2020-06-08,2020,Tab.Toblerone Dark 20x100 grs Pack,0,68.7719298245614,15.614035087719301,2.0967336044985943,20.96733604498594
Walmart,Chocolate,TABLET,WITH ADDITIONS,Toblerone,76222106911200,1156,115.6,2424.674028,2020-06-15,2020,Tab.Toblerone Dark 20x100 grs Pack,0,68.7719298245614,15.614035087719301,2.097468882352941,20.974688823529412
Walmart,Chocolate,TABLET,WITH ADDITIONS,Toblerone,76222106911200,497,49.7,1043.19684,2020-06-22,2020,Tab.Toblerone Dark 20x100 grs Pack,0,68.7719298245614,15.614035087719301,2.098987605633803,20.98987605633803
Walmart,Chocolate,TABLET,WITH ADDITIONS,Toblerone,76222106911200,935,93.5,1962.9173759999999,2020-06-29,2020,Tab.Toblerone Dark 20x100 grs Pack,0,68.7719298245614,15.614035087719301,2.0993768727272726,20.993768727272727
Walmart,Chocolate,TABLET,WITH ADDITIONS,Toblerone,76222106911200,1044,104.4,2190.89472,2020-07-06,2020,Tab.Toblerone Dark 20x100 grs Pack,0,68.7719298245614,15.614035087719301,2.09855816091954,20.9855816091954
Walmart,Chocolate,TABLET,WITH ADDITIONS,Toblerone,76222106911200,994,99.4,2086.6350119999997,2020-07-13,2020,Tab.Toblerone Dark 20x100 grs Pack,0,68.7719298245614,15.614035087719301,2.099230394366197,20.99230394366197
Walmart,Chocolate,TABLET,WITH ADDITIONS,Toblerone,76222106911200,1021,102.1,2191.5901559999998,2020-07-20,2020,Tab.Toblerone Dark 20x100 grs Pack,0,68.7719298245614,15.614035087719301,2.146513375122429,21.46513375122429
Walmart,Chocolate,TABLET,WITH ADDITIONS,Toblerone,76222106911200,1065,106.5,2241.7472279999997,2020-07-27,2020,Tab.Toblerone Dark 20x100 grs Pack,0,68.7719298245614,15.614035087719301,2.104926974647887,21.04926974647887
Walmart,Chocolate,TABLET,WITH ADDITIONS,Toblerone,76222106911200,1087,108.7,2325.3052199999997,2020-08-03,2020,Tab.Toblerone Dark 20x100 grs Pack,0,68.7719298245614,15.614035087719301,2.1391952345906162,21.391952345906162
Walmart,Chocolate,TABLET,WITH ADDITIONS,Toblerone,76222106911200,1589,158.9,3427.0100759999996,2020-08-10,2020,Tab.Toblerone Dark 20x100 grs Pack,0,68.7719298245614,15.614035087719301,2.156708669603524,21.56708669603524
Walmart,Chocolate,TABLET,WITH ADDITIONS,Toblerone,76222106911200,1053,105.3,2269.0463039999995,2020-08-17,2020,Tab.Toblerone Dark 20x100 grs Pack,0,68.7719298245614,15.614035087719301,2.1548397948717946,21.548397948717945
Walmart,Chocolate,TABLET,WITH ADDITIONS,Toblerone,76222106911200,1071,107.10000000000001,2309.087424,2020-08-24,2020,Tab.Toblerone Dark 20x100 grs Pack,0,68.7719298245614,15.614035087719301,2.1560106666666665,21.560106666666663
Walmart,Chocolate,TABLET,WITH ADDITIONS,Toblerone,76222106911200,908,90.8,1957.8808199999999,2020-08-31,2020,Tab.Toblerone Dark 20x100 grs Pack,0,68.7719298245614,15.614035087719301,2.15625640969163,21.562564096916297
Walmart,Chocolate,TABLET,WITH ADDITIONS,Toblerone,76222106911200,921,92.1,1986.4422479999998,2020-09-07,2020,Tab.Toblerone Dark 20x100 grs Pack,0,68.7719298245614,15.614035087719301,2.156831973941368,21.56831973941368
Walmart,Chocolate,TABLET,WITH ADDITIONS,Toblerone,76222106911200,635,63.5,1368.136812,2020-09-14,2020,Tab.Toblerone Dark 20x100 grs Pack,0,68.7719298245614,15.614035087719301,2.154546160629921,21.545461606299213
Walmart,Chocolate,TABLET,WITH ADDITIONS,Toblerone,76222106911200,914,91.4,1971.1812119999997,2020-09-21,2020,Tab.Toblerone Dark 20x100 grs Pack,0,68.7719298245614,15.614035087719301,2.156653404814004,21.56653404814004
Walmart,Chocolate,TABLET,WITH ADDITIONS,Toblerone,76222106911200,1040,104.0,2242.6568639999996,2020-09-28,2020,Tab.Toblerone Dark 20x100 grs Pack,0,68.7719298245614,15.614035087719301,2.1564008307692304,21.564008307692305
Walmart,Chocolate,TABLET,WITH ADDITIONS,Toblerone,76222106911200,1051,105.1,2265.7076399999996,2020-10-05,2020,Tab.Toblerone Dark 20x100 grs Pack,0,68.7719298245614,15.614035087719301,2.155763691722169,21.557636917221693
Walmart,Chocolate,TABLET,WITH ADDITIONS,Toblerone,76222106911200,920,92.0,1985.76966,2020-10-12,2020,Tab.Toblerone Dark 20x100 grs Pack,0,68.7719298245614,15.614035087719301,2.1584452826086955,21.584452826086956
Walmart,Chocolate,TABLET,WITH ADDITIONS,Toblerone,76222106911200,919,91.9,1981.9026359999998,2020-10-19,2020,Tab.Toblerone Dark 20x100 grs Pack,0,68.7719298245614,15.614035087719301,2.1565861109902067,21.565861109902063
Walmart,Chocolate,TABLET,WITH ADDITIONS,Toblerone,76222106911200,921,92.1,2038.7341799999997,2020-10-26,2020,Tab.Toblerone Dark 20x100 grs Pack,0,68.7719298245614,15.614035087719301,2.2136093159609116,22.136093159609118
Walmart,Chocolate,TABLET,WITH ADDITIONS,Toblerone,76222106911200,637,63.699999999999996,1442.0201039999997,2020-11-02,2020,Tab.Toblerone Dark 20x100 grs Pack,0,68.7719298245614,15.614035087719301,2.2637678241758237,22.637678241758238
Walmart,Chocolate,TABLET,WITH ADDITIONS,Toblerone,76222106911200,588,58.8,1317.442812,2020-11-09,2020,Tab.Toblerone Dark 20x100 grs Pack,0,68.7719298245614,15.614035087719301,2.240549,22.40549
Walmart,Chocolate,TABLET,WITH ADDITIONS,Toblerone,76222106911200,633,63.3,1381.2701279999999,2020-11-16,2020,Tab.Toblerone Dark 20x100 grs Pack,0,68.7719298245614,15.614035087719301,2.182101308056872,21.82101308056872
Walmart,Chocolate,TABLET,WITH ADDITIONS,Toblerone,76222106911200,569,56.9,1263.510108,2020-11-23,2020,Tab.Toblerone Dark 20x100 grs Pack,0,68.7719298245614,15.614035087719301,2.220580154657293,22.205801546572935
Walmart,Chocolate,TABLET,WITH ADDITIONS,Toblerone,76222106911200,663,66.3,1465.6692119999998,2020-11-30,2020,Tab.Toblerone Dark 20x100 grs Pack,0,68.7719298245614,15.614035087719301,2.2106624615384614,22.106624615384614
Walmart,Chocolate,TABLET,WITH ADDITIONS,Toblerone,76222106911200,676,67.6,1536.537996,2020-12-07,2020,Tab.Toblerone Dark 20x100 grs Pack,0,68.7719298245614,15.614035087719301,2.272985201183432,22.72985201183432
Walmart,Chocolate,TABLET,WITH ADDITIONS,Toblerone,76222106911200,1114,111.4,2546.215392,2020-12-14,2020,Tab.Toblerone Dark 20x100 grs Pack,0,68.7719298245614,15.614035087719301,2.2856511597845603,22.8565115978456
Walmart,Chocolate,TABLET,WITH ADDITIONS,Toblerone,76222106911200,2251,225.1,5145.550955999999,2020-12-21,2020,Tab.Toblerone Dark 20x100 grs Pack,0,68.7719298245614,15.614035087719301,2.2858955824078184,22.858955824078183
Walmart,Chocolate,TABLET,WITH ADDITIONS,Toblerone,76222106911200,882,88.2,1988.9212559999999,2020-12-28,2020,Tab.Toblerone Dark 20x100 grs Pack,0,68.7719298245614,15.614035087719301,2.2550127619047617,22.55012761904762
Walmart,Chocolate,TABLET,WITH ADDITIONS,Toblerone,76222106911200,869,86.9,1986.5564879999997,2021-01-04,2021,Tab.Toblerone Dark 20x100 grs Pack,1,68.7719298245614,15.614035087719301,2.286025878020713,22.86025878020713
Walmart,Chocolate,TABLET,WITH ADDITIONS,Toblerone,76222106911200,653,65.3,1486.1567279999997,2021-01-11,2021,Tab.Toblerone Dark 20x100 grs Pack,1,68.7719298245614,15.614035087719301,2.2758908545176104,22.758908545176105
Walmart,Chocolate,TABLET,WITH ADDITIONS,Toblerone,76222106911200,760,76.0,1630.5460919999998,2021-01-18,2021,Tab.Toblerone Dark 20x100 grs Pack,1,68.7719298245614,15.614035087719301,2.145455384210526,21.45455384210526
Walmart,Chocolate,TABLET,WITH ADDITIONS,Toblerone,76222106911200,777,77.7,1762.686072,2021-01-25,2021,Tab.Toblerone Dark 20x100 grs Pack,1,68.7719298245614,15.614035087719301,2.2685792432432432,22.685792432432432
